******************************************************************************
                  TI ARM Linker PC v18.1.2                     
******************************************************************************
>> Linked Fri Jan 25 18:07:09 2019

OUTPUT FILE NAME:   <Lab1.out>
ENTRY POINT SYMBOL: "_c_int00_noargs"  address: 00002479


MEMORY CONFIGURATION

         name            origin    length      used     unused   attr    fill
----------------------  --------  ---------  --------  --------  ----  --------
  FLASH                 00000000   00040000  0000278a  0003d876  R  X
  SRAM                  20000000   00008000  00001058  00006fa8  RW X


SEGMENT ALLOCATION MAP

run origin  load origin   length   init length attrs members
----------  ----------- ---------- ----------- ----- -------
00000000    00000000    00002790   00002790    r-x
  00000000    00000000    0000026c   0000026c    r-- .intvecs
  0000026c    0000026c    000023d0   000023d0    r-x .text
  0000263c    0000263c    0000011e   0000011e    r-- .const
  00002760    00002760    00000030   00000030    r-- .cinit
20000000    20000000    00001058   00000000    rw-
  20000000    20000000    00001000   00000000    rw- .stack
  20001000    20001000    00000054   00000000    rw- .bss
  20001054    20001054    00000004   00000000    rw- .data


SECTION ALLOCATION MAP

 output                                  attributes/
section   page    origin      length       input sections
--------  ----  ----------  ----------   ----------------
.intvecs   0    00000000    0000026c     
                  00000000    0000026c     tm4c123gh6pm_startup_ccs.obj (.intvecs)

.text      0    0000026c    000023d0     
                  0000026c    00000a5e     rtsv7M4_T_le_v4SPD16_eabi.lib : _printfi.c.obj (.text:__TI_printfi)
                  00000cca    00000002                                   : div0.asm.obj (.text)
                  00000ccc    000003c4     lcd.obj (.text)
                  00001090    00000270     rtsv7M4_T_le_v4SPD16_eabi.lib : _printfi.c.obj (.text:_pconv_a)
                  00001300    000001d0                                   : _printfi.c.obj (.text:_pconv_g)
                  000014d0    000001b6                                   : fd_add_t2.asm.obj (.text)
                  00001686    00000002     --HOLE-- [fill = 0]
                  00001688    00000158     timer.obj (.text)
                  000017e0    0000013c     rtsv7M4_T_le_v4SPD16_eabi.lib : _printfi.c.obj (.text:_pconv_e)
                  0000191c    00000136                                   : fd_div_t2.asm.obj (.text)
                  00001a52    00000002     --HOLE-- [fill = 0]
                  00001a54    00000120                                   : _printfi.c.obj (.text:fcvt)
                  00001b74    00000110                                   : s_scalbn.c.obj (.text:scalbn)
                  00001c84    000000fc                                   : fd_mul_t2.asm.obj (.text)
                  00001d80    000000b1                                   : _printfi.c.obj (.text:_ltostr)
                  00001e31    00000001     --HOLE-- [fill = 0]
                  00001e32    0000009c                                   : memcpy_t2.asm.obj (.text)
                  00001ece    00000096                                   : ull_div_t2.asm.obj (.text)
                  00001f64    00000086                                   : fd_cmp_t2.asm.obj (.text:__aeabi_cdcmple)
                  00001fea    00000086                                   : fd_cmp_t2.asm.obj (.text:__aeabi_cdrcmple)
                  00002070    0000007a                                   : memset_t2.asm.obj (.text)
                  000020ea    0000006e                                   : _printfi.c.obj (.text:_mcpy)
                  00002158    00000068                                   : copy_decompress_lzss.c.obj (.text:decompress:lzss:__TI_decompress_lzss)
                  000021c0    00000064                                   : s_frexp.c.obj (.text:frexp)
                  00002224    00000056                                   : _printfi.c.obj (.text:_pconv_f)
                  0000227a    00000054                                   : ltoa.c.obj (.text:ltoa)
                  000022ce    00000052                                   : _printfi.c.obj (.text:_ecpy)
                  00002320    0000004c                                   : atoi.c.obj (.text:atoi)
                  0000236c    00000048                                   : fd_toi_t2.asm.obj (.text)
                  000023b4    00000044                                   : autoinit.c.obj (.text:__TI_auto_init_nobinit_nopinit:__TI_auto_init_nobinit_nopinit)
                  000023f8    00000040                                   : vsnprintf.c.obj (.text:vsnprintf)
                  00002438    0000003e                                   : _printfi.c.obj (.text:_fcpy)
                  00002476    00000002     --HOLE-- [fill = 0]
                  00002478    00000038                                   : boot_cortex_m.c.obj (.text:_c_int00_noargs:_c_int00_noargs)
                  000024b0    00000032     l1_main.obj (.text)
                  000024e2    00000030     rtsv7M4_T_le_v4SPD16_eabi.lib : vsnprintf.c.obj (.text:_outs)
                  00002512    0000002e                                   : i_tofd_t2.asm.obj (.text)
                  00002540    0000001c                                   : memccpy.c.obj (.text:memccpy)
                  0000255c    00000018                                   : vsnprintf.c.obj (.text:_outc)
                  00002574    00000018                                   : strcmp.c.obj (.text:strcmp)
                  0000258c    00000016                                   : strchr.c.obj (.text:strchr)
                  000025a2    00000014                                   : s_copysign.c.obj (.text:copysign)
                  000025b6    00000014                                   : strcpy.c.obj (.text:strcpy)
                  000025ca    00000014                                   : strlen.c.obj (.text:strlen)
                  000025de    00000012                                   : copy_zero_init.c.obj (.text:decompress:ZI:__TI_zero_init_nomemset:__TI_zero_init_nomemset)
                  000025f0    00000012                                   : wcslen.c.obj (.text:wcslen)
                  00002602    00000010     lcd.obj (.text:lcd_clear)
                  00002612    0000000e     rtsv7M4_T_le_v4SPD16_eabi.lib : copy_decompress_none.c.obj (.text:decompress:none:__TI_decompress_none)
                  00002620    0000000c     tm4c123gh6pm_startup_ccs.obj (.text)
                  0000262c    00000008     rtsv7M4_T_le_v4SPD16_eabi.lib : errno.c.obj (.text:__aeabi_errno_addr)
                  00002634    00000004                                   : pre_init.c.obj (.text:_system_pre_init)
                  00002638    00000004                                   : exit.c.obj (.text:abort:abort)

.const     0    0000263c    0000011e     
                  0000263c    00000101     rtsv7M4_T_le_v4SPD16_eabi.lib : ctype.c.obj (.const:.string:_ctypes_)
                  0000273d    00000015     lcd.obj (.const:.string:$P$T0$4)
                  00002752    00000004     lcd.obj (.const:.string:lineAddress$1)
                  00002756    00000004     lcd.obj (.const:.string:lineAddresses$2)

.cinit     0    00002760    00000030     
                  00002760    0000000c     (__TI_handler_table)
                  0000276c    00000004     --HOLE-- [fill = 0]
                  00002770    00000008     (.cinit..bss.load) [load image, compression = zero_init]
                  00002778    00000007     (.cinit..data.load) [load image, compression = lzss]
                  0000277f    00000001     --HOLE-- [fill = 0]
                  00002780    00000010     (__TI_cinit_table)

.init_array 
*          0    00000000    00000000     UNINITIALIZED

.bss       0    20001000    00000054     UNINITIALIZED
                  20001000    00000054     lcd.obj (.bss:lastbuffer$3)

.data      0    20001054    00000004     UNINITIALIZED
                  20001054    00000004     rtsv7M4_T_le_v4SPD16_eabi.lib : errno.c.obj (.data)

.stack     0    20000000    00001000     UNINITIALIZED
                  20000000    00000004     rtsv7M4_T_le_v4SPD16_eabi.lib : boot_cortex_m.c.obj (.stack)
                  20000004    00000ffc     --HOLE--

MODULE SUMMARY

       Module                         code   ro data   rw data
       ------                         ----   -------   -------
    .\
       lcd.obj                        980    29        84     
       tm4c123gh6pm_startup_ccs.obj   12     620       0      
       timer.obj                      344    0         0      
       l1_main.obj                    50     0         0      
    +--+------------------------------+------+---------+---------+
       Total:                         1386   649       84     
                                                              
    C:\ti\ccsv8\tools\compiler\ti-cgt-arm_18.1.2.LTS\lib\rtsv7M4_T_le_v4SPD16_eabi.lib
       _printfi.c.obj                 4863   0         0      
       fd_add_t2.asm.obj              438    0         0      
       fd_div_t2.asm.obj              310    0         0      
       s_scalbn.c.obj                 272    0         0      
       fd_cmp_t2.asm.obj              268    0         0      
       ctype.c.obj                    0      257       0      
       fd_mul_t2.asm.obj              252    0         0      
       memcpy_t2.asm.obj              156    0         0      
       ull_div_t2.asm.obj             150    0         0      
       vsnprintf.c.obj                136    0         0      
       memset_t2.asm.obj              122    0         0      
       copy_decompress_lzss.c.obj     104    0         0      
       s_frexp.c.obj                  100    0         0      
       ltoa.c.obj                     84     0         0      
       atoi.c.obj                     76     0         0      
       fd_toi_t2.asm.obj              72     0         0      
       autoinit.c.obj                 68     0         0      
       boot_cortex_m.c.obj            56     0         0      
       i_tofd_t2.asm.obj              46     0         0      
       memccpy.c.obj                  28     0         0      
       strcmp.c.obj                   24     0         0      
       strchr.c.obj                   22     0         0      
       s_copysign.c.obj               20     0         0      
       strcpy.c.obj                   20     0         0      
       strlen.c.obj                   20     0         0      
       copy_zero_init.c.obj           18     0         0      
       wcslen.c.obj                   18     0         0      
       copy_decompress_none.c.obj     14     0         0      
       errno.c.obj                    8      0         4      
       exit.c.obj                     4      0         0      
       pre_init.c.obj                 4      0         0      
       div0.asm.obj                   2      0         0      
    +--+------------------------------+------+---------+---------+
       Total:                         7775   257       4      
                                                              
       Stack:                         0      0         4096   
       Linker Generated:              0      43        0      
    +--+------------------------------+------+---------+---------+
       Grand Total:                   9161   949       4184   


LINKER GENERATED COPY TABLES

__TI_cinit_table @ 00002780 records: 2, size/record: 8, table size: 16
	.bss: load addr=00002770, load size=00000008 bytes, run addr=20001000, run size=00000054 bytes, compression=zero_init
	.data: load addr=00002778, load size=00000007 bytes, run addr=20001054, run size=00000004 bytes, compression=lzss


LINKER GENERATED HANDLER TABLE

__TI_handler_table @ 00002760 records: 3, size/record: 4, table size: 12
	index: 0, handler: __TI_decompress_lzss
	index: 1, handler: __TI_decompress_none
	index: 2, handler: __TI_zero_init


GLOBAL SYMBOLS: SORTED ALPHABETICALLY BY Name 

address   name                          
-------   ----                          
00002639  C$$EXIT                       
00002621  ResetISR                      
20001000  __STACK_END                   
00001000  __STACK_SIZE                  
20000200  __STACK_TOP                   
00002780  __TI_CINIT_Base               
00002790  __TI_CINIT_Limit              
00002760  __TI_Handler_Table_Base       
0000276c  __TI_Handler_Table_Limit      
000023b5  __TI_auto_init_nobinit_nopinit
00002159  __TI_decompress_lzss          
00002613  __TI_decompress_none          
ffffffff  __TI_pprof_out_hndl           
0000026d  __TI_printfi                  
ffffffff  __TI_prof_data_size           
ffffffff  __TI_prof_data_start          
00000000  __TI_static_base__            
000025df  __TI_zero_init_nomemset       
00001f65  __aeabi_cdcmpeq               
00001f65  __aeabi_cdcmple               
00001feb  __aeabi_cdrcmple              
0000236d  __aeabi_d2iz                  
000014db  __aeabi_dadd                  
0000191d  __aeabi_ddiv                  
00001c85  __aeabi_dmul                  
000014d1  __aeabi_dsub                  
0000262d  __aeabi_errno_addr            
00002513  __aeabi_i2d                   
00000ccb  __aeabi_idiv0                 
00000ccb  __aeabi_ldiv0                 
00002071  __aeabi_memclr                
00002071  __aeabi_memclr4               
00002071  __aeabi_memclr8               
00001e33  __aeabi_memcpy                
00001e33  __aeabi_memcpy4               
00001e33  __aeabi_memcpy8               
00002073  __aeabi_memset                
00002073  __aeabi_memset4               
00002073  __aeabi_memset8               
00001ecf  __aeabi_uldivmod              
ffffffff  __binit__                     
ffffffff  __c_args__                    
UNDEFED   __mpu_init                    
20000000  __stack                       
00002479  _c_int00_noargs               
0000263c  _ctypes_                      
UNDEFED   _system_post_cinit            
00002635  _system_pre_init              
00002639  abort                         
00002321  atoi                          
ffffffff  binit                         
000025a3  copysign                      
000025a3  copysignl                     
20001054  errno                         
000021c1  frexp                         
000021c1  frexpl                        
00000000  g_pfnVectors                  
00001021  lcd_banner_effect             
00002603  lcd_clear                     
00000e65  lcd_gotoLine                  
00000ccd  lcd_init                      
00000ecb  lcd_printf                    
00000d8d  lcd_putc                      
00000dc5  lcd_puts                      
00000f9d  lcd_rotatingBanner            
00000de3  lcd_sendCommand               
00000e21  lcd_sendNibble                
00000e8d  lcd_setCursorPos              
00001b75  ldexp                         
00001b75  ldexpl                        
0000105b  length                        
0000227b  ltoa                          
000024b1  main                          
00002541  memccpy                       
00001e33  memcpy                        
00002079  memset                        
00001b75  scalbn                        
00001b75  scalbnl                       
0000258d  strchr                        
00002575  strcmp                        
000025b7  strcpy                        
000025cb  strlen                        
00001799  timer_getClock                
0000174d  timer_startClock              
000016e7  timer_startTimer              
0000179f  timer_stopClock               
00001737  timer_stopTimer               
000016bd  timer_waitMicros              
00001689  timer_waitMillis              
000023f9  vsnprintf                     
000025f1  wcslen                        


GLOBAL SYMBOLS: SORTED BY Symbol Address 

address   name                          
-------   ----                          
00000000  __TI_static_base__            
00000000  g_pfnVectors                  
0000026d  __TI_printfi                  
00000ccb  __aeabi_idiv0                 
00000ccb  __aeabi_ldiv0                 
00000ccd  lcd_init                      
00000d8d  lcd_putc                      
00000dc5  lcd_puts                      
00000de3  lcd_sendCommand               
00000e21  lcd_sendNibble                
00000e65  lcd_gotoLine                  
00000e8d  lcd_setCursorPos              
00000ecb  lcd_printf                    
00000f9d  lcd_rotatingBanner            
00001000  __STACK_SIZE                  
00001021  lcd_banner_effect             
0000105b  length                        
000014d1  __aeabi_dsub                  
000014db  __aeabi_dadd                  
00001689  timer_waitMillis              
000016bd  timer_waitMicros              
000016e7  timer_startTimer              
00001737  timer_stopTimer               
0000174d  timer_startClock              
00001799  timer_getClock                
0000179f  timer_stopClock               
0000191d  __aeabi_ddiv                  
00001b75  ldexp                         
00001b75  ldexpl                        
00001b75  scalbn                        
00001b75  scalbnl                       
00001c85  __aeabi_dmul                  
00001e33  __aeabi_memcpy                
00001e33  __aeabi_memcpy4               
00001e33  __aeabi_memcpy8               
00001e33  memcpy                        
00001ecf  __aeabi_uldivmod              
00001f65  __aeabi_cdcmpeq               
00001f65  __aeabi_cdcmple               
00001feb  __aeabi_cdrcmple              
00002071  __aeabi_memclr                
00002071  __aeabi_memclr4               
00002071  __aeabi_memclr8               
00002073  __aeabi_memset                
00002073  __aeabi_memset4               
00002073  __aeabi_memset8               
00002079  memset                        
00002159  __TI_decompress_lzss          
000021c1  frexp                         
000021c1  frexpl                        
0000227b  ltoa                          
00002321  atoi                          
0000236d  __aeabi_d2iz                  
000023b5  __TI_auto_init_nobinit_nopinit
000023f9  vsnprintf                     
00002479  _c_int00_noargs               
000024b1  main                          
00002513  __aeabi_i2d                   
00002541  memccpy                       
00002575  strcmp                        
0000258d  strchr                        
000025a3  copysign                      
000025a3  copysignl                     
000025b7  strcpy                        
000025cb  strlen                        
000025df  __TI_zero_init_nomemset       
000025f1  wcslen                        
00002603  lcd_clear                     
00002613  __TI_decompress_none          
00002621  ResetISR                      
0000262d  __aeabi_errno_addr            
00002635  _system_pre_init              
00002639  C$$EXIT                       
00002639  abort                         
0000263c  _ctypes_                      
00002760  __TI_Handler_Table_Base       
0000276c  __TI_Handler_Table_Limit      
00002780  __TI_CINIT_Base               
00002790  __TI_CINIT_Limit              
20000000  __stack                       
20000200  __STACK_TOP                   
20001000  __STACK_END                   
20001054  errno                         
ffffffff  __TI_pprof_out_hndl           
ffffffff  __TI_prof_data_size           
ffffffff  __TI_prof_data_start          
ffffffff  __binit__                     
ffffffff  __c_args__                    
ffffffff  binit                         
UNDEFED   __mpu_init                    
UNDEFED   _system_post_cinit            

[91 symbols]
