******************************************************************************
                  TI ARM Linker PC v18.1.2                     
******************************************************************************
>> Linked Tue Feb  5 16:07:47 2019

OUTPUT FILE NAME:   <Lab2.out>
ENTRY POINT SYMBOL: "_c_int00_noargs"  address: 00003261


MEMORY CONFIGURATION

         name            origin    length      used     unused   attr    fill
----------------------  --------  ---------  --------  --------  ----  --------
  FLASH                 00000000   00040000  00003689  0003c977  R  X
  SRAM                  20000000   00008000  00002300  00005d00  RW X


SEGMENT ALLOCATION MAP

run origin  load origin   length   init length attrs members
----------  ----------- ---------- ----------- ----- -------
00000000    00000000    00003690   00003690    r-x
  00000000    00000000    0000026c   0000026c    r-- .intvecs
  0000026c    0000026c    000032a0   000032a0    r-x .text
  0000350c    0000350c    0000012d   0000012d    r-- .const
  00003640    00003640    00000050   00000050    r-- .cinit
20000000    20000000    00002304   00000000    rw-
  20000000    20000000    0000026c   00000000    rw- .vtable
  20000270    20000270    00001000   00000000    rw- .stack
  20001270    20001270    00001000   00000000    rw- .sysmem
  20002270    20002270    0000006c   00000000    rw- .bss
  200022dc    200022dc    00000028   00000000    rw- .data


SECTION ALLOCATION MAP

 output                                  attributes/
section   page    origin      length       input sections
--------  ----  ----------  ----------   ----------------
.intvecs   0    00000000    0000026c     
                  00000000    0000026c     tm4c123gh6pm_startup_ccs.obj (.intvecs)

.text      0    0000026c    000032a0     
                  0000026c    00000a88     open_interface.obj (.text)
                  00000cf4    00000a5e     rtsv7M4_T_le_v4SPD16_eabi.lib : _printfi.c.obj (.text:__TI_printfi)
                  00001752    00000002                                   : _lock.c.obj (.text:_nop)
                  00001754    000003c4     lcd.obj (.text)
                  00001b18    00000270     rtsv7M4_T_le_v4SPD16_eabi.lib : _printfi.c.obj (.text:_pconv_a)
                  00001d88    000001d0                                   : _printfi.c.obj (.text:_pconv_g)
                  00001f58    000001d0     movement.obj (.text)
                  00002128    000001b6     rtsv7M4_T_le_v4SPD16_eabi.lib : fd_add_t2.asm.obj (.text)
                  000022de    00000002                                   : div0.asm.obj (.text)
                  000022e0    00000158     timer.obj (.text)
                  00002438    0000013c     rtsv7M4_T_le_v4SPD16_eabi.lib : _printfi.c.obj (.text:_pconv_e)
                  00002574    00000136                                   : fd_div_t2.asm.obj (.text)
                  000026aa    00000002     --HOLE-- [fill = 0]
                  000026ac    00000120                                   : _printfi.c.obj (.text:fcvt)
                  000027cc    00000110                                   : s_scalbn.c.obj (.text:scalbn)
                  000028dc    000000fc                                   : fd_mul_t2.asm.obj (.text)
                  000029d8    000000d8                                   : memory.c.obj (.text:free)
                  00002ab0    000000b1                                   : _printfi.c.obj (.text:_ltostr)
                  00002b61    00000001     --HOLE-- [fill = 0]
                  00002b62    0000009c                                   : memcpy_t2.asm.obj (.text)
                  00002bfe    00000096                                   : ull_div_t2.asm.obj (.text)
                  00002c94    00000086                                   : fd_cmp_t2.asm.obj (.text:__aeabi_cdcmple)
                  00002d1a    00000086                                   : fd_cmp_t2.asm.obj (.text:__aeabi_cdrcmple)
                  00002da0    0000007a                                   : memset_t2.asm.obj (.text)
                  00002e1a    00000002     --HOLE-- [fill = 0]
                  00002e1c    00000078                                   : memory.c.obj (.text:malloc)
                  00002e94    0000006e                                   : _printfi.c.obj (.text:_mcpy)
                  00002f02    00000068                                   : copy_decompress_lzss.c.obj (.text:decompress:lzss:__TI_decompress_lzss)
                  00002f6a    00000002     --HOLE-- [fill = 0]
                  00002f6c    00000064                                   : s_frexp.c.obj (.text:frexp)
                  00002fd0    00000056                                   : _printfi.c.obj (.text:_pconv_f)
                  00003026    00000054                                   : ltoa.c.obj (.text:ltoa)
                  0000307a    00000052                                   : _printfi.c.obj (.text:_ecpy)
                  000030cc    0000004c                                   : atoi.c.obj (.text:atoi)
                  00003118    00000048                                   : fd_toi_t2.asm.obj (.text)
                  00003160    00000044                                   : autoinit.c.obj (.text:__TI_auto_init_nobinit_nopinit:__TI_auto_init_nobinit_nopinit)
                  000031a4    00000040                                   : vsnprintf.c.obj (.text:vsnprintf)
                  000031e4    0000003e                                   : _printfi.c.obj (.text:_fcpy)
                  00003222    00000002     --HOLE-- [fill = 0]
                  00003224    0000003c                                   : memory.c.obj (.text:minsert)
                  00003260    00000038                                   : boot_cortex_m.c.obj (.text:_c_int00_noargs:_c_int00_noargs)
                  00003298    00000038                                   : memory.c.obj (.text:minit)
                  000032d0    00000034     driverlib.lib : interrupt.obj (.text:IntRegister)
                  00003304    00000030     rtsv7M4_T_le_v4SPD16_eabi.lib : vsnprintf.c.obj (.text:_outs)
                  00003334    0000002e                                   : i_tofd_t2.asm.obj (.text)
                  00003362    0000002a                                   : memory.c.obj (.text:calloc)
                  0000338c    00000028                                   : memory.c.obj (.text:mremove)
                  000033b4    00000026     l1_main.obj (.text)
                  000033da    0000001c     rtsv7M4_T_le_v4SPD16_eabi.lib : memccpy.c.obj (.text:memccpy)
                  000033f6    00000018                                   : vsnprintf.c.obj (.text:_outc)
                  0000340e    00000018     open_interface.obj (.text:oi_parseInt)
                  00003426    00000018     rtsv7M4_T_le_v4SPD16_eabi.lib : strcmp.c.obj (.text:strcmp)
                  0000343e    00000016                                   : strchr.c.obj (.text:strchr)
                  00003454    00000014                                   : s_copysign.c.obj (.text:copysign)
                  00003468    00000014                                   : strcpy.c.obj (.text:strcpy)
                  0000347c    00000014                                   : strlen.c.obj (.text:strlen)
                  00003490    00000012                                   : copy_zero_init.c.obj (.text:decompress:ZI:__TI_zero_init_nomemset:__TI_zero_init_nomemset)
                  000034a2    00000012                                   : wcslen.c.obj (.text:wcslen)
                  000034b4    00000010     driverlib.lib : interrupt.obj (.text:IntMasterEnable)
                  000034c4    00000010     lcd.obj (.text:lcd_clear)
                  000034d4    0000000e     rtsv7M4_T_le_v4SPD16_eabi.lib : copy_decompress_none.c.obj (.text:decompress:none:__TI_decompress_none)
                  000034e2    0000000c     driverlib.lib : cpu.obj (.text:CPUcpsie)
                  000034ee    0000000c     tm4c123gh6pm_startup_ccs.obj (.text)
                  000034fa    00000002     --HOLE-- [fill = 0]
                  000034fc    00000008     rtsv7M4_T_le_v4SPD16_eabi.lib : errno.c.obj (.text:__aeabi_errno_addr)
                  00003504    00000004                                   : pre_init.c.obj (.text:_system_pre_init)
                  00003508    00000004                                   : exit.c.obj (.text:abort:abort)

.const     0    0000350c    0000012d     
                  0000350c    00000101     rtsv7M4_T_le_v4SPD16_eabi.lib : ctype.c.obj (.const:.string:_ctypes_)
                  0000360d    00000015     lcd.obj (.const:.string:$P$T0$4)
                  00003622    0000000f     open_interface.obj (.const:.string:$P$T0$3)
                  00003631    00000004     lcd.obj (.const:.string:lineAddress$1)
                  00003635    00000004     lcd.obj (.const:.string:lineAddresses$2)

.cinit     0    00003640    00000050     
                  00003640    00000018     (.cinit..data.load) [load image, compression = lzss]
                  00003658    0000000c     (__TI_handler_table)
                  00003664    00000004     --HOLE-- [fill = 0]
                  00003668    00000008     (.cinit..bss.load) [load image, compression = zero_init]
                  00003670    00000008     (.cinit..vtable.load) [load image, compression = zero_init]
                  00003678    00000018     (__TI_cinit_table)

.init_array 
*          0    00000000    00000000     UNINITIALIZED

.vtable    0    20000000    0000026c     UNINITIALIZED
                  20000000    0000026c     driverlib.lib : interrupt.obj (.vtable)

.stack     0    20000270    00001000     UNINITIALIZED
                  20000270    00000004     rtsv7M4_T_le_v4SPD16_eabi.lib : boot_cortex_m.c.obj (.stack)
                  20000274    00000ffc     --HOLE--

.sysmem    0    20001270    00001000     UNINITIALIZED
                  20001270    00000008     rtsv7M4_T_le_v4SPD16_eabi.lib : memory.c.obj (.sysmem)
                  20001278    00000ff8     --HOLE--

.bss       0    20002270    0000006c     UNINITIALIZED
                  20002270    00000054     lcd.obj (.bss:lastbuffer$3)
                  200022c4    00000018     open_interface.obj (.bss:firmware$2)

.data      0    200022dc    00000028     UNINITIALIZED
                  200022dc    00000010     open_interface.obj (.data)
                  200022ec    0000000c     rtsv7M4_T_le_v4SPD16_eabi.lib : memory.c.obj (.data:$O1$$)
                  200022f8    00000008                                   : _lock.c.obj (.data:$O1$$)
                  20002300    00000004                                   : errno.c.obj (.data)

MODULE SUMMARY

       Module                         code    ro data   rw data
       ------                         ----    -------   -------
    .\
       open_interface.obj             2720    15        40     
       lcd.obj                        980     29        84     
       tm4c123gh6pm_startup_ccs.obj   12      620       0      
       movement.obj                   464     0         0      
       timer.obj                      344     0         0      
       l1_main.obj                    38      0         0      
    +--+------------------------------+-------+---------+---------+
       Total:                         4558    664       124    
                                                               
    C:/ti/TivaWare_C_Series-2.1.4.178/driverlib/ccs/Debug/driverlib.lib
       interrupt.obj                  68      0         620    
       cpu.obj                        12      0         0      
    +--+------------------------------+-------+---------+---------+
       Total:                         80      0         620    
                                                               
    C:\ti\ccsv8\tools\compiler\ti-cgt-arm_18.1.2.LTS\lib\rtsv7M4_T_le_v4SPD16_eabi.lib
       _printfi.c.obj                 4863    0         0      
       memory.c.obj                   534     0         12     
       fd_add_t2.asm.obj              438     0         0      
       fd_div_t2.asm.obj              310     0         0      
       s_scalbn.c.obj                 272     0         0      
       fd_cmp_t2.asm.obj              268     0         0      
       ctype.c.obj                    0       257       0      
       fd_mul_t2.asm.obj              252     0         0      
       memcpy_t2.asm.obj              156     0         0      
       ull_div_t2.asm.obj             150     0         0      
       vsnprintf.c.obj                136     0         0      
       memset_t2.asm.obj              122     0         0      
       copy_decompress_lzss.c.obj     104     0         0      
       s_frexp.c.obj                  100     0         0      
       ltoa.c.obj                     84      0         0      
       atoi.c.obj                     76      0         0      
       fd_toi_t2.asm.obj              72      0         0      
       autoinit.c.obj                 68      0         0      
       boot_cortex_m.c.obj            56      0         0      
       i_tofd_t2.asm.obj              46      0         0      
       memccpy.c.obj                  28      0         0      
       strcmp.c.obj                   24      0         0      
       strchr.c.obj                   22      0         0      
       s_copysign.c.obj               20      0         0      
       strcpy.c.obj                   20      0         0      
       strlen.c.obj                   20      0         0      
       copy_zero_init.c.obj           18      0         0      
       wcslen.c.obj                   18      0         0      
       copy_decompress_none.c.obj     14      0         0      
       errno.c.obj                    8       0         4      
       _lock.c.obj                    2       0         8      
       exit.c.obj                     4       0         0      
       pre_init.c.obj                 4       0         0      
       div0.asm.obj                   2       0         0      
    +--+------------------------------+-------+---------+---------+
       Total:                         8311    257       24     
                                                               
       Heap:                          0       0         4096   
       Stack:                         0       0         4096   
       Linker Generated:              0       76        0      
    +--+------------------------------+-------+---------+---------+
       Grand Total:                   12949   997       8960   


LINKER GENERATED COPY TABLES

__TI_cinit_table @ 00003678 records: 3, size/record: 8, table size: 24
	.data: load addr=00003640, load size=00000018 bytes, run addr=200022dc, run size=00000028 bytes, compression=lzss
	.bss: load addr=00003668, load size=00000008 bytes, run addr=20002270, run size=0000006c bytes, compression=zero_init
	.vtable: load addr=00003670, load size=00000008 bytes, run addr=20000000, run size=0000026c bytes, compression=zero_init


LINKER GENERATED HANDLER TABLE

__TI_handler_table @ 00003658 records: 3, size/record: 4, table size: 12
	index: 0, handler: __TI_zero_init
	index: 1, handler: __TI_decompress_lzss
	index: 2, handler: __TI_decompress_none


GLOBAL SYMBOLS: SORTED ALPHABETICALLY BY Name 

address   name                          
-------   ----                          
00003509  C$$EXIT                       
000034e3  CPUcpsie                      
00000b65  GPIOF_Handler                 
000034b5  IntMasterEnable               
000032d1  IntRegister                   
000034ef  ResetISR                      
20001270  __STACK_END                   
00001000  __STACK_SIZE                  
20000470  __STACK_TOP                   
00001000  __SYSMEM_SIZE                 
00003678  __TI_CINIT_Base               
00003690  __TI_CINIT_Limit              
00003658  __TI_Handler_Table_Base       
00003664  __TI_Handler_Table_Limit      
00003161  __TI_auto_init_nobinit_nopinit
00002f03  __TI_decompress_lzss          
000034d5  __TI_decompress_none          
ffffffff  __TI_pprof_out_hndl           
00000cf5  __TI_printfi                  
ffffffff  __TI_prof_data_size           
ffffffff  __TI_prof_data_start          
00000000  __TI_static_base__            
00003491  __TI_zero_init_nomemset       
00002c95  __aeabi_cdcmpeq               
00002c95  __aeabi_cdcmple               
00002d1b  __aeabi_cdrcmple              
00003119  __aeabi_d2iz                  
00002133  __aeabi_dadd                  
00002575  __aeabi_ddiv                  
000028dd  __aeabi_dmul                  
00002129  __aeabi_dsub                  
000034fd  __aeabi_errno_addr            
00003335  __aeabi_i2d                   
000022df  __aeabi_idiv0                 
000022df  __aeabi_ldiv0                 
00002da1  __aeabi_memclr                
00002da1  __aeabi_memclr4               
00002da1  __aeabi_memclr8               
00002b63  __aeabi_memcpy                
00002b63  __aeabi_memcpy4               
00002b63  __aeabi_memcpy8               
00002da3  __aeabi_memset                
00002da3  __aeabi_memset4               
00002da3  __aeabi_memset8               
00002bff  __aeabi_uldivmod              
ffffffff  __binit__                     
ffffffff  __c_args__                    
UNDEFED   __mpu_init                    
20000270  __stack                       
00003261  _c_int00_noargs               
0000350c  _ctypes_                      
200022f8  _lock                         
00001753  _nop                          
20001270  _sys_memory                   
UNDEFED   _system_post_cinit            
00003505  _system_pre_init              
200022fc  _unlock                       
00003509  abort                         
000030cd  atoi                          
ffffffff  binit                         
00003363  calloc                        
00003455  copysign                      
00003455  copysignl                     
20002300  errno                         
000029d9  free                          
00002f6d  frexp                         
00002f6d  frexpl                        
20000000  g_pfnRAMVectors               
00000000  g_pfnVectors                  
00000b7f  getDegrees                    
00000921  go_charge                     
00001aa9  lcd_banner_effect             
000034c5  lcd_clear                     
000018ed  lcd_gotoLine                  
00001755  lcd_init                      
00001953  lcd_printf                    
00001815  lcd_putc                      
0000184d  lcd_puts                      
00001a25  lcd_rotatingBanner            
0000186b  lcd_sendCommand               
000018a9  lcd_sendNibble                
00001915  lcd_setCursorPos              
000027cd  ldexp                         
000027cd  ldexpl                        
00001ae3  length                        
00003027  ltoa                          
000033b5  main                          
00002e1d  malloc                        
000033db  memccpy                       
00002b63  memcpy                        
00002da9  memset                        
00003299  minit                         
00002025  move_backward                 
00001f59  move_forward                  
0000206b  move_with_collision           
0000026d  oi_alloc                      
00000a4b  oi_checkFirmware              
000002c3  oi_close                      
00000279  oi_free                       
000002ad  oi_init                       
00000289  oi_init_noupdate              
000008b7  oi_loadSong                   
0000340f  oi_parseInt                   
00000327  oi_parsePacket                
0000090d  oi_play_song                  
00000831  oi_setLeds                    
00000875  oi_setWheels                  
00000af3  oi_shutoff_init               
0000092f  oi_uartInit                   
000009d3  oi_uartReceive                
00000a19  oi_uartSendBuff               
000009b7  oi_uartSendChar               
000009fb  oi_uartSendStr                
000002d5  oi_update                     
000027cd  scalbn                        
000027cd  scalbnl                       
0000343f  strchr                        
00003427  strcmp                        
00003469  strcpy                        
0000347d  strlen                        
000023f1  timer_getClock                
000023a5  timer_startClock              
0000233f  timer_startTimer              
000023f7  timer_stopClock               
0000238f  timer_stopTimer               
00002315  timer_waitMicros              
000022e1  timer_waitMillis              
00001fe7  turn_left                     
00001fa9  turn_right                    
000031a5  vsnprintf                     
000034a3  wcslen                        


GLOBAL SYMBOLS: SORTED BY Symbol Address 

address   name                          
-------   ----                          
00000000  __TI_static_base__            
00000000  g_pfnVectors                  
0000026d  oi_alloc                      
00000279  oi_free                       
00000289  oi_init_noupdate              
000002ad  oi_init                       
000002c3  oi_close                      
000002d5  oi_update                     
00000327  oi_parsePacket                
00000831  oi_setLeds                    
00000875  oi_setWheels                  
000008b7  oi_loadSong                   
0000090d  oi_play_song                  
00000921  go_charge                     
0000092f  oi_uartInit                   
000009b7  oi_uartSendChar               
000009d3  oi_uartReceive                
000009fb  oi_uartSendStr                
00000a19  oi_uartSendBuff               
00000a4b  oi_checkFirmware              
00000af3  oi_shutoff_init               
00000b65  GPIOF_Handler                 
00000b7f  getDegrees                    
00000cf5  __TI_printfi                  
00001000  __STACK_SIZE                  
00001000  __SYSMEM_SIZE                 
00001753  _nop                          
00001755  lcd_init                      
00001815  lcd_putc                      
0000184d  lcd_puts                      
0000186b  lcd_sendCommand               
000018a9  lcd_sendNibble                
000018ed  lcd_gotoLine                  
00001915  lcd_setCursorPos              
00001953  lcd_printf                    
00001a25  lcd_rotatingBanner            
00001aa9  lcd_banner_effect             
00001ae3  length                        
00001f59  move_forward                  
00001fa9  turn_right                    
00001fe7  turn_left                     
00002025  move_backward                 
0000206b  move_with_collision           
00002129  __aeabi_dsub                  
00002133  __aeabi_dadd                  
000022df  __aeabi_idiv0                 
000022df  __aeabi_ldiv0                 
000022e1  timer_waitMillis              
00002315  timer_waitMicros              
0000233f  timer_startTimer              
0000238f  timer_stopTimer               
000023a5  timer_startClock              
000023f1  timer_getClock                
000023f7  timer_stopClock               
00002575  __aeabi_ddiv                  
000027cd  ldexp                         
000027cd  ldexpl                        
000027cd  scalbn                        
000027cd  scalbnl                       
000028dd  __aeabi_dmul                  
000029d9  free                          
00002b63  __aeabi_memcpy                
00002b63  __aeabi_memcpy4               
00002b63  __aeabi_memcpy8               
00002b63  memcpy                        
00002bff  __aeabi_uldivmod              
00002c95  __aeabi_cdcmpeq               
00002c95  __aeabi_cdcmple               
00002d1b  __aeabi_cdrcmple              
00002da1  __aeabi_memclr                
00002da1  __aeabi_memclr4               
00002da1  __aeabi_memclr8               
00002da3  __aeabi_memset                
00002da3  __aeabi_memset4               
00002da3  __aeabi_memset8               
00002da9  memset                        
00002e1d  malloc                        
00002f03  __TI_decompress_lzss          
00002f6d  frexp                         
00002f6d  frexpl                        
00003027  ltoa                          
000030cd  atoi                          
00003119  __aeabi_d2iz                  
00003161  __TI_auto_init_nobinit_nopinit
000031a5  vsnprintf                     
00003261  _c_int00_noargs               
00003299  minit                         
000032d1  IntRegister                   
00003335  __aeabi_i2d                   
00003363  calloc                        
000033b5  main                          
000033db  memccpy                       
0000340f  oi_parseInt                   
00003427  strcmp                        
0000343f  strchr                        
00003455  copysign                      
00003455  copysignl                     
00003469  strcpy                        
0000347d  strlen                        
00003491  __TI_zero_init_nomemset       
000034a3  wcslen                        
000034b5  IntMasterEnable               
000034c5  lcd_clear                     
000034d5  __TI_decompress_none          
000034e3  CPUcpsie                      
000034ef  ResetISR                      
000034fd  __aeabi_errno_addr            
00003505  _system_pre_init              
00003509  C$$EXIT                       
00003509  abort                         
0000350c  _ctypes_                      
00003658  __TI_Handler_Table_Base       
00003664  __TI_Handler_Table_Limit      
00003678  __TI_CINIT_Base               
00003690  __TI_CINIT_Limit              
20000000  g_pfnRAMVectors               
20000270  __stack                       
20000470  __STACK_TOP                   
20001270  __STACK_END                   
20001270  _sys_memory                   
200022f8  _lock                         
200022fc  _unlock                       
20002300  errno                         
ffffffff  __TI_pprof_out_hndl           
ffffffff  __TI_prof_data_size           
ffffffff  __TI_prof_data_start          
ffffffff  __binit__                     
ffffffff  __c_args__                    
ffffffff  binit                         
UNDEFED   __mpu_init                    
UNDEFED   _system_post_cinit            

[131 symbols]
