<?xml version="1.0" encoding="ISO-8859-1" ?>
<link_info>
   <banner>TI ARM Linker PC v18.1.2.LTS</banner>
   <copyright>Copyright (c) 1996-2017 Texas Instruments Incorporated</copyright>
   <link_time>0x5c5a0933</link_time>
   <link_errors>0x0</link_errors>
   <output_file>Lab2.out</output_file>
   <entry_point>
      <name>_c_int00_noargs</name>
      <address>0x3261</address>
   </entry_point>
   <input_file_list>
      <input_file id="fl-2">
         <path>.\</path>
         <kind>object</kind>
         <file>l1_main.obj</file>
         <name>l1_main.obj</name>
      </input_file>
      <input_file id="fl-3">
         <path>.\</path>
         <kind>object</kind>
         <file>lcd.obj</file>
         <name>lcd.obj</name>
      </input_file>
      <input_file id="fl-4">
         <path>.\</path>
         <kind>object</kind>
         <file>movement.obj</file>
         <name>movement.obj</name>
      </input_file>
      <input_file id="fl-5">
         <path>.\</path>
         <kind>object</kind>
         <file>open_interface.obj</file>
         <name>open_interface.obj</name>
      </input_file>
      <input_file id="fl-6">
         <path>.\</path>
         <kind>object</kind>
         <file>timer.obj</file>
         <name>timer.obj</name>
      </input_file>
      <input_file id="fl-7">
         <path>.\</path>
         <kind>object</kind>
         <file>tm4c123gh6pm_startup_ccs.obj</file>
         <name>tm4c123gh6pm_startup_ccs.obj</name>
      </input_file>
      <input_file id="fl-c">
         <kind>object</kind>
         <file>&lt;internal&gt;</file>
         <name>&lt;internal&gt;</name>
      </input_file>
      <input_file id="fl-c2">
         <path>C:\ti\ccsv8\tools\compiler\ti-cgt-arm_18.1.2.LTS\lib\</path>
         <kind>archive</kind>
         <file>rtsv7M4_T_le_v4SPD16_eabi.lib</file>
         <name>fd_div_t2.asm.obj</name>
      </input_file>
      <input_file id="fl-c3">
         <path>C:\ti\ccsv8\tools\compiler\ti-cgt-arm_18.1.2.LTS\lib\</path>
         <kind>archive</kind>
         <file>rtsv7M4_T_le_v4SPD16_eabi.lib</file>
         <name>fd_mul_t2.asm.obj</name>
      </input_file>
      <input_file id="fl-c4">
         <path>C:\ti\ccsv8\tools\compiler\ti-cgt-arm_18.1.2.LTS\lib\</path>
         <kind>archive</kind>
         <file>rtsv7M4_T_le_v4SPD16_eabi.lib</file>
         <name>fd_toi_t2.asm.obj</name>
      </input_file>
      <input_file id="fl-c5">
         <path>C:\ti\ccsv8\tools\compiler\ti-cgt-arm_18.1.2.LTS\lib\</path>
         <kind>archive</kind>
         <file>rtsv7M4_T_le_v4SPD16_eabi.lib</file>
         <name>i_tofd_t2.asm.obj</name>
      </input_file>
      <input_file id="fl-c6">
         <path>C:\ti\ccsv8\tools\compiler\ti-cgt-arm_18.1.2.LTS\lib\</path>
         <kind>archive</kind>
         <file>rtsv7M4_T_le_v4SPD16_eabi.lib</file>
         <name>memcpy_t2.asm.obj</name>
      </input_file>
      <input_file id="fl-c7">
         <path>C:\ti\ccsv8\tools\compiler\ti-cgt-arm_18.1.2.LTS\lib\</path>
         <kind>archive</kind>
         <file>rtsv7M4_T_le_v4SPD16_eabi.lib</file>
         <name>copy_zero_init.c.obj</name>
      </input_file>
      <input_file id="fl-c8">
         <path>C:\ti\ccsv8\tools\compiler\ti-cgt-arm_18.1.2.LTS\lib\</path>
         <kind>archive</kind>
         <file>rtsv7M4_T_le_v4SPD16_eabi.lib</file>
         <name>copy_decompress_none.c.obj</name>
      </input_file>
      <input_file id="fl-c9">
         <path>C:\ti\ccsv8\tools\compiler\ti-cgt-arm_18.1.2.LTS\lib\</path>
         <kind>archive</kind>
         <file>rtsv7M4_T_le_v4SPD16_eabi.lib</file>
         <name>copy_decompress_lzss.c.obj</name>
      </input_file>
      <input_file id="fl-ca">
         <path>C:\ti\ccsv8\tools\compiler\ti-cgt-arm_18.1.2.LTS\lib\</path>
         <kind>archive</kind>
         <file>rtsv7M4_T_le_v4SPD16_eabi.lib</file>
         <name>boot_cortex_m.c.obj</name>
      </input_file>
      <input_file id="fl-cb">
         <path>C:\ti\ccsv8\tools\compiler\ti-cgt-arm_18.1.2.LTS\lib\</path>
         <kind>archive</kind>
         <file>rtsv7M4_T_le_v4SPD16_eabi.lib</file>
         <name>exit.c.obj</name>
      </input_file>
      <input_file id="fl-cc">
         <path>C:\ti\ccsv8\tools\compiler\ti-cgt-arm_18.1.2.LTS\lib\</path>
         <kind>archive</kind>
         <file>rtsv7M4_T_le_v4SPD16_eabi.lib</file>
         <name>memory.c.obj</name>
      </input_file>
      <input_file id="fl-cd">
         <path>C:\ti\ccsv8\tools\compiler\ti-cgt-arm_18.1.2.LTS\lib\</path>
         <kind>archive</kind>
         <file>rtsv7M4_T_le_v4SPD16_eabi.lib</file>
         <name>_lock.c.obj</name>
      </input_file>
      <input_file id="fl-ce">
         <path>C:\ti\ccsv8\tools\compiler\ti-cgt-arm_18.1.2.LTS\lib\</path>
         <kind>archive</kind>
         <file>rtsv7M4_T_le_v4SPD16_eabi.lib</file>
         <name>args_main.c.obj</name>
      </input_file>
      <input_file id="fl-cf">
         <path>C:\ti\ccsv8\tools\compiler\ti-cgt-arm_18.1.2.LTS\lib\</path>
         <kind>archive</kind>
         <file>rtsv7M4_T_le_v4SPD16_eabi.lib</file>
         <name>strcmp.c.obj</name>
      </input_file>
      <input_file id="fl-d0">
         <path>C:\ti\ccsv8\tools\compiler\ti-cgt-arm_18.1.2.LTS\lib\</path>
         <kind>archive</kind>
         <file>rtsv7M4_T_le_v4SPD16_eabi.lib</file>
         <name>strcpy.c.obj</name>
      </input_file>
      <input_file id="fl-d1">
         <path>C:\ti\ccsv8\tools\compiler\ti-cgt-arm_18.1.2.LTS\lib\</path>
         <kind>archive</kind>
         <file>rtsv7M4_T_le_v4SPD16_eabi.lib</file>
         <name>vsnprintf.c.obj</name>
      </input_file>
      <input_file id="fl-d2">
         <path>C:\ti\ccsv8\tools\compiler\ti-cgt-arm_18.1.2.LTS\lib\</path>
         <kind>archive</kind>
         <file>rtsv7M4_T_le_v4SPD16_eabi.lib</file>
         <name>memset_t2.asm.obj</name>
      </input_file>
      <input_file id="fl-d3">
         <path>C:\ti\ccsv8\tools\compiler\ti-cgt-arm_18.1.2.LTS\lib\</path>
         <kind>archive</kind>
         <file>rtsv7M4_T_le_v4SPD16_eabi.lib</file>
         <name>autoinit.c.obj</name>
      </input_file>
      <input_file id="fl-d4">
         <path>C:\ti\ccsv8\tools\compiler\ti-cgt-arm_18.1.2.LTS\lib\</path>
         <kind>archive</kind>
         <file>rtsv7M4_T_le_v4SPD16_eabi.lib</file>
         <name>pre_init.c.obj</name>
      </input_file>
      <input_file id="fl-d5">
         <path>C:\ti\ccsv8\tools\compiler\ti-cgt-arm_18.1.2.LTS\lib\</path>
         <kind>archive</kind>
         <file>rtsv7M4_T_le_v4SPD16_eabi.lib</file>
         <name>cpy_tbl.c.obj</name>
      </input_file>
      <input_file id="fl-d6">
         <path>C:\ti\ccsv8\tools\compiler\ti-cgt-arm_18.1.2.LTS\lib\</path>
         <kind>archive</kind>
         <file>rtsv7M4_T_le_v4SPD16_eabi.lib</file>
         <name>_printfi.c.obj</name>
      </input_file>
      <input_file id="fl-d7">
         <path>C:\ti\ccsv8\tools\compiler\ti-cgt-arm_18.1.2.LTS\lib\</path>
         <kind>archive</kind>
         <file>rtsv7M4_T_le_v4SPD16_eabi.lib</file>
         <name>atoi.c.obj</name>
      </input_file>
      <input_file id="fl-d8">
         <path>C:\ti\ccsv8\tools\compiler\ti-cgt-arm_18.1.2.LTS\lib\</path>
         <kind>archive</kind>
         <file>rtsv7M4_T_le_v4SPD16_eabi.lib</file>
         <name>ctype.c.obj</name>
      </input_file>
      <input_file id="fl-d9">
         <path>C:\ti\ccsv8\tools\compiler\ti-cgt-arm_18.1.2.LTS\lib\</path>
         <kind>archive</kind>
         <file>rtsv7M4_T_le_v4SPD16_eabi.lib</file>
         <name>ltoa.c.obj</name>
      </input_file>
      <input_file id="fl-da">
         <path>C:\ti\ccsv8\tools\compiler\ti-cgt-arm_18.1.2.LTS\lib\</path>
         <kind>archive</kind>
         <file>rtsv7M4_T_le_v4SPD16_eabi.lib</file>
         <name>memccpy.c.obj</name>
      </input_file>
      <input_file id="fl-db">
         <path>C:\ti\ccsv8\tools\compiler\ti-cgt-arm_18.1.2.LTS\lib\</path>
         <kind>archive</kind>
         <file>rtsv7M4_T_le_v4SPD16_eabi.lib</file>
         <name>strchr.c.obj</name>
      </input_file>
      <input_file id="fl-dc">
         <path>C:\ti\ccsv8\tools\compiler\ti-cgt-arm_18.1.2.LTS\lib\</path>
         <kind>archive</kind>
         <file>rtsv7M4_T_le_v4SPD16_eabi.lib</file>
         <name>strlen.c.obj</name>
      </input_file>
      <input_file id="fl-dd">
         <path>C:\ti\ccsv8\tools\compiler\ti-cgt-arm_18.1.2.LTS\lib\</path>
         <kind>archive</kind>
         <file>rtsv7M4_T_le_v4SPD16_eabi.lib</file>
         <name>s_frexp.c.obj</name>
      </input_file>
      <input_file id="fl-de">
         <path>C:\ti\ccsv8\tools\compiler\ti-cgt-arm_18.1.2.LTS\lib\</path>
         <kind>archive</kind>
         <file>rtsv7M4_T_le_v4SPD16_eabi.lib</file>
         <name>s_scalbn.c.obj</name>
      </input_file>
      <input_file id="fl-df">
         <path>C:\ti\ccsv8\tools\compiler\ti-cgt-arm_18.1.2.LTS\lib\</path>
         <kind>archive</kind>
         <file>rtsv7M4_T_le_v4SPD16_eabi.lib</file>
         <name>s_copysign.c.obj</name>
      </input_file>
      <input_file id="fl-e0">
         <path>C:\ti\ccsv8\tools\compiler\ti-cgt-arm_18.1.2.LTS\lib\</path>
         <kind>archive</kind>
         <file>rtsv7M4_T_le_v4SPD16_eabi.lib</file>
         <name>wcslen.c.obj</name>
      </input_file>
      <input_file id="fl-e1">
         <path>C:\ti\ccsv8\tools\compiler\ti-cgt-arm_18.1.2.LTS\lib\</path>
         <kind>archive</kind>
         <file>rtsv7M4_T_le_v4SPD16_eabi.lib</file>
         <name>fd_add_t2.asm.obj</name>
      </input_file>
      <input_file id="fl-e2">
         <path>C:\ti\ccsv8\tools\compiler\ti-cgt-arm_18.1.2.LTS\lib\</path>
         <kind>archive</kind>
         <file>rtsv7M4_T_le_v4SPD16_eabi.lib</file>
         <name>fd_cmp_t2.asm.obj</name>
      </input_file>
      <input_file id="fl-e3">
         <path>C:\ti\ccsv8\tools\compiler\ti-cgt-arm_18.1.2.LTS\lib\</path>
         <kind>archive</kind>
         <file>rtsv7M4_T_le_v4SPD16_eabi.lib</file>
         <name>ull_div_t2.asm.obj</name>
      </input_file>
      <input_file id="fl-e4">
         <path>C:\ti\ccsv8\tools\compiler\ti-cgt-arm_18.1.2.LTS\lib\</path>
         <kind>archive</kind>
         <file>rtsv7M4_T_le_v4SPD16_eabi.lib</file>
         <name>errno.c.obj</name>
      </input_file>
      <input_file id="fl-e5">
         <path>C:\ti\ccsv8\tools\compiler\ti-cgt-arm_18.1.2.LTS\lib\</path>
         <kind>archive</kind>
         <file>rtsv7M4_T_le_v4SPD16_eabi.lib</file>
         <name>div0.asm.obj</name>
      </input_file>
      <input_file id="fl-e6">
         <path>C:\ti\TivaWare_C_Series-2.1.4.178\driverlib\ccs\Debug\</path>
         <kind>archive</kind>
         <file>driverlib.lib</file>
         <name>interrupt.obj</name>
      </input_file>
      <input_file id="fl-e7">
         <path>C:\ti\TivaWare_C_Series-2.1.4.178\driverlib\ccs\Debug\</path>
         <kind>archive</kind>
         <file>driverlib.lib</file>
         <name>cpu.obj</name>
      </input_file>
   </input_file_list>
   <object_component_list>
      <object_component id="oc-f">
         <name>.intvecs</name>
         <load_address>0x0</load_address>
         <run_address>0x0</run_address>
         <size>0x26c</size>
         <input_file_ref idref="fl-7"/>
      </object_component>
      <object_component id="oc-d9">
         <name>.text</name>
         <load_address>0x26c</load_address>
         <run_address>0x26c</run_address>
         <size>0xa88</size>
         <input_file_ref idref="fl-5"/>
      </object_component>
      <object_component id="oc-1b9">
         <name>.text:__TI_printfi</name>
         <load_address>0xcf4</load_address>
         <run_address>0xcf4</run_address>
         <size>0xa5e</size>
         <input_file_ref idref="fl-d6"/>
      </object_component>
      <object_component id="oc-223">
         <name>.text:_nop</name>
         <load_address>0x1752</load_address>
         <run_address>0x1752</run_address>
         <size>0x2</size>
         <input_file_ref idref="fl-cd"/>
      </object_component>
      <object_component id="oc-d3">
         <name>.text</name>
         <load_address>0x1754</load_address>
         <run_address>0x1754</run_address>
         <size>0x3c4</size>
         <input_file_ref idref="fl-3"/>
      </object_component>
      <object_component id="oc-26b">
         <name>.text:_pconv_a</name>
         <load_address>0x1b18</load_address>
         <run_address>0x1b18</run_address>
         <size>0x270</size>
         <input_file_ref idref="fl-d6"/>
      </object_component>
      <object_component id="oc-259">
         <name>.text:_pconv_g</name>
         <load_address>0x1d88</load_address>
         <run_address>0x1d88</run_address>
         <size>0x1d0</size>
         <input_file_ref idref="fl-d6"/>
      </object_component>
      <object_component id="oc-df">
         <name>.text</name>
         <load_address>0x1f58</load_address>
         <run_address>0x1f58</run_address>
         <size>0x1d0</size>
         <input_file_ref idref="fl-4"/>
      </object_component>
      <object_component id="oc-2ca">
         <name>.text</name>
         <load_address>0x2128</load_address>
         <run_address>0x2128</run_address>
         <size>0x1b6</size>
         <input_file_ref idref="fl-e1"/>
      </object_component>
      <object_component id="oc-31e">
         <name>.text</name>
         <load_address>0x22de</load_address>
         <run_address>0x22de</run_address>
         <size>0x2</size>
         <input_file_ref idref="fl-e5"/>
      </object_component>
      <object_component id="oc-12b">
         <name>.text</name>
         <load_address>0x22e0</load_address>
         <run_address>0x22e0</run_address>
         <size>0x158</size>
         <input_file_ref idref="fl-6"/>
      </object_component>
      <object_component id="oc-265">
         <name>.text:_pconv_e</name>
         <load_address>0x2438</load_address>
         <run_address>0x2438</run_address>
         <size>0x13c</size>
         <input_file_ref idref="fl-d6"/>
      </object_component>
      <object_component id="oc-185">
         <name>.text</name>
         <load_address>0x2574</load_address>
         <run_address>0x2574</run_address>
         <size>0x136</size>
         <input_file_ref idref="fl-c2"/>
      </object_component>
      <object_component id="oc-2dc">
         <name>.text:fcvt</name>
         <load_address>0x26ac</load_address>
         <run_address>0x26ac</run_address>
         <size>0x120</size>
         <input_file_ref idref="fl-d6"/>
      </object_component>
      <object_component id="oc-2f0">
         <name>.text:scalbn</name>
         <load_address>0x27cc</load_address>
         <run_address>0x27cc</run_address>
         <size>0x110</size>
         <input_file_ref idref="fl-de"/>
      </object_component>
      <object_component id="oc-17b">
         <name>.text</name>
         <load_address>0x28dc</load_address>
         <run_address>0x28dc</run_address>
         <size>0xfc</size>
         <input_file_ref idref="fl-c3"/>
      </object_component>
      <object_component id="oc-15d">
         <name>.text:free</name>
         <load_address>0x29d8</load_address>
         <run_address>0x29d8</run_address>
         <size>0xd8</size>
         <input_file_ref idref="fl-cc"/>
      </object_component>
      <object_component id="oc-24e">
         <name>.text:_ltostr</name>
         <load_address>0x2ab0</load_address>
         <run_address>0x2ab0</run_address>
         <size>0xb1</size>
         <input_file_ref idref="fl-d6"/>
      </object_component>
      <object_component id="oc-3b">
         <name>.text</name>
         <load_address>0x2b62</load_address>
         <run_address>0x2b62</run_address>
         <size>0x9c</size>
         <input_file_ref idref="fl-c6"/>
      </object_component>
      <object_component id="oc-2b8">
         <name>.text</name>
         <load_address>0x2bfe</load_address>
         <run_address>0x2bfe</run_address>
         <size>0x96</size>
         <input_file_ref idref="fl-e3"/>
      </object_component>
      <object_component id="oc-254">
         <name>.text:__aeabi_cdcmple</name>
         <load_address>0x2c94</load_address>
         <run_address>0x2c94</run_address>
         <size>0x86</size>
         <input_file_ref idref="fl-e2"/>
      </object_component>
      <object_component id="oc-2bf">
         <name>.text:__aeabi_cdrcmple</name>
         <load_address>0x2d1a</load_address>
         <run_address>0x2d1a</run_address>
         <size>0x86</size>
         <input_file_ref idref="fl-e2"/>
      </object_component>
      <object_component id="oc-93">
         <name>.text</name>
         <load_address>0x2da0</load_address>
         <run_address>0x2da0</run_address>
         <size>0x7a</size>
         <input_file_ref idref="fl-d2"/>
      </object_component>
      <object_component id="oc-1e4">
         <name>.text:malloc</name>
         <load_address>0x2e1c</load_address>
         <run_address>0x2e1c</run_address>
         <size>0x78</size>
         <input_file_ref idref="fl-cc"/>
      </object_component>
      <object_component id="oc-2d5">
         <name>.text:_mcpy</name>
         <load_address>0x2e94</load_address>
         <run_address>0x2e94</run_address>
         <size>0x6e</size>
         <input_file_ref idref="fl-d6"/>
      </object_component>
      <object_component id="oc-12">
         <name>.text:decompress:lzss:__TI_decompress_lzss</name>
         <load_address>0x2f02</load_address>
         <run_address>0x2f02</run_address>
         <size>0x68</size>
         <input_file_ref idref="fl-c9"/>
      </object_component>
      <object_component id="oc-2ea">
         <name>.text:frexp</name>
         <load_address>0x2f6c</load_address>
         <run_address>0x2f6c</run_address>
         <size>0x64</size>
         <input_file_ref idref="fl-dd"/>
      </object_component>
      <object_component id="oc-25f">
         <name>.text:_pconv_f</name>
         <load_address>0x2fd0</load_address>
         <run_address>0x2fd0</run_address>
         <size>0x56</size>
         <input_file_ref idref="fl-d6"/>
      </object_component>
      <object_component id="oc-2c4">
         <name>.text:ltoa</name>
         <load_address>0x3026</load_address>
         <run_address>0x3026</run_address>
         <size>0x54</size>
         <input_file_ref idref="fl-d9"/>
      </object_component>
      <object_component id="oc-2cf">
         <name>.text:_ecpy</name>
         <load_address>0x307a</load_address>
         <run_address>0x307a</run_address>
         <size>0x52</size>
         <input_file_ref idref="fl-d6"/>
      </object_component>
      <object_component id="oc-248">
         <name>.text:atoi</name>
         <load_address>0x30cc</load_address>
         <run_address>0x30cc</run_address>
         <size>0x4c</size>
         <input_file_ref idref="fl-d7"/>
      </object_component>
      <object_component id="oc-180">
         <name>.text</name>
         <load_address>0x3118</load_address>
         <run_address>0x3118</run_address>
         <size>0x48</size>
         <input_file_ref idref="fl-c4"/>
      </object_component>
      <object_component id="oc-f2">
         <name>.text:__TI_auto_init_nobinit_nopinit:__TI_auto_init_nobinit_nopinit</name>
         <load_address>0x3160</load_address>
         <run_address>0x3160</run_address>
         <size>0x44</size>
         <input_file_ref idref="fl-d3"/>
      </object_component>
      <object_component id="oc-138">
         <name>.text:vsnprintf</name>
         <load_address>0x31a4</load_address>
         <run_address>0x31a4</run_address>
         <size>0x40</size>
         <input_file_ref idref="fl-d1"/>
      </object_component>
      <object_component id="oc-2e2">
         <name>.text:_fcpy</name>
         <load_address>0x31e4</load_address>
         <run_address>0x31e4</run_address>
         <size>0x3e</size>
         <input_file_ref idref="fl-d6"/>
      </object_component>
      <object_component id="oc-1f7">
         <name>.text:minsert</name>
         <load_address>0x3224</load_address>
         <run_address>0x3224</run_address>
         <size>0x3c</size>
         <input_file_ref idref="fl-cc"/>
      </object_component>
      <object_component id="oc-59">
         <name>.text:_c_int00_noargs:_c_int00_noargs</name>
         <load_address>0x3260</load_address>
         <run_address>0x3260</run_address>
         <size>0x38</size>
         <input_file_ref idref="fl-ca"/>
      </object_component>
      <object_component id="oc-1eb">
         <name>.text:minit</name>
         <load_address>0x3298</load_address>
         <run_address>0x3298</run_address>
         <size>0x38</size>
         <input_file_ref idref="fl-cc"/>
      </object_component>
      <object_component id="oc-16a">
         <name>.text:IntRegister</name>
         <load_address>0x32d0</load_address>
         <run_address>0x32d0</run_address>
         <size>0x34</size>
         <input_file_ref idref="fl-e6"/>
      </object_component>
      <object_component id="oc-1bf">
         <name>.text:_outs</name>
         <load_address>0x3304</load_address>
         <run_address>0x3304</run_address>
         <size>0x30</size>
         <input_file_ref idref="fl-d1"/>
      </object_component>
      <object_component id="oc-176">
         <name>.text</name>
         <load_address>0x3334</load_address>
         <run_address>0x3334</run_address>
         <size>0x2e</size>
         <input_file_ref idref="fl-c5"/>
      </object_component>
      <object_component id="oc-157">
         <name>.text:calloc</name>
         <load_address>0x3362</load_address>
         <run_address>0x3362</run_address>
         <size>0x2a</size>
         <input_file_ref idref="fl-cc"/>
      </object_component>
      <object_component id="oc-1f1">
         <name>.text:mremove</name>
         <load_address>0x338c</load_address>
         <run_address>0x338c</run_address>
         <size>0x28</size>
         <input_file_ref idref="fl-cc"/>
      </object_component>
      <object_component id="oc-9f">
         <name>.text</name>
         <load_address>0x33b4</load_address>
         <run_address>0x33b4</run_address>
         <size>0x26</size>
         <input_file_ref idref="fl-2"/>
      </object_component>
      <object_component id="oc-271">
         <name>.text:memccpy</name>
         <load_address>0x33da</load_address>
         <run_address>0x33da</run_address>
         <size>0x1c</size>
         <input_file_ref idref="fl-da"/>
      </object_component>
      <object_component id="oc-1c5">
         <name>.text:_outc</name>
         <load_address>0x33f6</load_address>
         <run_address>0x33f6</run_address>
         <size>0x18</size>
         <input_file_ref idref="fl-d1"/>
      </object_component>
      <object_component id="oc-163">
         <name>.text:oi_parseInt</name>
         <load_address>0x340e</load_address>
         <run_address>0x340e</run_address>
         <size>0x18</size>
         <input_file_ref idref="fl-5"/>
      </object_component>
      <object_component id="oc-13e">
         <name>.text:strcmp</name>
         <load_address>0x3426</load_address>
         <run_address>0x3426</run_address>
         <size>0x18</size>
         <input_file_ref idref="fl-cf"/>
      </object_component>
      <object_component id="oc-2f6">
         <name>.text:strchr</name>
         <load_address>0x343e</load_address>
         <run_address>0x343e</run_address>
         <size>0x16</size>
         <input_file_ref idref="fl-db"/>
      </object_component>
      <object_component id="oc-333">
         <name>.text:copysign</name>
         <load_address>0x3454</load_address>
         <run_address>0x3454</run_address>
         <size>0x14</size>
         <input_file_ref idref="fl-df"/>
      </object_component>
      <object_component id="oc-144">
         <name>.text:strcpy</name>
         <load_address>0x3468</load_address>
         <run_address>0x3468</run_address>
         <size>0x14</size>
         <input_file_ref idref="fl-d0"/>
      </object_component>
      <object_component id="oc-242">
         <name>.text:strlen</name>
         <load_address>0x347c</load_address>
         <run_address>0x347c</run_address>
         <size>0x14</size>
         <input_file_ref idref="fl-dc"/>
      </object_component>
      <object_component id="oc-47">
         <name>.text:decompress:ZI:__TI_zero_init_nomemset:__TI_zero_init_nomemset</name>
         <load_address>0x3490</load_address>
         <run_address>0x3490</run_address>
         <size>0x12</size>
         <input_file_ref idref="fl-c7"/>
      </object_component>
      <object_component id="oc-277">
         <name>.text:wcslen</name>
         <load_address>0x34a2</load_address>
         <run_address>0x34a2</run_address>
         <size>0x12</size>
         <input_file_ref idref="fl-e0"/>
      </object_component>
      <object_component id="oc-170">
         <name>.text:IntMasterEnable</name>
         <load_address>0x34b4</load_address>
         <run_address>0x34b4</run_address>
         <size>0x10</size>
         <input_file_ref idref="fl-e6"/>
      </object_component>
      <object_component id="oc-131">
         <name>.text:lcd_clear</name>
         <load_address>0x34c4</load_address>
         <run_address>0x34c4</run_address>
         <size>0x10</size>
         <input_file_ref idref="fl-3"/>
      </object_component>
      <object_component id="oc-18">
         <name>.text:decompress:none:__TI_decompress_none</name>
         <load_address>0x34d4</load_address>
         <run_address>0x34d4</run_address>
         <size>0xe</size>
         <input_file_ref idref="fl-c8"/>
      </object_component>
      <object_component id="oc-20b">
         <name>.text:CPUcpsie</name>
         <load_address>0x34e2</load_address>
         <run_address>0x34e2</run_address>
         <size>0xc</size>
         <input_file_ref idref="fl-e7"/>
      </object_component>
      <object_component id="oc-27">
         <name>.text</name>
         <load_address>0x34ee</load_address>
         <run_address>0x34ee</run_address>
         <size>0xc</size>
         <input_file_ref idref="fl-7"/>
      </object_component>
      <object_component id="oc-27d">
         <name>.text:__aeabi_errno_addr</name>
         <load_address>0x34fc</load_address>
         <run_address>0x34fc</run_address>
         <size>0x8</size>
         <input_file_ref idref="fl-e4"/>
      </object_component>
      <object_component id="oc-99">
         <name>.text:_system_pre_init</name>
         <load_address>0x3504</load_address>
         <run_address>0x3504</run_address>
         <size>0x4</size>
         <input_file_ref idref="fl-d4"/>
      </object_component>
      <object_component id="oc-e6">
         <name>.text:abort:abort</name>
         <load_address>0x3508</load_address>
         <run_address>0x3508</run_address>
         <size>0x4</size>
         <input_file_ref idref="fl-cb"/>
      </object_component>
      <object_component id="oc-2b3">
         <name>.const:.string:_ctypes_</name>
         <load_address>0x350c</load_address>
         <run_address>0x350c</run_address>
         <size>0x101</size>
         <input_file_ref idref="fl-d8"/>
      </object_component>
      <object_component id="oc-14d">
         <name>.const:.string:$P$T0$4</name>
         <load_address>0x360d</load_address>
         <run_address>0x360d</run_address>
         <size>0x15</size>
         <input_file_ref idref="fl-3"/>
      </object_component>
      <object_component id="oc-18b">
         <name>.const:.string:$P$T0$3</name>
         <load_address>0x3622</load_address>
         <run_address>0x3622</run_address>
         <size>0xf</size>
         <input_file_ref idref="fl-5"/>
      </object_component>
      <object_component id="oc-14a">
         <name>.const:.string:lineAddress$1</name>
         <load_address>0x3631</load_address>
         <run_address>0x3631</run_address>
         <size>0x4</size>
         <input_file_ref idref="fl-3"/>
      </object_component>
      <object_component id="oc-14b">
         <name>.const:.string:lineAddresses$2</name>
         <load_address>0x3635</load_address>
         <run_address>0x3635</run_address>
         <size>0x4</size>
         <input_file_ref idref="fl-3"/>
      </object_component>
      <object_component id="oc-38a">
         <name>.cinit..data.load</name>
         <load_address>0x3640</load_address>
         <run_address>0x3640</run_address>
         <size>0x18</size>
      </object_component>
      <object_component id="oc-387">
         <name>__TI_handler_table</name>
         <load_address>0x3658</load_address>
         <run_address>0x3658</run_address>
         <size>0xc</size>
      </object_component>
      <object_component id="oc-38b">
         <name>.cinit..bss.load</name>
         <load_address>0x3668</load_address>
         <run_address>0x3668</run_address>
         <size>0x8</size>
      </object_component>
      <object_component id="oc-389">
         <name>.cinit..vtable.load</name>
         <load_address>0x3670</load_address>
         <run_address>0x3670</run_address>
         <size>0x8</size>
      </object_component>
      <object_component id="oc-388">
         <name>__TI_cinit_table</name>
         <load_address>0x3678</load_address>
         <run_address>0x3678</run_address>
         <size>0x18</size>
      </object_component>
      <object_component id="oc-201">
         <name>.vtable</name>
         <uninitialized>true</uninitialized>
         <run_address>0x20000000</run_address>
         <size>0x26c</size>
         <input_file_ref idref="fl-e6"/>
      </object_component>
      <object_component id="oc-18a">
         <name>.data</name>
         <load_address>0x200022dc</load_address>
         <run_address>0x200022dc</run_address>
         <size>0x10</size>
         <input_file_ref idref="fl-5"/>
      </object_component>
      <object_component id="oc-1fd">
         <name>.data:$O1$$</name>
         <load_address>0x200022ec</load_address>
         <run_address>0x200022ec</run_address>
         <size>0xc</size>
         <input_file_ref idref="fl-cc"/>
      </object_component>
      <object_component id="oc-197">
         <name>.data:$O1$$</name>
         <load_address>0x200022f8</load_address>
         <run_address>0x200022f8</run_address>
         <size>0x8</size>
         <input_file_ref idref="fl-cd"/>
      </object_component>
      <object_component id="oc-306">
         <name>.data</name>
         <load_address>0x20002300</load_address>
         <run_address>0x20002300</run_address>
         <size>0x4</size>
         <input_file_ref idref="fl-e4"/>
      </object_component>
      <object_component id="oc-14c">
         <name>.bss:lastbuffer$3</name>
         <uninitialized>true</uninitialized>
         <run_address>0x20002270</run_address>
         <size>0x54</size>
         <input_file_ref idref="fl-3"/>
      </object_component>
      <object_component id="oc-18e">
         <name>.bss:firmware$2</name>
         <uninitialized>true</uninitialized>
         <run_address>0x200022c4</run_address>
         <size>0x18</size>
         <input_file_ref idref="fl-5"/>
      </object_component>
      <object_component id="oc-24">
         <name>.sysmem</name>
         <uninitialized>true</uninitialized>
         <run_address>0x20001270</run_address>
         <size>0x8</size>
         <input_file_ref idref="fl-cc"/>
      </object_component>
      <object_component id="oc-38d">
         <name>.sysmem</name>
         <uninitialized>true</uninitialized>
         <run_address>0x20001270</run_address>
         <size>0x0</size>
      </object_component>
      <object_component id="oc-21">
         <name>.stack</name>
         <uninitialized>true</uninitialized>
         <run_address>0x20000270</run_address>
         <size>0x4</size>
         <input_file_ref idref="fl-ca"/>
      </object_component>
      <object_component id="oc-38c">
         <name>.stack</name>
         <uninitialized>true</uninitialized>
         <run_address>0x20000270</run_address>
         <size>0x0</size>
      </object_component>
      <object_component id="oc-c2">
         <name>.debug_info</name>
         <load_address>0x0</load_address>
         <run_address>0x0</run_address>
         <size>0x334</size>
         <input_file_ref idref="fl-2"/>
      </object_component>
      <object_component id="oc-a0">
         <name>.debug_info</name>
         <load_address>0x334</load_address>
         <run_address>0x334</run_address>
         <size>0x154</size>
         <input_file_ref idref="fl-2"/>
      </object_component>
      <object_component id="oc-126">
         <name>.debug_info</name>
         <load_address>0x488</load_address>
         <run_address>0x488</run_address>
         <size>0x5aa</size>
         <input_file_ref idref="fl-2"/>
      </object_component>
      <object_component id="oc-74">
         <name>.debug_info</name>
         <load_address>0xa32</load_address>
         <run_address>0xa32</run_address>
         <size>0x26b</size>
         <input_file_ref idref="fl-2"/>
      </object_component>
      <object_component id="oc-36">
         <name>.debug_info</name>
         <load_address>0xc9d</load_address>
         <run_address>0xc9d</run_address>
         <size>0x84</size>
         <input_file_ref idref="fl-2"/>
      </object_component>
      <object_component id="oc-bd">
         <name>.debug_info</name>
         <load_address>0xd21</load_address>
         <run_address>0xd21</run_address>
         <size>0x297</size>
         <input_file_ref idref="fl-2"/>
      </object_component>
      <object_component id="oc-79">
         <name>.debug_info</name>
         <load_address>0xfb8</load_address>
         <run_address>0xfb8</run_address>
         <size>0xbb</size>
         <input_file_ref idref="fl-2"/>
      </object_component>
      <object_component id="oc-1df">
         <name>.debug_info</name>
         <load_address>0x1073</load_address>
         <run_address>0x1073</run_address>
         <size>0xcc</size>
         <input_file_ref idref="fl-2"/>
      </object_component>
      <object_component id="oc-152">
         <name>.debug_info</name>
         <load_address>0x113f</load_address>
         <run_address>0x113f</run_address>
         <size>0x2c</size>
         <input_file_ref idref="fl-2"/>
      </object_component>
      <object_component id="oc-151">
         <name>.debug_info</name>
         <load_address>0x116b</load_address>
         <run_address>0x116b</run_address>
         <size>0x392</size>
         <input_file_ref idref="fl-3"/>
      </object_component>
      <object_component id="oc-14e">
         <name>.debug_info</name>
         <load_address>0x14fd</load_address>
         <run_address>0x14fd</run_address>
         <size>0xb8</size>
         <input_file_ref idref="fl-3"/>
      </object_component>
      <object_component id="oc-132">
         <name>.debug_info</name>
         <load_address>0x15b5</load_address>
         <run_address>0x15b5</run_address>
         <size>0x111</size>
         <input_file_ref idref="fl-3"/>
      </object_component>
      <object_component id="oc-d4">
         <name>.debug_info</name>
         <load_address>0x16c6</load_address>
         <run_address>0x16c6</run_address>
         <size>0xb10</size>
         <input_file_ref idref="fl-3"/>
      </object_component>
      <object_component id="oc-192">
         <name>.debug_info</name>
         <load_address>0x21d6</load_address>
         <run_address>0x21d6</run_address>
         <size>0x325</size>
         <input_file_ref idref="fl-4"/>
      </object_component>
      <object_component id="oc-e0">
         <name>.debug_info</name>
         <load_address>0x24fb</load_address>
         <run_address>0x24fb</run_address>
         <size>0x622</size>
         <input_file_ref idref="fl-4"/>
      </object_component>
      <object_component id="oc-1b4">
         <name>.debug_info</name>
         <load_address>0x2b1d</load_address>
         <run_address>0x2b1d</run_address>
         <size>0x2c</size>
         <input_file_ref idref="fl-4"/>
      </object_component>
      <object_component id="oc-190">
         <name>.debug_info</name>
         <load_address>0x2b49</load_address>
         <run_address>0x2b49</run_address>
         <size>0x3ce</size>
         <input_file_ref idref="fl-5"/>
      </object_component>
      <object_component id="oc-18c">
         <name>.debug_info</name>
         <load_address>0x2f17</load_address>
         <run_address>0x2f17</run_address>
         <size>0xc3</size>
         <input_file_ref idref="fl-5"/>
      </object_component>
      <object_component id="oc-164">
         <name>.debug_info</name>
         <load_address>0x2fda</load_address>
         <run_address>0x2fda</run_address>
         <size>0x13b</size>
         <input_file_ref idref="fl-5"/>
      </object_component>
      <object_component id="oc-da">
         <name>.debug_info</name>
         <load_address>0x3115</load_address>
         <run_address>0x3115</run_address>
         <size>0x14d5</size>
         <input_file_ref idref="fl-5"/>
      </object_component>
      <object_component id="oc-12c">
         <name>.debug_info</name>
         <load_address>0x45ea</load_address>
         <run_address>0x45ea</run_address>
         <size>0x3e1</size>
         <input_file_ref idref="fl-6"/>
      </object_component>
      <object_component id="oc-2f">
         <name>.debug_info</name>
         <load_address>0x49cb</load_address>
         <run_address>0x49cb</run_address>
         <size>0x298</size>
         <input_file_ref idref="fl-7"/>
      </object_component>
      <object_component id="oc-10">
         <name>.debug_info</name>
         <load_address>0x4c63</load_address>
         <run_address>0x4c63</run_address>
         <size>0xd7</size>
         <input_file_ref idref="fl-7"/>
      </object_component>
      <object_component id="oc-2a">
         <name>.debug_info</name>
         <load_address>0x4d3a</load_address>
         <run_address>0x4d3a</run_address>
         <size>0x253</size>
         <input_file_ref idref="fl-7"/>
      </object_component>
      <object_component id="oc-186">
         <name>.debug_info</name>
         <load_address>0x4f8d</load_address>
         <run_address>0x4f8d</run_address>
         <size>0x132</size>
         <input_file_ref idref="fl-c2"/>
      </object_component>
      <object_component id="oc-17c">
         <name>.debug_info</name>
         <load_address>0x50bf</load_address>
         <run_address>0x50bf</run_address>
         <size>0x132</size>
         <input_file_ref idref="fl-c3"/>
      </object_component>
      <object_component id="oc-181">
         <name>.debug_info</name>
         <load_address>0x51f1</load_address>
         <run_address>0x51f1</run_address>
         <size>0x126</size>
         <input_file_ref idref="fl-c4"/>
      </object_component>
      <object_component id="oc-179">
         <name>.debug_info</name>
         <load_address>0x5317</load_address>
         <run_address>0x5317</run_address>
         <size>0x124</size>
         <input_file_ref idref="fl-c5"/>
      </object_component>
      <object_component id="oc-3d">
         <name>.debug_info</name>
         <load_address>0x543b</load_address>
         <run_address>0x543b</run_address>
         <size>0x111</size>
         <input_file_ref idref="fl-c6"/>
      </object_component>
      <object_component id="oc-92">
         <name>.debug_info</name>
         <load_address>0x554c</load_address>
         <run_address>0x554c</run_address>
         <size>0x313</size>
         <input_file_ref idref="fl-c7"/>
      </object_component>
      <object_component id="oc-49">
         <name>.debug_info</name>
         <load_address>0x585f</load_address>
         <run_address>0x585f</run_address>
         <size>0x1b4</size>
         <input_file_ref idref="fl-c7"/>
      </object_component>
      <object_component id="oc-8d">
         <name>.debug_info</name>
         <load_address>0x5a13</load_address>
         <run_address>0x5a13</run_address>
         <size>0x46</size>
         <input_file_ref idref="fl-c7"/>
      </object_component>
      <object_component id="oc-ca">
         <name>.debug_info</name>
         <load_address>0x5a59</load_address>
         <run_address>0x5a59</run_address>
         <size>0x2c</size>
         <input_file_ref idref="fl-c7"/>
      </object_component>
      <object_component id="oc-46">
         <name>.debug_info</name>
         <load_address>0x5a85</load_address>
         <run_address>0x5a85</run_address>
         <size>0x29d</size>
         <input_file_ref idref="fl-c8"/>
      </object_component>
      <object_component id="oc-19">
         <name>.debug_info</name>
         <load_address>0x5d22</load_address>
         <run_address>0x5d22</run_address>
         <size>0x1df</size>
         <input_file_ref idref="fl-c8"/>
      </object_component>
      <object_component id="oc-41">
         <name>.debug_info</name>
         <load_address>0x5f01</load_address>
         <run_address>0x5f01</run_address>
         <size>0x46</size>
         <input_file_ref idref="fl-c8"/>
      </object_component>
      <object_component id="oc-85">
         <name>.debug_info</name>
         <load_address>0x5f47</load_address>
         <run_address>0x5f47</run_address>
         <size>0x2c</size>
         <input_file_ref idref="fl-c8"/>
      </object_component>
      <object_component id="oc-83">
         <name>.debug_info</name>
         <load_address>0x5f73</load_address>
         <run_address>0x5f73</run_address>
         <size>0x293</size>
         <input_file_ref idref="fl-c9"/>
      </object_component>
      <object_component id="oc-13">
         <name>.debug_info</name>
         <load_address>0x6206</load_address>
         <run_address>0x6206</run_address>
         <size>0x245</size>
         <input_file_ref idref="fl-c9"/>
      </object_component>
      <object_component id="oc-31">
         <name>.debug_info</name>
         <load_address>0x644b</load_address>
         <run_address>0x644b</run_address>
         <size>0x60</size>
         <input_file_ref idref="fl-c9"/>
      </object_component>
      <object_component id="oc-c3">
         <name>.debug_info</name>
         <load_address>0x64ab</load_address>
         <run_address>0x64ab</run_address>
         <size>0x46</size>
         <input_file_ref idref="fl-c9"/>
      </object_component>
      <object_component id="oc-7e">
         <name>.debug_info</name>
         <load_address>0x64f1</load_address>
         <run_address>0x64f1</run_address>
         <size>0x39</size>
         <input_file_ref idref="fl-c9"/>
      </object_component>
      <object_component id="oc-22">
         <name>.debug_info</name>
         <load_address>0x652a</load_address>
         <run_address>0x652a</run_address>
         <size>0x100</size>
         <input_file_ref idref="fl-ca"/>
      </object_component>
      <object_component id="oc-5b">
         <name>.debug_info</name>
         <load_address>0x662a</load_address>
         <run_address>0x662a</run_address>
         <size>0x1a4</size>
         <input_file_ref idref="fl-ca"/>
      </object_component>
      <object_component id="oc-e7">
         <name>.debug_info</name>
         <load_address>0x67ce</load_address>
         <run_address>0x67ce</run_address>
         <size>0x117</size>
         <input_file_ref idref="fl-cb"/>
      </object_component>
      <object_component id="oc-6f">
         <name>.debug_info</name>
         <load_address>0x68e5</load_address>
         <run_address>0x68e5</run_address>
         <size>0x3bb</size>
         <input_file_ref idref="fl-cc"/>
      </object_component>
      <object_component id="oc-25">
         <name>.debug_info</name>
         <load_address>0x6ca0</load_address>
         <run_address>0x6ca0</run_address>
         <size>0x101</size>
         <input_file_ref idref="fl-cc"/>
      </object_component>
      <object_component id="oc-1fe">
         <name>.debug_info</name>
         <load_address>0x6da1</load_address>
         <run_address>0x6da1</run_address>
         <size>0x14c</size>
         <input_file_ref idref="fl-cc"/>
      </object_component>
      <object_component id="oc-1ec">
         <name>.debug_info</name>
         <load_address>0x6eed</load_address>
         <run_address>0x6eed</run_address>
         <size>0x139</size>
         <input_file_ref idref="fl-cc"/>
      </object_component>
      <object_component id="oc-1f2">
         <name>.debug_info</name>
         <load_address>0x7026</load_address>
         <run_address>0x7026</run_address>
         <size>0x174</size>
         <input_file_ref idref="fl-cc"/>
      </object_component>
      <object_component id="oc-1f8">
         <name>.debug_info</name>
         <load_address>0x719a</load_address>
         <run_address>0x719a</run_address>
         <size>0x172</size>
         <input_file_ref idref="fl-cc"/>
      </object_component>
      <object_component id="oc-1e6">
         <name>.debug_info</name>
         <load_address>0x730c</load_address>
         <run_address>0x730c</run_address>
         <size>0x1db</size>
         <input_file_ref idref="fl-cc"/>
      </object_component>
      <object_component id="oc-15f">
         <name>.debug_info</name>
         <load_address>0x74e7</load_address>
         <run_address>0x74e7</run_address>
         <size>0x1e6</size>
         <input_file_ref idref="fl-cc"/>
      </object_component>
      <object_component id="oc-158">
         <name>.debug_info</name>
         <load_address>0x76cd</load_address>
         <run_address>0x76cd</run_address>
         <size>0x1b1</size>
         <input_file_ref idref="fl-cc"/>
      </object_component>
      <object_component id="oc-b3">
         <name>.debug_info</name>
         <load_address>0x787e</load_address>
         <run_address>0x787e</run_address>
         <size>0x2c</size>
         <input_file_ref idref="fl-cc"/>
      </object_component>
      <object_component id="oc-b8">
         <name>.debug_info</name>
         <load_address>0x78aa</load_address>
         <run_address>0x78aa</run_address>
         <size>0x62</size>
         <input_file_ref idref="fl-cc"/>
      </object_component>
      <object_component id="oc-22b">
         <name>.debug_info</name>
         <load_address>0x790c</load_address>
         <run_address>0x790c</run_address>
         <size>0x2be</size>
         <input_file_ref idref="fl-cd"/>
      </object_component>
      <object_component id="oc-198">
         <name>.debug_info</name>
         <load_address>0x7bca</load_address>
         <run_address>0x7bca</run_address>
         <size>0x113</size>
         <input_file_ref idref="fl-cd"/>
      </object_component>
      <object_component id="oc-225">
         <name>.debug_info</name>
         <load_address>0x7cdd</load_address>
         <run_address>0x7cdd</run_address>
         <size>0x123</size>
         <input_file_ref idref="fl-cd"/>
      </object_component>
      <object_component id="oc-1d8">
         <name>.debug_info</name>
         <load_address>0x7e00</load_address>
         <run_address>0x7e00</run_address>
         <size>0x27f</size>
         <input_file_ref idref="fl-cf"/>
      </object_component>
      <object_component id="oc-13f">
         <name>.debug_info</name>
         <load_address>0x807f</load_address>
         <run_address>0x807f</run_address>
         <size>0x258</size>
         <input_file_ref idref="fl-cf"/>
      </object_component>
      <object_component id="oc-1da">
         <name>.debug_info</name>
         <load_address>0x82d7</load_address>
         <run_address>0x82d7</run_address>
         <size>0x299</size>
         <input_file_ref idref="fl-d0"/>
      </object_component>
      <object_component id="oc-145">
         <name>.debug_info</name>
         <load_address>0x8570</load_address>
         <run_address>0x8570</run_address>
         <size>0x231</size>
         <input_file_ref idref="fl-d0"/>
      </object_component>
      <object_component id="oc-1cc">
         <name>.debug_info</name>
         <load_address>0x87a1</load_address>
         <run_address>0x87a1</run_address>
         <size>0x335</size>
         <input_file_ref idref="fl-d1"/>
      </object_component>
      <object_component id="oc-139">
         <name>.debug_info</name>
         <load_address>0x8ad6</load_address>
         <run_address>0x8ad6</run_address>
         <size>0x1fd</size>
         <input_file_ref idref="fl-d1"/>
      </object_component>
      <object_component id="oc-1c0">
         <name>.debug_info</name>
         <load_address>0x8cd3</load_address>
         <run_address>0x8cd3</run_address>
         <size>0x1bb</size>
         <input_file_ref idref="fl-d1"/>
      </object_component>
      <object_component id="oc-1c6">
         <name>.debug_info</name>
         <load_address>0x8e8e</load_address>
         <run_address>0x8e8e</run_address>
         <size>0x16e</size>
         <input_file_ref idref="fl-d1"/>
      </object_component>
      <object_component id="oc-1cd">
         <name>.debug_info</name>
         <load_address>0x8ffc</load_address>
         <run_address>0x8ffc</run_address>
         <size>0x2c</size>
         <input_file_ref idref="fl-d1"/>
      </object_component>
      <object_component id="oc-1d2">
         <name>.debug_info</name>
         <load_address>0x9028</load_address>
         <run_address>0x9028</run_address>
         <size>0x69</size>
         <input_file_ref idref="fl-d1"/>
      </object_component>
      <object_component id="oc-94">
         <name>.debug_info</name>
         <load_address>0x9091</load_address>
         <run_address>0x9091</run_address>
         <size>0x13f</size>
         <input_file_ref idref="fl-d2"/>
      </object_component>
      <object_component id="oc-19e">
         <name>.debug_info</name>
         <load_address>0x91d0</load_address>
         <run_address>0x91d0</run_address>
         <size>0x547</size>
         <input_file_ref idref="fl-d3"/>
      </object_component>
      <object_component id="oc-f6">
         <name>.debug_info</name>
         <load_address>0x9717</load_address>
         <run_address>0x9717</run_address>
         <size>0x19b</size>
         <input_file_ref idref="fl-d3"/>
      </object_component>
      <object_component id="oc-231">
         <name>.debug_info</name>
         <load_address>0x98b2</load_address>
         <run_address>0x98b2</run_address>
         <size>0x39</size>
         <input_file_ref idref="fl-d3"/>
      </object_component>
      <object_component id="oc-2a5">
         <name>.debug_info</name>
         <load_address>0x98eb</load_address>
         <run_address>0x98eb</run_address>
         <size>0x39</size>
         <input_file_ref idref="fl-d3"/>
      </object_component>
      <object_component id="oc-236">
         <name>.debug_info</name>
         <load_address>0x9924</load_address>
         <run_address>0x9924</run_address>
         <size>0x39</size>
         <input_file_ref idref="fl-d3"/>
      </object_component>
      <object_component id="oc-23b">
         <name>.debug_info</name>
         <load_address>0x995d</load_address>
         <run_address>0x995d</run_address>
         <size>0xcd</size>
         <input_file_ref idref="fl-d3"/>
      </object_component>
      <object_component id="oc-9b">
         <name>.debug_info</name>
         <load_address>0x9a2a</load_address>
         <run_address>0x9a2a</run_address>
         <size>0x148</size>
         <input_file_ref idref="fl-d4"/>
      </object_component>
      <object_component id="oc-284">
         <name>.debug_info</name>
         <load_address>0x9b72</load_address>
         <run_address>0x9b72</run_address>
         <size>0x8a6</size>
         <input_file_ref idref="fl-d6"/>
      </object_component>
      <object_component id="oc-250">
         <name>.debug_info</name>
         <load_address>0xa418</load_address>
         <run_address>0xa418</run_address>
         <size>0x213</size>
         <input_file_ref idref="fl-d6"/>
      </object_component>
      <object_component id="oc-2d1">
         <name>.debug_info</name>
         <load_address>0xa62b</load_address>
         <run_address>0xa62b</run_address>
         <size>0x1a8</size>
         <input_file_ref idref="fl-d6"/>
      </object_component>
      <object_component id="oc-2d7">
         <name>.debug_info</name>
         <load_address>0xa7d3</load_address>
         <run_address>0xa7d3</run_address>
         <size>0x210</size>
         <input_file_ref idref="fl-d6"/>
      </object_component>
      <object_component id="oc-25b">
         <name>.debug_info</name>
         <load_address>0xa9e3</load_address>
         <run_address>0xa9e3</run_address>
         <size>0x3b0</size>
         <input_file_ref idref="fl-d6"/>
      </object_component>
      <object_component id="oc-2de">
         <name>.debug_info</name>
         <load_address>0xad93</load_address>
         <run_address>0xad93</run_address>
         <size>0x2fa</size>
         <input_file_ref idref="fl-d6"/>
      </object_component>
      <object_component id="oc-2e3">
         <name>.debug_info</name>
         <load_address>0xb08d</load_address>
         <run_address>0xb08d</run_address>
         <size>0x20a</size>
         <input_file_ref idref="fl-d6"/>
      </object_component>
      <object_component id="oc-260">
         <name>.debug_info</name>
         <load_address>0xb297</load_address>
         <run_address>0xb297</run_address>
         <size>0x20a</size>
         <input_file_ref idref="fl-d6"/>
      </object_component>
      <object_component id="oc-266">
         <name>.debug_info</name>
         <load_address>0xb4a1</load_address>
         <run_address>0xb4a1</run_address>
         <size>0x2f9</size>
         <input_file_ref idref="fl-d6"/>
      </object_component>
      <object_component id="oc-26c">
         <name>.debug_info</name>
         <load_address>0xb79a</load_address>
         <run_address>0xb79a</run_address>
         <size>0x4a5</size>
         <input_file_ref idref="fl-d6"/>
      </object_component>
      <object_component id="oc-1ba">
         <name>.debug_info</name>
         <load_address>0xbc3f</load_address>
         <run_address>0xbc3f</run_address>
         <size>0x5cd</size>
         <input_file_ref idref="fl-d6"/>
      </object_component>
      <object_component id="oc-285">
         <name>.debug_info</name>
         <load_address>0xc20c</load_address>
         <run_address>0xc20c</run_address>
         <size>0x86</size>
         <input_file_ref idref="fl-d6"/>
      </object_component>
      <object_component id="oc-30d">
         <name>.debug_info</name>
         <load_address>0xc292</load_address>
         <run_address>0xc292</run_address>
         <size>0x39</size>
         <input_file_ref idref="fl-d6"/>
      </object_component>
      <object_component id="oc-34a">
         <name>.debug_info</name>
         <load_address>0xc2cb</load_address>
         <run_address>0xc2cb</run_address>
         <size>0xb6</size>
         <input_file_ref idref="fl-d6"/>
      </object_component>
      <object_component id="oc-312">
         <name>.debug_info</name>
         <load_address>0xc381</load_address>
         <run_address>0xc381</run_address>
         <size>0x46</size>
         <input_file_ref idref="fl-d6"/>
      </object_component>
      <object_component id="oc-28a">
         <name>.debug_info</name>
         <load_address>0xc3c7</load_address>
         <run_address>0xc3c7</run_address>
         <size>0x46</size>
         <input_file_ref idref="fl-d6"/>
      </object_component>
      <object_component id="oc-2b7">
         <name>.debug_info</name>
         <load_address>0xc40d</load_address>
         <run_address>0xc40d</run_address>
         <size>0x2ae</size>
         <input_file_ref idref="fl-d7"/>
      </object_component>
      <object_component id="oc-24c">
         <name>.debug_info</name>
         <load_address>0xc6bb</load_address>
         <run_address>0xc6bb</run_address>
         <size>0x171</size>
         <input_file_ref idref="fl-d7"/>
      </object_component>
      <object_component id="oc-31b">
         <name>.debug_info</name>
         <load_address>0xc82c</load_address>
         <run_address>0xc82c</run_address>
         <size>0xee</size>
         <input_file_ref idref="fl-d8"/>
      </object_component>
      <object_component id="oc-2b4">
         <name>.debug_info</name>
         <load_address>0xc91a</load_address>
         <run_address>0xc91a</run_address>
         <size>0xfa</size>
         <input_file_ref idref="fl-d8"/>
      </object_component>
      <object_component id="oc-326">
         <name>.debug_info</name>
         <load_address>0xca14</load_address>
         <run_address>0xca14</run_address>
         <size>0x290</size>
         <input_file_ref idref="fl-d9"/>
      </object_component>
      <object_component id="oc-2c5">
         <name>.debug_info</name>
         <load_address>0xcca4</load_address>
         <run_address>0xcca4</run_address>
         <size>0x1c2</size>
         <input_file_ref idref="fl-d9"/>
      </object_component>
      <object_component id="oc-2fe">
         <name>.debug_info</name>
         <load_address>0xce66</load_address>
         <run_address>0xce66</run_address>
         <size>0x28b</size>
         <input_file_ref idref="fl-da"/>
      </object_component>
      <object_component id="oc-272">
         <name>.debug_info</name>
         <load_address>0xd0f1</load_address>
         <run_address>0xd0f1</run_address>
         <size>0x1ab</size>
         <input_file_ref idref="fl-da"/>
      </object_component>
      <object_component id="oc-33c">
         <name>.debug_info</name>
         <load_address>0xd29c</load_address>
         <run_address>0xd29c</run_address>
         <size>0x28f</size>
         <input_file_ref idref="fl-db"/>
      </object_component>
      <object_component id="oc-2f8">
         <name>.debug_info</name>
         <load_address>0xd52b</load_address>
         <run_address>0xd52b</run_address>
         <size>0x247</size>
         <input_file_ref idref="fl-db"/>
      </object_component>
      <object_component id="oc-2b2">
         <name>.debug_info</name>
         <load_address>0xd772</load_address>
         <run_address>0xd772</run_address>
         <size>0x284</size>
         <input_file_ref idref="fl-dc"/>
      </object_component>
      <object_component id="oc-243">
         <name>.debug_info</name>
         <load_address>0xd9f6</load_address>
         <run_address>0xd9f6</run_address>
         <size>0x22a</size>
         <input_file_ref idref="fl-dc"/>
      </object_component>
      <object_component id="oc-32d">
         <name>.debug_info</name>
         <load_address>0xdc20</load_address>
         <run_address>0xdc20</run_address>
         <size>0x28f</size>
         <input_file_ref idref="fl-dd"/>
      </object_component>
      <object_component id="oc-2ec">
         <name>.debug_info</name>
         <load_address>0xdeaf</load_address>
         <run_address>0xdeaf</run_address>
         <size>0x18a</size>
         <input_file_ref idref="fl-dd"/>
      </object_component>
      <object_component id="oc-356">
         <name>.debug_info</name>
         <load_address>0xe039</load_address>
         <run_address>0xe039</run_address>
         <size>0x39</size>
         <input_file_ref idref="fl-dd"/>
      </object_component>
      <object_component id="oc-32e">
         <name>.debug_info</name>
         <load_address>0xe072</load_address>
         <run_address>0xe072</run_address>
         <size>0x2c</size>
         <input_file_ref idref="fl-dd"/>
      </object_component>
      <object_component id="oc-33a">
         <name>.debug_info</name>
         <load_address>0xe09e</load_address>
         <run_address>0xe09e</run_address>
         <size>0x2f2</size>
         <input_file_ref idref="fl-de"/>
      </object_component>
      <object_component id="oc-2f1">
         <name>.debug_info</name>
         <load_address>0xe390</load_address>
         <run_address>0xe390</run_address>
         <size>0x21a</size>
         <input_file_ref idref="fl-de"/>
      </object_component>
      <object_component id="oc-334">
         <name>.debug_info</name>
         <load_address>0xe5aa</load_address>
         <run_address>0xe5aa</run_address>
         <size>0x156</size>
         <input_file_ref idref="fl-df"/>
      </object_component>
      <object_component id="oc-305">
         <name>.debug_info</name>
         <load_address>0xe700</load_address>
         <run_address>0xe700</run_address>
         <size>0x284</size>
         <input_file_ref idref="fl-e0"/>
      </object_component>
      <object_component id="oc-279">
         <name>.debug_info</name>
         <load_address>0xe984</load_address>
         <run_address>0xe984</run_address>
         <size>0x14f</size>
         <input_file_ref idref="fl-e0"/>
      </object_component>
      <object_component id="oc-33f">
         <name>.debug_info</name>
         <load_address>0xead3</load_address>
         <run_address>0xead3</run_address>
         <size>0x46</size>
         <input_file_ref idref="fl-e0"/>
      </object_component>
      <object_component id="oc-300">
         <name>.debug_info</name>
         <load_address>0xeb19</load_address>
         <run_address>0xeb19</run_address>
         <size>0x39</size>
         <input_file_ref idref="fl-e0"/>
      </object_component>
      <object_component id="oc-2cb">
         <name>.debug_info</name>
         <load_address>0xeb52</load_address>
         <run_address>0xeb52</run_address>
         <size>0x144</size>
         <input_file_ref idref="fl-e1"/>
      </object_component>
      <object_component id="oc-256">
         <name>.debug_info</name>
         <load_address>0xec96</load_address>
         <run_address>0xec96</run_address>
         <size>0x120</size>
         <input_file_ref idref="fl-e2"/>
      </object_component>
      <object_component id="oc-2c0">
         <name>.debug_info</name>
         <load_address>0xedb6</load_address>
         <run_address>0xedb6</run_address>
         <size>0x122</size>
         <input_file_ref idref="fl-e2"/>
      </object_component>
      <object_component id="oc-2b9">
         <name>.debug_info</name>
         <load_address>0xeed8</load_address>
         <run_address>0xeed8</run_address>
         <size>0x12c</size>
         <input_file_ref idref="fl-e3"/>
      </object_component>
      <object_component id="oc-30a">
         <name>.debug_info</name>
         <load_address>0xf004</load_address>
         <run_address>0xf004</run_address>
         <size>0x27e</size>
         <input_file_ref idref="fl-e4"/>
      </object_component>
      <object_component id="oc-307">
         <name>.debug_info</name>
         <load_address>0xf282</load_address>
         <run_address>0xf282</run_address>
         <size>0x103</size>
         <input_file_ref idref="fl-e4"/>
      </object_component>
      <object_component id="oc-27e">
         <name>.debug_info</name>
         <load_address>0xf385</load_address>
         <run_address>0xf385</run_address>
         <size>0x143</size>
         <input_file_ref idref="fl-e4"/>
      </object_component>
      <object_component id="oc-31f">
         <name>.debug_info</name>
         <load_address>0xf4c8</load_address>
         <run_address>0xf4c8</run_address>
         <size>0x10d</size>
         <input_file_ref idref="fl-e5"/>
      </object_component>
      <object_component id="oc-20a">
         <name>.debug_info</name>
         <load_address>0xf5d5</load_address>
         <run_address>0xf5d5</run_address>
         <size>0x20e</size>
         <input_file_ref idref="fl-e6"/>
      </object_component>
      <object_component id="oc-202">
         <name>.debug_info</name>
         <load_address>0xf7e3</load_address>
         <run_address>0xf7e3</run_address>
         <size>0x157</size>
         <input_file_ref idref="fl-e6"/>
      </object_component>
      <object_component id="oc-16e">
         <name>.debug_info</name>
         <load_address>0xf93a</load_address>
         <run_address>0xf93a</run_address>
         <size>0x2c1</size>
         <input_file_ref idref="fl-e6"/>
      </object_component>
      <object_component id="oc-174">
         <name>.debug_info</name>
         <load_address>0xfbfb</load_address>
         <run_address>0xfbfb</run_address>
         <size>0x23e</size>
         <input_file_ref idref="fl-e6"/>
      </object_component>
      <object_component id="oc-212">
         <name>.debug_info</name>
         <load_address>0xfe39</load_address>
         <run_address>0xfe39</run_address>
         <size>0x8b</size>
         <input_file_ref idref="fl-e6"/>
      </object_component>
      <object_component id="oc-205">
         <name>.debug_info</name>
         <load_address>0xfec4</load_address>
         <run_address>0xfec4</run_address>
         <size>0x18b</size>
         <input_file_ref idref="fl-e6"/>
      </object_component>
      <object_component id="oc-20d">
         <name>.debug_info</name>
         <load_address>0x1004f</load_address>
         <run_address>0x1004f</run_address>
         <size>0x212</size>
         <input_file_ref idref="fl-e7"/>
      </object_component>
      <object_component id="oc-38e">
         <name>.debug_info</name>
         <load_address>0x10261</load_address>
         <run_address>0x10261</run_address>
         <size>0x8d</size>
      </object_component>
      <object_component id="oc-125">
         <name>.debug_line</name>
         <load_address>0x0</load_address>
         <run_address>0x0</run_address>
         <size>0x54</size>
         <input_file_ref idref="fl-2"/>
      </object_component>
      <object_component id="oc-a3">
         <name>.debug_line</name>
         <load_address>0x54</load_address>
         <run_address>0x54</run_address>
         <size>0x50</size>
         <input_file_ref idref="fl-2"/>
      </object_component>
      <object_component id="oc-129">
         <name>.debug_line</name>
         <load_address>0xa4</load_address>
         <run_address>0xa4</run_address>
         <size>0x37</size>
         <input_file_ref idref="fl-2"/>
      </object_component>
      <object_component id="oc-77">
         <name>.debug_line</name>
         <load_address>0xdb</load_address>
         <run_address>0xdb</run_address>
         <size>0x69</size>
         <input_file_ref idref="fl-2"/>
      </object_component>
      <object_component id="oc-39">
         <name>.debug_line</name>
         <load_address>0x144</load_address>
         <run_address>0x144</run_address>
         <size>0x20</size>
         <input_file_ref idref="fl-2"/>
      </object_component>
      <object_component id="oc-c0">
         <name>.debug_line</name>
         <load_address>0x164</load_address>
         <run_address>0x164</run_address>
         <size>0x6d</size>
         <input_file_ref idref="fl-2"/>
      </object_component>
      <object_component id="oc-7c">
         <name>.debug_line</name>
         <load_address>0x1d1</load_address>
         <run_address>0x1d1</run_address>
         <size>0x6a</size>
         <input_file_ref idref="fl-2"/>
      </object_component>
      <object_component id="oc-1e2">
         <name>.debug_line</name>
         <load_address>0x23b</load_address>
         <run_address>0x23b</run_address>
         <size>0x64</size>
         <input_file_ref idref="fl-2"/>
      </object_component>
      <object_component id="oc-155">
         <name>.debug_line</name>
         <load_address>0x29f</load_address>
         <run_address>0x29f</run_address>
         <size>0x65</size>
         <input_file_ref idref="fl-2"/>
      </object_component>
      <object_component id="oc-1de">
         <name>.debug_line</name>
         <load_address>0x304</load_address>
         <run_address>0x304</run_address>
         <size>0xb7</size>
         <input_file_ref idref="fl-3"/>
      </object_component>
      <object_component id="oc-1dc">
         <name>.debug_line</name>
         <load_address>0x3bb</load_address>
         <run_address>0x3bb</run_address>
         <size>0x2c</size>
         <input_file_ref idref="fl-3"/>
      </object_component>
      <object_component id="oc-135">
         <name>.debug_line</name>
         <load_address>0x3e7</load_address>
         <run_address>0x3e7</run_address>
         <size>0x45</size>
         <input_file_ref idref="fl-3"/>
      </object_component>
      <object_component id="oc-d7">
         <name>.debug_line</name>
         <load_address>0x42c</load_address>
         <run_address>0x42c</run_address>
         <size>0x230</size>
         <input_file_ref idref="fl-3"/>
      </object_component>
      <object_component id="oc-220">
         <name>.debug_line</name>
         <load_address>0x65c</load_address>
         <run_address>0x65c</run_address>
         <size>0x43</size>
         <input_file_ref idref="fl-4"/>
      </object_component>
      <object_component id="oc-e3">
         <name>.debug_line</name>
         <load_address>0x69f</load_address>
         <run_address>0x69f</run_address>
         <size>0x120</size>
         <input_file_ref idref="fl-4"/>
      </object_component>
      <object_component id="oc-1b7">
         <name>.debug_line</name>
         <load_address>0x7bf</load_address>
         <run_address>0x7bf</run_address>
         <size>0x2e</size>
         <input_file_ref idref="fl-4"/>
      </object_component>
      <object_component id="oc-21e">
         <name>.debug_line</name>
         <load_address>0x7ed</load_address>
         <run_address>0x7ed</run_address>
         <size>0xcf</size>
         <input_file_ref idref="fl-5"/>
      </object_component>
      <object_component id="oc-21c">
         <name>.debug_line</name>
         <load_address>0x8bc</load_address>
         <run_address>0x8bc</run_address>
         <size>0x37</size>
         <input_file_ref idref="fl-5"/>
      </object_component>
      <object_component id="oc-167">
         <name>.debug_line</name>
         <load_address>0x8f3</load_address>
         <run_address>0x8f3</run_address>
         <size>0x4f</size>
         <input_file_ref idref="fl-5"/>
      </object_component>
      <object_component id="oc-dd">
         <name>.debug_line</name>
         <load_address>0x942</load_address>
         <run_address>0x942</run_address>
         <size>0x39c</size>
         <input_file_ref idref="fl-5"/>
      </object_component>
      <object_component id="oc-130">
         <name>.debug_line</name>
         <load_address>0xcde</load_address>
         <run_address>0xcde</run_address>
         <size>0x110</size>
         <input_file_ref idref="fl-6"/>
      </object_component>
      <object_component id="oc-73">
         <name>.debug_line</name>
         <load_address>0xdee</load_address>
         <run_address>0xdee</run_address>
         <size>0x41</size>
         <input_file_ref idref="fl-7"/>
      </object_component>
      <object_component id="oc-2e">
         <name>.debug_line</name>
         <load_address>0xe2f</load_address>
         <run_address>0xe2f</run_address>
         <size>0x41</size>
         <input_file_ref idref="fl-7"/>
      </object_component>
      <object_component id="oc-29">
         <name>.debug_line</name>
         <load_address>0xe70</load_address>
         <run_address>0xe70</run_address>
         <size>0xa1</size>
         <input_file_ref idref="fl-7"/>
      </object_component>
      <object_component id="oc-189">
         <name>.debug_line</name>
         <load_address>0xf11</load_address>
         <run_address>0xf11</run_address>
         <size>0xa8</size>
         <input_file_ref idref="fl-c2"/>
      </object_component>
      <object_component id="oc-17f">
         <name>.debug_line</name>
         <load_address>0xfb9</load_address>
         <run_address>0xfb9</run_address>
         <size>0x8e</size>
         <input_file_ref idref="fl-c3"/>
      </object_component>
      <object_component id="oc-184">
         <name>.debug_line</name>
         <load_address>0x1047</load_address>
         <run_address>0x1047</run_address>
         <size>0x5a</size>
         <input_file_ref idref="fl-c4"/>
      </object_component>
      <object_component id="oc-177">
         <name>.debug_line</name>
         <load_address>0x10a1</load_address>
         <run_address>0x10a1</run_address>
         <size>0x50</size>
         <input_file_ref idref="fl-c5"/>
      </object_component>
      <object_component id="oc-3c">
         <name>.debug_line</name>
         <load_address>0x10f1</load_address>
         <run_address>0x10f1</run_address>
         <size>0x88</size>
         <input_file_ref idref="fl-c6"/>
      </object_component>
      <object_component id="oc-d0">
         <name>.debug_line</name>
         <load_address>0x1179</load_address>
         <run_address>0x1179</run_address>
         <size>0x9e</size>
         <input_file_ref idref="fl-c7"/>
      </object_component>
      <object_component id="oc-4b">
         <name>.debug_line</name>
         <load_address>0x1217</load_address>
         <run_address>0x1217</run_address>
         <size>0x4f</size>
         <input_file_ref idref="fl-c7"/>
      </object_component>
      <object_component id="oc-90">
         <name>.debug_line</name>
         <load_address>0x1266</load_address>
         <run_address>0x1266</run_address>
         <size>0x34</size>
         <input_file_ref idref="fl-c7"/>
      </object_component>
      <object_component id="oc-cd">
         <name>.debug_line</name>
         <load_address>0x129a</load_address>
         <run_address>0x129a</run_address>
         <size>0x8a</size>
         <input_file_ref idref="fl-c7"/>
      </object_component>
      <object_component id="oc-8b">
         <name>.debug_line</name>
         <load_address>0x1324</load_address>
         <run_address>0x1324</run_address>
         <size>0x20</size>
         <input_file_ref idref="fl-c8"/>
      </object_component>
      <object_component id="oc-1c">
         <name>.debug_line</name>
         <load_address>0x1344</load_address>
         <run_address>0x1344</run_address>
         <size>0x55</size>
         <input_file_ref idref="fl-c8"/>
      </object_component>
      <object_component id="oc-44">
         <name>.debug_line</name>
         <load_address>0x1399</load_address>
         <run_address>0x1399</run_address>
         <size>0x3a</size>
         <input_file_ref idref="fl-c8"/>
      </object_component>
      <object_component id="oc-88">
         <name>.debug_line</name>
         <load_address>0x13d3</load_address>
         <run_address>0x13d3</run_address>
         <size>0x8a</size>
         <input_file_ref idref="fl-c8"/>
      </object_component>
      <object_component id="oc-c9">
         <name>.debug_line</name>
         <load_address>0x145d</load_address>
         <run_address>0x145d</run_address>
         <size>0x20</size>
         <input_file_ref idref="fl-c9"/>
      </object_component>
      <object_component id="oc-17">
         <name>.debug_line</name>
         <load_address>0x147d</load_address>
         <run_address>0x147d</run_address>
         <size>0xa9</size>
         <input_file_ref idref="fl-c9"/>
      </object_component>
      <object_component id="oc-34">
         <name>.debug_line</name>
         <load_address>0x1526</load_address>
         <run_address>0x1526</run_address>
         <size>0x3a</size>
         <input_file_ref idref="fl-c9"/>
      </object_component>
      <object_component id="oc-c6">
         <name>.debug_line</name>
         <load_address>0x1560</load_address>
         <run_address>0x1560</run_address>
         <size>0x92</size>
         <input_file_ref idref="fl-c9"/>
      </object_component>
      <object_component id="oc-81">
         <name>.debug_line</name>
         <load_address>0x15f2</load_address>
         <run_address>0x15f2</run_address>
         <size>0x8e</size>
         <input_file_ref idref="fl-c9"/>
      </object_component>
      <object_component id="oc-6c">
         <name>.debug_line</name>
         <load_address>0x1680</load_address>
         <run_address>0x1680</run_address>
         <size>0x33</size>
         <input_file_ref idref="fl-ca"/>
      </object_component>
      <object_component id="oc-5e">
         <name>.debug_line</name>
         <load_address>0x16b3</load_address>
         <run_address>0x16b3</run_address>
         <size>0x56</size>
         <input_file_ref idref="fl-ca"/>
      </object_component>
      <object_component id="oc-ea">
         <name>.debug_line</name>
         <load_address>0x1709</load_address>
         <run_address>0x1709</run_address>
         <size>0x3c</size>
         <input_file_ref idref="fl-cb"/>
      </object_component>
      <object_component id="oc-b2">
         <name>.debug_line</name>
         <load_address>0x1745</load_address>
         <run_address>0x1745</run_address>
         <size>0x95</size>
         <input_file_ref idref="fl-cc"/>
      </object_component>
      <object_component id="oc-6e">
         <name>.debug_line</name>
         <load_address>0x17da</load_address>
         <run_address>0x17da</run_address>
         <size>0x2c</size>
         <input_file_ref idref="fl-cc"/>
      </object_component>
      <object_component id="oc-29c">
         <name>.debug_line</name>
         <load_address>0x1806</load_address>
         <run_address>0x1806</run_address>
         <size>0x2c</size>
         <input_file_ref idref="fl-cc"/>
      </object_component>
      <object_component id="oc-1ef">
         <name>.debug_line</name>
         <load_address>0x1832</load_address>
         <run_address>0x1832</run_address>
         <size>0x4b</size>
         <input_file_ref idref="fl-cc"/>
      </object_component>
      <object_component id="oc-1f5">
         <name>.debug_line</name>
         <load_address>0x187d</load_address>
         <run_address>0x187d</run_address>
         <size>0x5a</size>
         <input_file_ref idref="fl-cc"/>
      </object_component>
      <object_component id="oc-1fb">
         <name>.debug_line</name>
         <load_address>0x18d7</load_address>
         <run_address>0x18d7</run_address>
         <size>0x67</size>
         <input_file_ref idref="fl-cc"/>
      </object_component>
      <object_component id="oc-1e5">
         <name>.debug_line</name>
         <load_address>0x193e</load_address>
         <run_address>0x193e</run_address>
         <size>0x73</size>
         <input_file_ref idref="fl-cc"/>
      </object_component>
      <object_component id="oc-15e">
         <name>.debug_line</name>
         <load_address>0x19b1</load_address>
         <run_address>0x19b1</run_address>
         <size>0xa0</size>
         <input_file_ref idref="fl-cc"/>
      </object_component>
      <object_component id="oc-15c">
         <name>.debug_line</name>
         <load_address>0x1a51</load_address>
         <run_address>0x1a51</run_address>
         <size>0x52</size>
         <input_file_ref idref="fl-cc"/>
      </object_component>
      <object_component id="oc-b6">
         <name>.debug_line</name>
         <load_address>0x1aa3</load_address>
         <run_address>0x1aa3</run_address>
         <size>0x8a</size>
         <input_file_ref idref="fl-cc"/>
      </object_component>
      <object_component id="oc-bb">
         <name>.debug_line</name>
         <load_address>0x1b2d</load_address>
         <run_address>0x1b2d</run_address>
         <size>0x2c</size>
         <input_file_ref idref="fl-cc"/>
      </object_component>
      <object_component id="oc-2a4">
         <name>.debug_line</name>
         <load_address>0x1b59</load_address>
         <run_address>0x1b59</run_address>
         <size>0x20</size>
         <input_file_ref idref="fl-cd"/>
      </object_component>
      <object_component id="oc-22a">
         <name>.debug_line</name>
         <load_address>0x1b79</load_address>
         <run_address>0x1b79</run_address>
         <size>0x2b</size>
         <input_file_ref idref="fl-cd"/>
      </object_component>
      <object_component id="oc-228">
[...]
         <name>__TI_zero_init</name>
      </handler>
      <handler>
         <index>0x1</index>
         <name>__TI_decompress_lzss</name>
      </handler>
      <handler>
         <index>0x2</index>
         <name>__TI_decompress_none</name>
      </handler>
   </handler_table>
   <symbol_table>
      <symbol id="sm-1">
         <name>__STACK_TOP</name>
         <value>0x20000470</value>
      </symbol>
      <symbol id="sm-2">
         <name>__TI_CINIT_Base</name>
         <value>0x3678</value>
      </symbol>
      <symbol id="sm-3">
         <name>__TI_CINIT_Limit</name>
         <value>0x3690</value>
      </symbol>
      <symbol id="sm-4">
         <name>__TI_Handler_Table_Base</name>
         <value>0x3658</value>
      </symbol>
      <symbol id="sm-5">
         <name>__TI_Handler_Table_Limit</name>
         <value>0x3664</value>
      </symbol>
      <symbol id="sm-6">
         <name>binit</name>
         <value>0xffffffff</value>
      </symbol>
      <symbol id="sm-7">
         <name>__binit__</name>
         <value>0xffffffff</value>
      </symbol>
      <symbol id="sm-8">
         <name>__STACK_SIZE</name>
         <value>0x1000</value>
      </symbol>
      <symbol id="sm-9">
         <name>__STACK_END</name>
         <value>0x20001270</value>
      </symbol>
      <symbol id="sm-a">
         <name>__SYSMEM_SIZE</name>
         <value>0x1000</value>
      </symbol>
      <symbol id="sm-b">
         <name>__c_args__</name>
         <value>0xffffffff</value>
      </symbol>
      <symbol id="sm-c">
         <name>__TI_pprof_out_hndl</name>
         <value>0xffffffff</value>
      </symbol>
      <symbol id="sm-d">
         <name>__TI_prof_data_start</name>
         <value>0xffffffff</value>
      </symbol>
      <symbol id="sm-e">
         <name>__TI_prof_data_size</name>
         <value>0xffffffff</value>
      </symbol>
      <symbol id="sm-53">
         <name>main</name>
         <value>0x33b5</value>
         <object_component_ref idref="oc-9f"/>
      </symbol>
      <symbol id="sm-a3">
         <name>lcd_banner_effect</name>
         <value>0x1aa9</value>
         <object_component_ref idref="oc-d3"/>
      </symbol>
      <symbol id="sm-a4">
         <name>lcd_rotatingBanner</name>
         <value>0x1a25</value>
         <object_component_ref idref="oc-d3"/>
      </symbol>
      <symbol id="sm-a5">
         <name>lcd_sendCommand</name>
         <value>0x186b</value>
         <object_component_ref idref="oc-d3"/>
      </symbol>
      <symbol id="sm-a6">
         <name>lcd_sendNibble</name>
         <value>0x18a9</value>
         <object_component_ref idref="oc-d3"/>
      </symbol>
      <symbol id="sm-a7">
         <name>lcd_clear</name>
         <value>0x34c5</value>
         <object_component_ref idref="oc-131"/>
      </symbol>
      <symbol id="sm-a8">
         <name>lcd_printf</name>
         <value>0x1953</value>
         <object_component_ref idref="oc-d3"/>
      </symbol>
      <symbol id="sm-a9">
         <name>lcd_setCursorPos</name>
         <value>0x1915</value>
         <object_component_ref idref="oc-d3"/>
      </symbol>
      <symbol id="sm-aa">
         <name>lcd_init</name>
         <value>0x1755</value>
         <object_component_ref idref="oc-d3"/>
      </symbol>
      <symbol id="sm-ab">
         <name>lcd_puts</name>
         <value>0x184d</value>
         <object_component_ref idref="oc-d3"/>
      </symbol>
      <symbol id="sm-ac">
         <name>lcd_putc</name>
         <value>0x1815</value>
         <object_component_ref idref="oc-d3"/>
      </symbol>
      <symbol id="sm-ad">
         <name>lcd_gotoLine</name>
         <value>0x18ed</value>
         <object_component_ref idref="oc-d3"/>
      </symbol>
      <symbol id="sm-ae">
         <name>length</name>
         <value>0x1ae3</value>
         <object_component_ref idref="oc-d3"/>
      </symbol>
      <symbol id="sm-d4">
         <name>move_forward</name>
         <value>0x1f59</value>
         <object_component_ref idref="oc-df"/>
      </symbol>
      <symbol id="sm-d5">
         <name>move_backward</name>
         <value>0x2025</value>
         <object_component_ref idref="oc-df"/>
      </symbol>
      <symbol id="sm-d6">
         <name>turn_right</name>
         <value>0x1fa9</value>
         <object_component_ref idref="oc-df"/>
      </symbol>
      <symbol id="sm-d7">
         <name>turn_left</name>
         <value>0x1fe7</value>
         <object_component_ref idref="oc-df"/>
      </symbol>
      <symbol id="sm-d8">
         <name>move_with_collision</name>
         <value>0x206b</value>
         <object_component_ref idref="oc-df"/>
      </symbol>
      <symbol id="sm-182">
         <name>go_charge</name>
         <value>0x921</value>
         <object_component_ref idref="oc-d9"/>
      </symbol>
      <symbol id="sm-183">
         <name>GPIOF_Handler</name>
         <value>0xb65</value>
         <object_component_ref idref="oc-d9"/>
      </symbol>
      <symbol id="sm-184">
         <name>getDegrees</name>
         <value>0xb7f</value>
         <object_component_ref idref="oc-d9"/>
      </symbol>
      <symbol id="sm-185">
         <name>oi_free</name>
         <value>0x279</value>
         <object_component_ref idref="oc-d9"/>
      </symbol>
      <symbol id="sm-186">
         <name>oi_uartReceive</name>
         <value>0x9d3</value>
         <object_component_ref idref="oc-d9"/>
      </symbol>
      <symbol id="sm-187">
         <name>oi_setWheels</name>
         <value>0x875</value>
         <object_component_ref idref="oc-d9"/>
      </symbol>
      <symbol id="sm-188">
         <name>oi_shutoff_init</name>
         <value>0xaf3</value>
         <object_component_ref idref="oc-d9"/>
      </symbol>
      <symbol id="sm-189">
         <name>oi_parseInt</name>
         <value>0x340f</value>
         <object_component_ref idref="oc-163"/>
      </symbol>
      <symbol id="sm-18a">
         <name>oi_uartSendStr</name>
         <value>0x9fb</value>
         <object_component_ref idref="oc-d9"/>
      </symbol>
      <symbol id="sm-18b">
         <name>oi_close</name>
         <value>0x2c3</value>
         <object_component_ref idref="oc-d9"/>
      </symbol>
      <symbol id="sm-18c">
         <name>oi_uartSendBuff</name>
         <value>0xa19</value>
         <object_component_ref idref="oc-d9"/>
      </symbol>
      <symbol id="sm-18d">
         <name>oi_checkFirmware</name>
         <value>0xa4b</value>
         <object_component_ref idref="oc-d9"/>
      </symbol>
      <symbol id="sm-18e">
         <name>oi_init_noupdate</name>
         <value>0x289</value>
         <object_component_ref idref="oc-d9"/>
      </symbol>
      <symbol id="sm-18f">
         <name>oi_uartSendChar</name>
         <value>0x9b7</value>
         <object_component_ref idref="oc-d9"/>
      </symbol>
      <symbol id="sm-190">
         <name>oi_alloc</name>
         <value>0x26d</value>
         <object_component_ref idref="oc-d9"/>
      </symbol>
      <symbol id="sm-191">
         <name>oi_loadSong</name>
         <value>0x8b7</value>
         <object_component_ref idref="oc-d9"/>
      </symbol>
      <symbol id="sm-192">
         <name>oi_play_song</name>
         <value>0x90d</value>
         <object_component_ref idref="oc-d9"/>
      </symbol>
      <symbol id="sm-193">
         <name>oi_parsePacket</name>
         <value>0x327</value>
         <object_component_ref idref="oc-d9"/>
      </symbol>
      <symbol id="sm-194">
         <name>oi_setLeds</name>
         <value>0x831</value>
         <object_component_ref idref="oc-d9"/>
      </symbol>
      <symbol id="sm-195">
         <name>oi_init</name>
         <value>0x2ad</value>
         <object_component_ref idref="oc-d9"/>
      </symbol>
      <symbol id="sm-196">
         <name>oi_update</name>
         <value>0x2d5</value>
         <object_component_ref idref="oc-d9"/>
      </symbol>
      <symbol id="sm-197">
         <name>oi_uartInit</name>
         <value>0x92f</value>
         <object_component_ref idref="oc-d9"/>
      </symbol>
      <symbol id="sm-1b8">
         <name>timer_startClock</name>
         <value>0x23a5</value>
         <object_component_ref idref="oc-12b"/>
      </symbol>
      <symbol id="sm-1b9">
         <name>timer_stopClock</name>
         <value>0x23f7</value>
         <object_component_ref idref="oc-12b"/>
      </symbol>
      <symbol id="sm-1ba">
         <name>timer_getClock</name>
         <value>0x23f1</value>
         <object_component_ref idref="oc-12b"/>
      </symbol>
      <symbol id="sm-1bb">
         <name>timer_stopTimer</name>
         <value>0x238f</value>
         <object_component_ref idref="oc-12b"/>
      </symbol>
      <symbol id="sm-1bc">
         <name>timer_startTimer</name>
         <value>0x233f</value>
         <object_component_ref idref="oc-12b"/>
      </symbol>
      <symbol id="sm-1bd">
         <name>timer_waitMillis</name>
         <value>0x22e1</value>
         <object_component_ref idref="oc-12b"/>
      </symbol>
      <symbol id="sm-1be">
         <name>timer_waitMicros</name>
         <value>0x2315</value>
         <object_component_ref idref="oc-12b"/>
      </symbol>
      <symbol id="sm-1da">
         <name>ResetISR</name>
         <value>0x34ef</value>
         <object_component_ref idref="oc-27"/>
      </symbol>
      <symbol id="sm-1db">
         <name>g_pfnVectors</name>
         <value>0x0</value>
         <object_component_ref idref="oc-f"/>
      </symbol>
      <symbol id="sm-1ef">
         <name>__aeabi_ddiv</name>
         <value>0x2575</value>
         <object_component_ref idref="oc-185"/>
      </symbol>
      <symbol id="sm-1fa">
         <name>__aeabi_dmul</name>
         <value>0x28dd</value>
         <object_component_ref idref="oc-17b"/>
      </symbol>
      <symbol id="sm-204">
         <name>__aeabi_d2iz</name>
         <value>0x3119</value>
         <object_component_ref idref="oc-180"/>
      </symbol>
      <symbol id="sm-20e">
         <name>__aeabi_i2d</name>
         <value>0x3335</value>
         <object_component_ref idref="oc-176"/>
      </symbol>
      <symbol id="sm-229">
         <name>memcpy</name>
         <value>0x2b63</value>
         <object_component_ref idref="oc-3b"/>
      </symbol>
      <symbol id="sm-22a">
         <name>__aeabi_memcpy</name>
         <value>0x2b63</value>
         <object_component_ref idref="oc-3b"/>
      </symbol>
      <symbol id="sm-22b">
         <name>__aeabi_memcpy8</name>
         <value>0x2b63</value>
         <object_component_ref idref="oc-3b"/>
      </symbol>
      <symbol id="sm-22c">
         <name>__aeabi_memcpy4</name>
         <value>0x2b63</value>
         <object_component_ref idref="oc-3b"/>
      </symbol>
      <symbol id="sm-245">
         <name>__TI_zero_init_nomemset</name>
         <value>0x3491</value>
         <object_component_ref idref="oc-47"/>
      </symbol>
      <symbol id="sm-25c">
         <name>__TI_decompress_none</name>
         <value>0x34d5</value>
         <object_component_ref idref="oc-18"/>
      </symbol>
      <symbol id="sm-27f">
         <name>__TI_decompress_lzss</name>
         <value>0x2f03</value>
         <object_component_ref idref="oc-12"/>
      </symbol>
      <symbol id="sm-292">
         <name>__stack</name>
         <value>0x20000270</value>
         <object_component_ref idref="oc-21"/>
      </symbol>
      <symbol id="sm-293">
         <name>_c_int00_noargs</name>
         <value>0x3261</value>
         <object_component_ref idref="oc-59"/>
      </symbol>
      <symbol id="sm-29e">
         <name>C$$EXIT</name>
         <value>0x3509</value>
         <object_component_ref idref="oc-e6"/>
      </symbol>
      <symbol id="sm-29f">
         <name>abort</name>
         <value>0x3509</value>
         <object_component_ref idref="oc-e6"/>
      </symbol>
      <symbol id="sm-325">
         <name>_sys_memory</name>
         <value>0x20001270</value>
         <object_component_ref idref="oc-24"/>
      </symbol>
      <symbol id="sm-326">
         <name>free</name>
         <value>0x29d9</value>
         <object_component_ref idref="oc-15d"/>
      </symbol>
      <symbol id="sm-327">
         <name>calloc</name>
         <value>0x3363</value>
         <object_component_ref idref="oc-157"/>
      </symbol>
      <symbol id="sm-328">
         <name>malloc</name>
         <value>0x2e1d</value>
         <object_component_ref idref="oc-1e4"/>
      </symbol>
      <symbol id="sm-329">
         <name>minit</name>
         <value>0x3299</value>
         <object_component_ref idref="oc-1eb"/>
      </symbol>
      <symbol id="sm-33e">
         <name>_nop</name>
         <value>0x1753</value>
         <object_component_ref idref="oc-223"/>
      </symbol>
      <symbol id="sm-33f">
         <name>_lock</name>
         <value>0x200022f8</value>
         <object_component_ref idref="oc-197"/>
      </symbol>
      <symbol id="sm-340">
         <name>_unlock</name>
         <value>0x200022fc</value>
         <object_component_ref idref="oc-197"/>
      </symbol>
      <symbol id="sm-350">
         <name>strcmp</name>
         <value>0x3427</value>
         <object_component_ref idref="oc-13e"/>
      </symbol>
      <symbol id="sm-35e">
         <name>strcpy</name>
         <value>0x3469</value>
         <object_component_ref idref="oc-144"/>
      </symbol>
      <symbol id="sm-38d">
         <name>vsnprintf</name>
         <value>0x31a5</value>
         <object_component_ref idref="oc-138"/>
      </symbol>
      <symbol id="sm-39c">
         <name>__aeabi_memset</name>
         <value>0x2da3</value>
         <object_component_ref idref="oc-93"/>
      </symbol>
      <symbol id="sm-39d">
         <name>memset</name>
         <value>0x2da9</value>
         <object_component_ref idref="oc-93"/>
      </symbol>
      <symbol id="sm-39e">
         <name>__aeabi_memset8</name>
         <value>0x2da3</value>
         <object_component_ref idref="oc-93"/>
      </symbol>
      <symbol id="sm-39f">
         <name>__aeabi_memset4</name>
         <value>0x2da3</value>
         <object_component_ref idref="oc-93"/>
      </symbol>
      <symbol id="sm-3a0">
         <name>__aeabi_memclr8</name>
         <value>0x2da1</value>
         <object_component_ref idref="oc-93"/>
      </symbol>
      <symbol id="sm-3a1">
         <name>__aeabi_memclr4</name>
         <value>0x2da1</value>
         <object_component_ref idref="oc-93"/>
      </symbol>
      <symbol id="sm-3a2">
         <name>__aeabi_memclr</name>
         <value>0x2da1</value>
         <object_component_ref idref="oc-93"/>
      </symbol>
      <symbol id="sm-3ca">
         <name>__TI_auto_init_nobinit_nopinit</name>
         <value>0x3161</value>
         <object_component_ref idref="oc-f2"/>
      </symbol>
      <symbol id="sm-3d4">
         <name>_system_pre_init</name>
         <value>0x3505</value>
         <object_component_ref idref="oc-99"/>
      </symbol>
      <symbol id="sm-53a">
         <name>__TI_printfi</name>
         <value>0xcf5</value>
         <object_component_ref idref="oc-1b9"/>
      </symbol>
      <symbol id="sm-550">
         <name>atoi</name>
         <value>0x30cd</value>
         <object_component_ref idref="oc-248"/>
      </symbol>
      <symbol id="sm-55b">
         <name>_ctypes_</name>
         <value>0x350c</value>
         <object_component_ref idref="oc-2b3"/>
      </symbol>
      <symbol id="sm-56a">
         <name>ltoa</name>
         <value>0x3027</value>
         <object_component_ref idref="oc-2c4"/>
      </symbol>
      <symbol id="sm-57a">
         <name>memccpy</name>
         <value>0x33db</value>
         <object_component_ref idref="oc-271"/>
      </symbol>
      <symbol id="sm-58a">
         <name>strchr</name>
         <value>0x343f</value>
         <object_component_ref idref="oc-2f6"/>
      </symbol>
      <symbol id="sm-598">
         <name>strlen</name>
         <value>0x347d</value>
         <object_component_ref idref="oc-242"/>
      </symbol>
      <symbol id="sm-5b8">
         <name>frexpl</name>
         <value>0x2f6d</value>
         <object_component_ref idref="oc-2ea"/>
      </symbol>
      <symbol id="sm-5b9">
         <name>frexp</name>
         <value>0x2f6d</value>
         <object_component_ref idref="oc-2ea"/>
      </symbol>
      <symbol id="sm-5d6">
         <name>scalbn</name>
         <value>0x27cd</value>
         <object_component_ref idref="oc-2f0"/>
      </symbol>
      <symbol id="sm-5d7">
         <name>scalbnl</name>
         <value>0x27cd</value>
         <object_component_ref idref="oc-2f0"/>
      </symbol>
      <symbol id="sm-5d8">
         <name>ldexpl</name>
         <value>0x27cd</value>
         <object_component_ref idref="oc-2f0"/>
      </symbol>
      <symbol id="sm-5d9">
         <name>ldexp</name>
         <value>0x27cd</value>
         <object_component_ref idref="oc-2f0"/>
      </symbol>
      <symbol id="sm-5e3">
         <name>copysign</name>
         <value>0x3455</value>
         <object_component_ref idref="oc-333"/>
      </symbol>
      <symbol id="sm-5e4">
         <name>copysignl</name>
         <value>0x3455</value>
         <object_component_ref idref="oc-333"/>
      </symbol>
      <symbol id="sm-5fd">
         <name>wcslen</name>
         <value>0x34a3</value>
         <object_component_ref idref="oc-277"/>
      </symbol>
      <symbol id="sm-614">
         <name>__aeabi_dsub</name>
         <value>0x2129</value>
         <object_component_ref idref="oc-2ca"/>
      </symbol>
      <symbol id="sm-615">
         <name>__aeabi_dadd</name>
         <value>0x2133</value>
         <object_component_ref idref="oc-2ca"/>
      </symbol>
      <symbol id="sm-637">
         <name>__aeabi_cdcmpeq</name>
         <value>0x2c95</value>
         <object_component_ref idref="oc-254"/>
      </symbol>
      <symbol id="sm-638">
         <name>__aeabi_cdcmple</name>
         <value>0x2c95</value>
         <object_component_ref idref="oc-254"/>
      </symbol>
      <symbol id="sm-639">
         <name>__aeabi_cdrcmple</name>
         <value>0x2d1b</value>
         <object_component_ref idref="oc-2bf"/>
      </symbol>
      <symbol id="sm-646">
         <name>__aeabi_uldivmod</name>
         <value>0x2bff</value>
         <object_component_ref idref="oc-2b8"/>
      </symbol>
      <symbol id="sm-65c">
         <name>__aeabi_errno_addr</name>
         <value>0x34fd</value>
         <object_component_ref idref="oc-27d"/>
      </symbol>
      <symbol id="sm-65d">
         <name>errno</name>
         <value>0x20002300</value>
         <object_component_ref idref="oc-306"/>
      </symbol>
      <symbol id="sm-667">
         <name>__aeabi_idiv0</name>
         <value>0x22df</value>
         <object_component_ref idref="oc-31e"/>
      </symbol>
      <symbol id="sm-668">
         <name>__aeabi_ldiv0</name>
         <value>0x22df</value>
         <object_component_ref idref="oc-31e"/>
      </symbol>
      <symbol id="sm-692">
         <name>IntRegister</name>
         <value>0x32d1</value>
         <object_component_ref idref="oc-16a"/>
      </symbol>
      <symbol id="sm-693">
         <name>g_pfnRAMVectors</name>
         <value>0x20000000</value>
         <object_component_ref idref="oc-201"/>
      </symbol>
      <symbol id="sm-694">
         <name>IntMasterEnable</name>
         <value>0x34b5</value>
         <object_component_ref idref="oc-170"/>
      </symbol>
      <symbol id="sm-69e">
         <name>CPUcpsie</name>
         <value>0x34e3</value>
         <object_component_ref idref="oc-20b"/>
      </symbol>
      <symbol id="sm-69f">
         <name>__TI_static_base__</name>
         <value>0x0</value>
      </symbol>
      <symbol id="sm-6a2">
         <name>__mpu_init</name>
         <value>0x0</value>
      </symbol>
      <symbol id="sm-6a3">
         <name>_system_post_cinit</name>
         <value>0x0</value>
      </symbol>
   </symbol_table>
   <title>Link successful</title>
</link_info>
