******************************************************************************
                  TI ARM Linker PC v18.1.2                     
******************************************************************************
>> Linked Mon Feb 18 11:32:19 2019

OUTPUT FILE NAME:   <Lab3.out>
ENTRY POINT SYMBOL: "_c_int00_noargs"  address: 000025fd


MEMORY CONFIGURATION

         name            origin    length      used     unused   attr    fill
----------------------  --------  ---------  --------  --------  ----  --------
  FLASH                 00000000   00040000  00002922  0003d6de  R  X
  SRAM                  20000000   00008000  000022d5  00005d2b  RW X


SEGMENT ALLOCATION MAP

run origin  load origin   length   init length attrs members
----------  ----------- ---------- ----------- ----- -------
00000000    00000000    00002928   00002928    r-x
  00000000    00000000    0000026c   0000026c    r-- .intvecs
  0000026c    0000026c    00002558   00002558    r-x .text
  000027c4    000027c4    0000011e   0000011e    r-- .const
  000028e8    000028e8    00000040   00000040    r-- .cinit
20000000    20000000    000022d9   00000000    rw-
  20000000    20000000    0000026c   00000000    rw- .vtable
  20000270    20000270    00001000   00000000    rw- .stack
  20001270    20001270    00001000   00000000    rw- .sysmem
  20002270    20002270    0000005c   00000000    rw- .bss
  200022cc    200022cc    0000000d   00000000    rw- .data


SECTION ALLOCATION MAP

 output                                  attributes/
section   page    origin      length       input sections
--------  ----  ----------  ----------   ----------------
.intvecs   0    00000000    0000026c     
                  00000000    0000026c     tm4c123gh6pm_startup_ccs.obj (.intvecs)

.text      0    0000026c    00002558     
                  0000026c    00000a5e     rtsv7M4_T_le_v4SPD16_eabi.lib : _printfi.c.obj (.text:__TI_printfi)
                  00000cca    00000002                                   : div0.asm.obj (.text)
                  00000ccc    000003c4     lcd.obj (.text)
                  00001090    00000270     rtsv7M4_T_le_v4SPD16_eabi.lib : _printfi.c.obj (.text:_pconv_a)
                  00001300    000001d0                                   : _printfi.c.obj (.text:_pconv_g)
                  000014d0    000001b6                                   : fd_add_t2.asm.obj (.text)
                  00001686    00000002     --HOLE-- [fill = 0]
                  00001688    00000158     timer.obj (.text)
                  000017e0    00000148     button.obj (.text)
                  00001928    0000013c     rtsv7M4_T_le_v4SPD16_eabi.lib : _printfi.c.obj (.text:_pconv_e)
                  00001a64    00000136                                   : fd_div_t2.asm.obj (.text)
                  00001b9a    00000002     --HOLE-- [fill = 0]
                  00001b9c    00000120                                   : _printfi.c.obj (.text:fcvt)
                  00001cbc    00000110                                   : s_scalbn.c.obj (.text:scalbn)
                  00001dcc    000000fc                                   : fd_mul_t2.asm.obj (.text)
                  00001ec8    000000b1                                   : _printfi.c.obj (.text:_ltostr)
                  00001f79    00000001     --HOLE-- [fill = 0]
                  00001f7a    0000009c                                   : memcpy_t2.asm.obj (.text)
                  00002016    00000096                                   : ull_div_t2.asm.obj (.text)
                  000020ac    00000086                                   : fd_cmp_t2.asm.obj (.text:__aeabi_cdcmple)
                  00002132    00000086                                   : fd_cmp_t2.asm.obj (.text:__aeabi_cdrcmple)
                  000021b8    0000007a                                   : memset_t2.asm.obj (.text)
                  00002232    0000006e                                   : _printfi.c.obj (.text:_mcpy)
                  000022a0    00000068                                   : copy_decompress_lzss.c.obj (.text:decompress:lzss:__TI_decompress_lzss)
                  00002308    00000064                                   : s_frexp.c.obj (.text:frexp)
                  0000236c    00000056                                   : _printfi.c.obj (.text:_pconv_f)
                  000023c2    00000054                                   : ltoa.c.obj (.text:ltoa)
                  00002416    00000052                                   : _printfi.c.obj (.text:_ecpy)
                  00002468    0000004c                                   : atoi.c.obj (.text:atoi)
                  000024b4    00000048                                   : fd_toi_t2.asm.obj (.text)
                  000024fc    00000044                                   : autoinit.c.obj (.text:__TI_auto_init_nobinit_nopinit:__TI_auto_init_nobinit_nopinit)
                  00002540    00000040                                   : vsnprintf.c.obj (.text:vsnprintf)
                  00002580    0000003e                                   : _printfi.c.obj (.text:_fcpy)
                  000025be    00000002     --HOLE-- [fill = 0]
                  000025c0    0000003c     main.obj (.text)
                  000025fc    00000038     rtsv7M4_T_le_v4SPD16_eabi.lib : boot_cortex_m.c.obj (.text:_c_int00_noargs:_c_int00_noargs)
                  00002634    00000034     driverlib.lib : interrupt.obj (.text:IntRegister)
                  00002668    00000030     rtsv7M4_T_le_v4SPD16_eabi.lib : vsnprintf.c.obj (.text:_outs)
                  00002698    0000002e                                   : i_tofd_t2.asm.obj (.text)
                  000026c6    0000001c                                   : memccpy.c.obj (.text:memccpy)
                  000026e2    00000018                                   : vsnprintf.c.obj (.text:_outc)
                  000026fa    00000018                                   : strcmp.c.obj (.text:strcmp)
                  00002712    00000016                                   : strchr.c.obj (.text:strchr)
                  00002728    00000014                                   : s_copysign.c.obj (.text:copysign)
                  0000273c    00000014                                   : strcpy.c.obj (.text:strcpy)
                  00002750    00000014                                   : strlen.c.obj (.text:strlen)
                  00002764    00000012                                   : copy_zero_init.c.obj (.text:decompress:ZI:__TI_zero_init_nomemset:__TI_zero_init_nomemset)
                  00002776    00000012                                   : wcslen.c.obj (.text:wcslen)
                  00002788    00000010     lcd.obj (.text:lcd_clear)
                  00002798    0000000e     rtsv7M4_T_le_v4SPD16_eabi.lib : copy_decompress_none.c.obj (.text:decompress:none:__TI_decompress_none)
                  000027a6    0000000c     tm4c123gh6pm_startup_ccs.obj (.text)
                  000027b2    00000002     --HOLE-- [fill = 0]
                  000027b4    00000008     rtsv7M4_T_le_v4SPD16_eabi.lib : errno.c.obj (.text:__aeabi_errno_addr)
                  000027bc    00000004                                   : pre_init.c.obj (.text:_system_pre_init)
                  000027c0    00000004                                   : exit.c.obj (.text:abort:abort)

.const     0    000027c4    0000011e     
                  000027c4    00000101     rtsv7M4_T_le_v4SPD16_eabi.lib : ctype.c.obj (.const:.string:_ctypes_)
                  000028c5    00000015     lcd.obj (.const:.string:$P$T0$4)
                  000028da    00000004     lcd.obj (.const:.string:lineAddress$1)
                  000028de    00000004     lcd.obj (.const:.string:lineAddresses$2)

.cinit     0    000028e8    00000040     
                  000028e8    0000000c     (__TI_handler_table)
                  000028f4    00000004     --HOLE-- [fill = 0]
                  000028f8    00000008     (.cinit..bss.load) [load image, compression = zero_init]
                  00002900    00000008     (.cinit..vtable.load) [load image, compression = zero_init]
                  00002908    00000007     (.cinit..data.load) [load image, compression = lzss]
                  0000290f    00000001     --HOLE-- [fill = 0]
                  00002910    00000018     (__TI_cinit_table)

.init_array 
*          0    00000000    00000000     UNINITIALIZED

.vtable    0    20000000    0000026c     UNINITIALIZED
                  20000000    0000026c     driverlib.lib : interrupt.obj (.vtable)

.stack     0    20000270    00001000     UNINITIALIZED
                  20000270    00000004     rtsv7M4_T_le_v4SPD16_eabi.lib : boot_cortex_m.c.obj (.stack)
                  20000274    00000ffc     --HOLE--

.sysmem    0    20001270    00001000     UNINITIALIZED
                  20001270    00000008     rtsv7M4_T_le_v4SPD16_eabi.lib : memory.c.obj (.sysmem)
                  20001278    00000ff8     --HOLE--

.bss       0    20002270    0000005c     UNINITIALIZED
                  20002270    00000054     lcd.obj (.bss:lastbuffer$3)
                  200022c4    00000004     (.common:button_event_ptr)
                  200022c8    00000004     (.common:button_num_ptr)

.data      0    200022cc    0000000d     UNINITIALIZED
                  200022cc    00000008     main.obj (.data)
                  200022d4    00000004     rtsv7M4_T_le_v4SPD16_eabi.lib : errno.c.obj (.data)
                  200022d8    00000001     button.obj (.data)

MODULE SUMMARY

       Module                         code   ro data   rw data
       ------                         ----   -------   -------
    .\
       lcd.obj                        980    29        84     
       tm4c123gh6pm_startup_ccs.obj   12     620       0      
       timer.obj                      344    0         0      
       button.obj                     328    0         9      
       main.obj                       60     0         8      
    +--+------------------------------+------+---------+---------+
       Total:                         1724   649       101    
                                                              
    C:/ti/TivaWare_C_Series-2.1.4.178/driverlib/ccs/Debug/driverlib.lib
       interrupt.obj                  52     0         620    
    +--+------------------------------+------+---------+---------+
       Total:                         52     0         620    
                                                              
    C:\ti\ccsv8\tools\compiler\ti-cgt-arm_18.1.2.LTS\lib\rtsv7M4_T_le_v4SPD16_eabi.lib
       _printfi.c.obj                 4863   0         0      
       fd_add_t2.asm.obj              438    0         0      
       fd_div_t2.asm.obj              310    0         0      
       s_scalbn.c.obj                 272    0         0      
       fd_cmp_t2.asm.obj              268    0         0      
       ctype.c.obj                    0      257       0      
       fd_mul_t2.asm.obj              252    0         0      
       memcpy_t2.asm.obj              156    0         0      
       ull_div_t2.asm.obj             150    0         0      
       vsnprintf.c.obj                136    0         0      
       memset_t2.asm.obj              122    0         0      
       copy_decompress_lzss.c.obj     104    0         0      
       s_frexp.c.obj                  100    0         0      
       ltoa.c.obj                     84     0         0      
       atoi.c.obj                     76     0         0      
       fd_toi_t2.asm.obj              72     0         0      
       autoinit.c.obj                 68     0         0      
       boot_cortex_m.c.obj            56     0         0      
       i_tofd_t2.asm.obj              46     0         0      
       memccpy.c.obj                  28     0         0      
       strcmp.c.obj                   24     0         0      
       strchr.c.obj                   22     0         0      
       s_copysign.c.obj               20     0         0      
       strcpy.c.obj                   20     0         0      
       strlen.c.obj                   20     0         0      
       copy_zero_init.c.obj           18     0         0      
       wcslen.c.obj                   18     0         0      
       copy_decompress_none.c.obj     14     0         0      
       errno.c.obj                    8      0         4      
       exit.c.obj                     4      0         0      
       pre_init.c.obj                 4      0         0      
       div0.asm.obj                   2      0         0      
    +--+------------------------------+------+---------+---------+
       Total:                         7775   257       4      
                                                              
       Heap:                          0      0         4096   
       Stack:                         0      0         4096   
       Linker Generated:              0      59        0      
    +--+------------------------------+------+---------+---------+
       Grand Total:                   9551   965       8917   


LINKER GENERATED COPY TABLES

__TI_cinit_table @ 00002910 records: 3, size/record: 8, table size: 24
	.bss: load addr=000028f8, load size=00000008 bytes, run addr=20002270, run size=0000005c bytes, compression=zero_init
	.vtable: load addr=00002900, load size=00000008 bytes, run addr=20000000, run size=0000026c bytes, compression=zero_init
	.data: load addr=00002908, load size=00000007 bytes, run addr=200022cc, run size=0000000d bytes, compression=lzss


LINKER GENERATED HANDLER TABLE

__TI_handler_table @ 000028e8 records: 3, size/record: 4, table size: 12
	index: 0, handler: __TI_zero_init
	index: 1, handler: __TI_decompress_lzss
	index: 2, handler: __TI_decompress_none


GLOBAL SYMBOLS: SORTED ALPHABETICALLY BY Name 

address   name                          
-------   ----                          
000027c1  C$$EXIT                       
00002635  IntRegister                   
000027a7  ResetISR                      
20001270  __STACK_END                   
00001000  __STACK_SIZE                  
20000470  __STACK_TOP                   
00001000  __SYSMEM_SIZE                 
00002910  __TI_CINIT_Base               
00002928  __TI_CINIT_Limit              
000028e8  __TI_Handler_Table_Base       
000028f4  __TI_Handler_Table_Limit      
000024fd  __TI_auto_init_nobinit_nopinit
000022a1  __TI_decompress_lzss          
00002799  __TI_decompress_none          
ffffffff  __TI_pprof_out_hndl           
0000026d  __TI_printfi                  
ffffffff  __TI_prof_data_size           
ffffffff  __TI_prof_data_start          
00000000  __TI_static_base__            
00002765  __TI_zero_init_nomemset       
000020ad  __aeabi_cdcmpeq               
000020ad  __aeabi_cdcmple               
00002133  __aeabi_cdrcmple              
000024b5  __aeabi_d2iz                  
000014db  __aeabi_dadd                  
00001a65  __aeabi_ddiv                  
00001dcd  __aeabi_dmul                  
000014d1  __aeabi_dsub                  
000027b5  __aeabi_errno_addr            
00002699  __aeabi_i2d                   
00000ccb  __aeabi_idiv0                 
00000ccb  __aeabi_ldiv0                 
000021b9  __aeabi_memclr                
000021b9  __aeabi_memclr4               
000021b9  __aeabi_memclr8               
00001f7b  __aeabi_memcpy                
00001f7b  __aeabi_memcpy4               
00001f7b  __aeabi_memcpy8               
000021bb  __aeabi_memset                
000021bb  __aeabi_memset4               
000021bb  __aeabi_memset8               
00002017  __aeabi_uldivmod              
ffffffff  __binit__                     
ffffffff  __c_args__                    
UNDEFED   __mpu_init                    
20000270  __stack                       
000025fd  _c_int00_noargs               
000027c4  _ctypes_                      
20001270  _sys_memory                   
UNDEFED   _system_post_cinit            
000027bd  _system_pre_init              
000027c1  abort                         
00002469  atoi                          
ffffffff  binit                         
0000187d  button_checkButtons           
200022cc  button_event                  
200022c4  button_event_ptr              
00001887  button_getButton              
000017e1  button_init                   
200022d0  button_num                    
200022c8  button_num_ptr                
00002729  copysign                      
00002729  copysignl                     
200022d4  errno                         
00002309  frexp                         
00002309  frexpl                        
20000000  g_pfnRAMVectors               
00000000  g_pfnVectors                  
00001861  gpioe_handler                 
0000180d  init_button_interrupts        
00001021  lcd_banner_effect             
00002789  lcd_clear                     
00000e65  lcd_gotoLine                  
00000ccd  lcd_init                      
00000ecb  lcd_printf                    
00000d8d  lcd_putc                      
00000dc5  lcd_puts                      
00000f9d  lcd_rotatingBanner            
00000de3  lcd_sendCommand               
00000e21  lcd_sendNibble                
00000e8d  lcd_setCursorPos              
00001cbd  ldexp                         
00001cbd  ldexpl                        
0000105b  length                        
000023c3  ltoa                          
000025c1  main                          
000026c7  memccpy                       
00001f7b  memcpy                        
000021c1  memset                        
00001cbd  scalbn                        
00001cbd  scalbnl                       
00002713  strchr                        
000026fb  strcmp                        
0000273d  strcpy                        
00002751  strlen                        
00001799  timer_getClock                
0000174d  timer_startClock              
000016e7  timer_startTimer              
0000179f  timer_stopClock               
00001737  timer_stopTimer               
000016bd  timer_waitMicros              
00001689  timer_waitMillis              
00002541  vsnprintf                     
00002777  wcslen                        


GLOBAL SYMBOLS: SORTED BY Symbol Address 

address   name                          
-------   ----                          
00000000  __TI_static_base__            
00000000  g_pfnVectors                  
0000026d  __TI_printfi                  
00000ccb  __aeabi_idiv0                 
00000ccb  __aeabi_ldiv0                 
00000ccd  lcd_init                      
00000d8d  lcd_putc                      
00000dc5  lcd_puts                      
00000de3  lcd_sendCommand               
00000e21  lcd_sendNibble                
00000e65  lcd_gotoLine                  
00000e8d  lcd_setCursorPos              
00000ecb  lcd_printf                    
00000f9d  lcd_rotatingBanner            
00001000  __STACK_SIZE                  
00001000  __SYSMEM_SIZE                 
00001021  lcd_banner_effect             
0000105b  length                        
000014d1  __aeabi_dsub                  
000014db  __aeabi_dadd                  
00001689  timer_waitMillis              
000016bd  timer_waitMicros              
000016e7  timer_startTimer              
00001737  timer_stopTimer               
0000174d  timer_startClock              
00001799  timer_getClock                
0000179f  timer_stopClock               
000017e1  button_init                   
0000180d  init_button_interrupts        
00001861  gpioe_handler                 
0000187d  button_checkButtons           
00001887  button_getButton              
00001a65  __aeabi_ddiv                  
00001cbd  ldexp                         
00001cbd  ldexpl                        
00001cbd  scalbn                        
00001cbd  scalbnl                       
00001dcd  __aeabi_dmul                  
00001f7b  __aeabi_memcpy                
00001f7b  __aeabi_memcpy4               
00001f7b  __aeabi_memcpy8               
00001f7b  memcpy                        
00002017  __aeabi_uldivmod              
000020ad  __aeabi_cdcmpeq               
000020ad  __aeabi_cdcmple               
00002133  __aeabi_cdrcmple              
000021b9  __aeabi_memclr                
000021b9  __aeabi_memclr4               
000021b9  __aeabi_memclr8               
000021bb  __aeabi_memset                
000021bb  __aeabi_memset4               
000021bb  __aeabi_memset8               
000021c1  memset                        
000022a1  __TI_decompress_lzss          
00002309  frexp                         
00002309  frexpl                        
000023c3  ltoa                          
00002469  atoi                          
000024b5  __aeabi_d2iz                  
000024fd  __TI_auto_init_nobinit_nopinit
00002541  vsnprintf                     
000025c1  main                          
000025fd  _c_int00_noargs               
00002635  IntRegister                   
00002699  __aeabi_i2d                   
000026c7  memccpy                       
000026fb  strcmp                        
00002713  strchr                        
00002729  copysign                      
00002729  copysignl                     
0000273d  strcpy                        
00002751  strlen                        
00002765  __TI_zero_init_nomemset       
00002777  wcslen                        
00002789  lcd_clear                     
00002799  __TI_decompress_none          
000027a7  ResetISR                      
000027b5  __aeabi_errno_addr            
000027bd  _system_pre_init              
000027c1  C$$EXIT                       
000027c1  abort                         
000027c4  _ctypes_                      
000028e8  __TI_Handler_Table_Base       
000028f4  __TI_Handler_Table_Limit      
00002910  __TI_CINIT_Base               
00002928  __TI_CINIT_Limit              
20000000  g_pfnRAMVectors               
20000270  __stack                       
20000470  __STACK_TOP                   
20001270  __STACK_END                   
20001270  _sys_memory                   
200022c4  button_event_ptr              
200022c8  button_num_ptr                
200022cc  button_event                  
200022d0  button_num                    
200022d4  errno                         
ffffffff  __TI_pprof_out_hndl           
ffffffff  __TI_prof_data_size           
ffffffff  __TI_prof_data_start          
ffffffff  __binit__                     
ffffffff  __c_args__                    
ffffffff  binit                         
UNDEFED   __mpu_init                    
UNDEFED   _system_post_cinit            

[104 symbols]
