******************************************************************************
                  TI ARM Linker PC v18.1.2                     
******************************************************************************
>> Linked Fri Mar  1 16:01:36 2019

OUTPUT FILE NAME:   <Lab4.out>
ENTRY POINT SYMBOL: "_c_int00_noargs"  address: 000026a1


MEMORY CONFIGURATION

         name            origin    length      used     unused   attr    fill
----------------------  --------  ---------  --------  --------  ----  --------
  FLASH                 00000000   00040000  000029e6  0003d61a  R  X
  SRAM                  20000000   00008000  000022e5  00005d1b  RW X


SEGMENT ALLOCATION MAP

run origin  load origin   length   init length attrs members
----------  ----------- ---------- ----------- ----- -------
00000000    00000000    000029e8   000029e8    r-x
  00000000    00000000    0000026c   0000026c    r-- .intvecs
  0000026c    0000026c    0000261c   0000261c    r-x .text
  00002888    00002888    0000011e   0000011e    r-- .const
  000029a8    000029a8    00000040   00000040    r-- .cinit
20000000    20000000    000022ec   00000000    rw-
  20000000    20000000    0000026c   00000000    rw- .vtable
  20000270    20000270    00001000   00000000    rw- .stack
  20001270    20001270    00001000   00000000    rw- .sysmem
  20002270    20002270    0000006d   00000000    rw- .bss
  200022e0    200022e0    0000000c   00000000    rw- .data


SECTION ALLOCATION MAP

 output                                  attributes/
section   page    origin      length       input sections
--------  ----  ----------  ----------   ----------------
.intvecs   0    00000000    0000026c     
                  00000000    0000026c     tm4c123gh6pm_startup_ccs.obj (.intvecs)

.text      0    0000026c    0000261c     
                  0000026c    00000a5e     rtsv7M4_T_le_v4SPD16_eabi.lib : _printfi.c.obj (.text:__TI_printfi)
                  00000cca    00000002                                   : div0.asm.obj (.text)
                  00000ccc    000003c4     lcd.obj (.text)
                  00001090    00000270     rtsv7M4_T_le_v4SPD16_eabi.lib : _printfi.c.obj (.text:_pconv_a)
                  00001300    00000228     UART.obj (.text)
                  00001528    000001d0     rtsv7M4_T_le_v4SPD16_eabi.lib : _printfi.c.obj (.text:_pconv_g)
                  000016f8    000001b6                                   : fd_add_t2.asm.obj (.text)
                  000018ae    00000002     --HOLE-- [fill = 0]
                  000018b0    00000158     timer.obj (.text)
                  00001a08    0000013c     rtsv7M4_T_le_v4SPD16_eabi.lib : _printfi.c.obj (.text:_pconv_e)
                  00001b44    00000136                                   : fd_div_t2.asm.obj (.text)
                  00001c7a    00000002     --HOLE-- [fill = 0]
                  00001c7c    00000120                                   : _printfi.c.obj (.text:fcvt)
                  00001d9c    00000110                                   : s_scalbn.c.obj (.text:scalbn)
                  00001eac    000000fc                                   : fd_mul_t2.asm.obj (.text)
                  00001fa8    000000b1                                   : _printfi.c.obj (.text:_ltostr)
                  00002059    00000001     --HOLE-- [fill = 0]
                  0000205a    0000009c                                   : memcpy_t2.asm.obj (.text)
                  000020f6    00000096                                   : ull_div_t2.asm.obj (.text)
                  0000218c    00000086                                   : fd_cmp_t2.asm.obj (.text:__aeabi_cdcmple)
                  00002212    00000086                                   : fd_cmp_t2.asm.obj (.text:__aeabi_cdrcmple)
                  00002298    0000007a                                   : memset_t2.asm.obj (.text)
                  00002312    0000006e                                   : _printfi.c.obj (.text:_mcpy)
                  00002380    00000068                                   : copy_decompress_lzss.c.obj (.text:decompress:lzss:__TI_decompress_lzss)
                  000023e8    00000064                                   : s_frexp.c.obj (.text:frexp)
                  0000244c    00000056                                   : _printfi.c.obj (.text:_pconv_f)
                  000024a2    00000054                                   : ltoa.c.obj (.text:ltoa)
                  000024f6    00000052                                   : _printfi.c.obj (.text:_ecpy)
                  00002548    0000004c                                   : atoi.c.obj (.text:atoi)
                  00002594    00000048                                   : fd_toi_t2.asm.obj (.text)
                  000025dc    00000044                                   : autoinit.c.obj (.text:__TI_auto_init_nobinit_nopinit:__TI_auto_init_nobinit_nopinit)
                  00002620    00000040                                   : vsnprintf.c.obj (.text:vsnprintf)
                  00002660    0000003e                                   : _printfi.c.obj (.text:_fcpy)
                  0000269e    00000002     --HOLE-- [fill = 0]
                  000026a0    00000038                                   : boot_cortex_m.c.obj (.text:_c_int00_noargs:_c_int00_noargs)
                  000026d8    00000034     driverlib.lib : interrupt.obj (.text:IntRegister)
                  0000270c    00000030     rtsv7M4_T_le_v4SPD16_eabi.lib : vsnprintf.c.obj (.text:_outs)
                  0000273c    0000002e                                   : i_tofd_t2.asm.obj (.text)
                  0000276a    00000020     main.obj (.text)
                  0000278a    0000001c     rtsv7M4_T_le_v4SPD16_eabi.lib : memccpy.c.obj (.text:memccpy)
                  000027a6    00000018                                   : vsnprintf.c.obj (.text:_outc)
                  000027be    00000018                                   : strcmp.c.obj (.text:strcmp)
                  000027d6    00000016                                   : strchr.c.obj (.text:strchr)
                  000027ec    00000014                                   : s_copysign.c.obj (.text:copysign)
                  00002800    00000014                                   : strcpy.c.obj (.text:strcpy)
                  00002814    00000014                                   : strlen.c.obj (.text:strlen)
                  00002828    00000012                                   : copy_zero_init.c.obj (.text:decompress:ZI:__TI_zero_init_nomemset:__TI_zero_init_nomemset)
                  0000283a    00000012                                   : wcslen.c.obj (.text:wcslen)
                  0000284c    00000010     lcd.obj (.text:lcd_clear)
                  0000285c    0000000e     rtsv7M4_T_le_v4SPD16_eabi.lib : copy_decompress_none.c.obj (.text:decompress:none:__TI_decompress_none)
                  0000286a    0000000c     tm4c123gh6pm_startup_ccs.obj (.text)
                  00002876    00000002     --HOLE-- [fill = 0]
                  00002878    00000008     rtsv7M4_T_le_v4SPD16_eabi.lib : errno.c.obj (.text:__aeabi_errno_addr)
                  00002880    00000004                                   : pre_init.c.obj (.text:_system_pre_init)
                  00002884    00000004                                   : exit.c.obj (.text:abort:abort)

.const     0    00002888    0000011e     
                  00002888    00000101     rtsv7M4_T_le_v4SPD16_eabi.lib : ctype.c.obj (.const:.string:_ctypes_)
                  00002989    00000015     lcd.obj (.const:.string:$P$T0$4)
                  0000299e    00000004     lcd.obj (.const:.string:lineAddress$1)
                  000029a2    00000004     lcd.obj (.const:.string:lineAddresses$2)

.cinit     0    000029a8    00000040     
                  000029a8    0000000c     (__TI_handler_table)
                  000029b4    00000004     --HOLE-- [fill = 0]
                  000029b8    00000008     (.cinit..bss.load) [load image, compression = zero_init]
                  000029c0    00000008     (.cinit..vtable.load) [load image, compression = zero_init]
                  000029c8    00000007     (.cinit..data.load) [load image, compression = lzss]
                  000029cf    00000001     --HOLE-- [fill = 0]
                  000029d0    00000018     (__TI_cinit_table)

.init_array 
*          0    00000000    00000000     UNINITIALIZED

.vtable    0    20000000    0000026c     UNINITIALIZED
                  20000000    0000026c     driverlib.lib : interrupt.obj (.vtable)

.stack     0    20000270    00001000     UNINITIALIZED
                  20000270    00000004     rtsv7M4_T_le_v4SPD16_eabi.lib : boot_cortex_m.c.obj (.stack)
                  20000274    00000ffc     --HOLE--

.sysmem    0    20001270    00001000     UNINITIALIZED
                  20001270    00000008     rtsv7M4_T_le_v4SPD16_eabi.lib : memory.c.obj (.sysmem)
                  20001278    00000ff8     --HOLE--

.bss       0    20002270    0000006d     UNINITIALIZED
                  20002270    00000054     lcd.obj (.bss:lastbuffer$3)
                  200022c4    00000014     (.common:result)
                  200022d8    00000004     (.common:receive)
                  200022dc    00000001     (.common:c)

.data      0    200022e0    0000000c     UNINITIALIZED
                  200022e0    00000008     UART.obj (.data)
                  200022e8    00000004     rtsv7M4_T_le_v4SPD16_eabi.lib : errno.c.obj (.data)

MODULE SUMMARY

       Module                         code   ro data   rw data
       ------                         ----   -------   -------
    .\
       lcd.obj                        980    29        84     
       tm4c123gh6pm_startup_ccs.obj   12     620       0      
       UART.obj                       552    0         33     
       timer.obj                      344    0         0      
       main.obj                       32     0         0      
    +--+------------------------------+------+---------+---------+
       Total:                         1920   649       117    
                                                              
    C:/ti/TivaWare_C_Series-2.1.4.178/driverlib/ccs/Debug/driverlib.lib
       interrupt.obj                  52     0         620    
    +--+------------------------------+------+---------+---------+
       Total:                         52     0         620    
                                                              
    C:\ti\ccsv8\tools\compiler\ti-cgt-arm_18.1.2.LTS\lib\rtsv7M4_T_le_v4SPD16_eabi.lib
       _printfi.c.obj                 4863   0         0      
       fd_add_t2.asm.obj              438    0         0      
       fd_div_t2.asm.obj              310    0         0      
       s_scalbn.c.obj                 272    0         0      
       fd_cmp_t2.asm.obj              268    0         0      
       ctype.c.obj                    0      257       0      
       fd_mul_t2.asm.obj              252    0         0      
       memcpy_t2.asm.obj              156    0         0      
       ull_div_t2.asm.obj             150    0         0      
       vsnprintf.c.obj                136    0         0      
       memset_t2.asm.obj              122    0         0      
       copy_decompress_lzss.c.obj     104    0         0      
       s_frexp.c.obj                  100    0         0      
       ltoa.c.obj                     84     0         0      
       atoi.c.obj                     76     0         0      
       fd_toi_t2.asm.obj              72     0         0      
       autoinit.c.obj                 68     0         0      
       boot_cortex_m.c.obj            56     0         0      
       i_tofd_t2.asm.obj              46     0         0      
       memccpy.c.obj                  28     0         0      
       strcmp.c.obj                   24     0         0      
       strchr.c.obj                   22     0         0      
       s_copysign.c.obj               20     0         0      
       strcpy.c.obj                   20     0         0      
       strlen.c.obj                   20     0         0      
       copy_zero_init.c.obj           18     0         0      
       wcslen.c.obj                   18     0         0      
       copy_decompress_none.c.obj     14     0         0      
       errno.c.obj                    8      0         4      
       exit.c.obj                     4      0         0      
       pre_init.c.obj                 4      0         0      
       div0.asm.obj                   2      0         0      
    +--+------------------------------+------+---------+---------+
       Total:                         7775   257       4      
                                                              
       Heap:                          0      0         4096   
       Stack:                         0      0         4096   
       Linker Generated:              0      59        0      
    +--+------------------------------+------+---------+---------+
       Grand Total:                   9747   965       8933   


LINKER GENERATED COPY TABLES

__TI_cinit_table @ 000029d0 records: 3, size/record: 8, table size: 24
	.bss: load addr=000029b8, load size=00000008 bytes, run addr=20002270, run size=0000006d bytes, compression=zero_init
	.vtable: load addr=000029c0, load size=00000008 bytes, run addr=20000000, run size=0000026c bytes, compression=zero_init
	.data: load addr=000029c8, load size=00000007 bytes, run addr=200022e0, run size=0000000c bytes, compression=lzss


LINKER GENERATED HANDLER TABLE

__TI_handler_table @ 000029a8 records: 3, size/record: 4, table size: 12
	index: 0, handler: __TI_zero_init
	index: 1, handler: __TI_decompress_lzss
	index: 2, handler: __TI_decompress_none


GLOBAL SYMBOLS: SORTED ALPHABETICALLY BY Name 

address   name                          
-------   ----                          
00002885  C$$EXIT                       
000026d9  IntRegister                   
000013a9  My_UART1_Handler              
0000286b  ResetISR                      
20001270  __STACK_END                   
00001000  __STACK_SIZE                  
20000470  __STACK_TOP                   
00001000  __SYSMEM_SIZE                 
000029d0  __TI_CINIT_Base               
000029e8  __TI_CINIT_Limit              
000029a8  __TI_Handler_Table_Base       
000029b4  __TI_Handler_Table_Limit      
000025dd  __TI_auto_init_nobinit_nopinit
00002381  __TI_decompress_lzss          
0000285d  __TI_decompress_none          
ffffffff  __TI_pprof_out_hndl           
0000026d  __TI_printfi                  
ffffffff  __TI_prof_data_size           
ffffffff  __TI_prof_data_start          
00000000  __TI_static_base__            
00002829  __TI_zero_init_nomemset       
0000218d  __aeabi_cdcmpeq               
0000218d  __aeabi_cdcmple               
00002213  __aeabi_cdrcmple              
00002595  __aeabi_d2iz                  
00001703  __aeabi_dadd                  
00001b45  __aeabi_ddiv                  
00001ead  __aeabi_dmul                  
000016f9  __aeabi_dsub                  
00002879  __aeabi_errno_addr            
0000273d  __aeabi_i2d                   
00000ccb  __aeabi_idiv0                 
00000ccb  __aeabi_ldiv0                 
00002299  __aeabi_memclr                
00002299  __aeabi_memclr4               
00002299  __aeabi_memclr8               
0000205b  __aeabi_memcpy                
0000205b  __aeabi_memcpy4               
0000205b  __aeabi_memcpy8               
0000229b  __aeabi_memset                
0000229b  __aeabi_memset4               
0000229b  __aeabi_memset8               
000020f7  __aeabi_uldivmod              
ffffffff  __binit__                     
ffffffff  __c_args__                    
UNDEFED   __mpu_init                    
20000270  __stack                       
000026a1  _c_int00_noargs               
00002888  _ctypes_                      
20001270  _sys_memory                   
UNDEFED   _system_post_cinit            
00002881  _system_pre_init              
00002885  abort                         
00002549  atoi                          
ffffffff  binit                         
200022dc  c                             
000027ed  copysign                      
000027ed  copysignl                     
200022e4  count                         
200022e8  errno                         
200022e0  flag                          
000023e9  frexp                         
000023e9  frexpl                        
20000000  g_pfnRAMVectors               
00000000  g_pfnVectors                  
00001021  lcd_banner_effect             
0000284d  lcd_clear                     
00000e65  lcd_gotoLine                  
00000ccd  lcd_init                      
00000ecb  lcd_printf                    
00000d8d  lcd_putc                      
00000dc5  lcd_puts                      
00000f9d  lcd_rotatingBanner            
00000de3  lcd_sendCommand               
00000e21  lcd_sendNibble                
00000e8d  lcd_setCursorPos              
00001d9d  ldexp                         
00001d9d  ldexpl                        
0000105b  length                        
000024a3  ltoa                          
0000276b  main                          
0000278b  memccpy                       
0000205b  memcpy                        
000022a1  memset                        
200022d8  receive                       
200022c4  result                        
00001d9d  scalbn                        
00001d9d  scalbnl                       
000027d7  strchr                        
000027bf  strcmp                        
00002801  strcpy                        
00002815  strlen                        
000019c1  timer_getClock                
00001975  timer_startClock              
0000190f  timer_startTimer              
000019c7  timer_stopClock               
0000195f  timer_stopTimer               
000018e5  timer_waitMicros              
000018b1  timer_waitMillis              
00001301  uart_init                     
00001375  uart_interrupts_init          
00001487  uart_receive                  
000014a5  uart_sendChar                 
00002621  vsnprintf                     
0000283b  wcslen                        


GLOBAL SYMBOLS: SORTED BY Symbol Address 

address   name                          
-------   ----                          
00000000  __TI_static_base__            
00000000  g_pfnVectors                  
0000026d  __TI_printfi                  
00000ccb  __aeabi_idiv0                 
00000ccb  __aeabi_ldiv0                 
00000ccd  lcd_init                      
00000d8d  lcd_putc                      
00000dc5  lcd_puts                      
00000de3  lcd_sendCommand               
00000e21  lcd_sendNibble                
00000e65  lcd_gotoLine                  
00000e8d  lcd_setCursorPos              
00000ecb  lcd_printf                    
00000f9d  lcd_rotatingBanner            
00001000  __STACK_SIZE                  
00001000  __SYSMEM_SIZE                 
00001021  lcd_banner_effect             
0000105b  length                        
00001301  uart_init                     
00001375  uart_interrupts_init          
000013a9  My_UART1_Handler              
00001487  uart_receive                  
000014a5  uart_sendChar                 
000016f9  __aeabi_dsub                  
00001703  __aeabi_dadd                  
000018b1  timer_waitMillis              
000018e5  timer_waitMicros              
0000190f  timer_startTimer              
0000195f  timer_stopTimer               
00001975  timer_startClock              
000019c1  timer_getClock                
000019c7  timer_stopClock               
00001b45  __aeabi_ddiv                  
00001d9d  ldexp                         
00001d9d  ldexpl                        
00001d9d  scalbn                        
00001d9d  scalbnl                       
00001ead  __aeabi_dmul                  
0000205b  __aeabi_memcpy                
0000205b  __aeabi_memcpy4               
0000205b  __aeabi_memcpy8               
0000205b  memcpy                        
000020f7  __aeabi_uldivmod              
0000218d  __aeabi_cdcmpeq               
0000218d  __aeabi_cdcmple               
00002213  __aeabi_cdrcmple              
00002299  __aeabi_memclr                
00002299  __aeabi_memclr4               
00002299  __aeabi_memclr8               
0000229b  __aeabi_memset                
0000229b  __aeabi_memset4               
0000229b  __aeabi_memset8               
000022a1  memset                        
00002381  __TI_decompress_lzss          
000023e9  frexp                         
000023e9  frexpl                        
000024a3  ltoa                          
00002549  atoi                          
00002595  __aeabi_d2iz                  
000025dd  __TI_auto_init_nobinit_nopinit
00002621  vsnprintf                     
000026a1  _c_int00_noargs               
000026d9  IntRegister                   
0000273d  __aeabi_i2d                   
0000276b  main                          
0000278b  memccpy                       
000027bf  strcmp                        
000027d7  strchr                        
000027ed  copysign                      
000027ed  copysignl                     
00002801  strcpy                        
00002815  strlen                        
00002829  __TI_zero_init_nomemset       
0000283b  wcslen                        
0000284d  lcd_clear                     
0000285d  __TI_decompress_none          
0000286b  ResetISR                      
00002879  __aeabi_errno_addr            
00002881  _system_pre_init              
00002885  C$$EXIT                       
00002885  abort                         
00002888  _ctypes_                      
000029a8  __TI_Handler_Table_Base       
000029b4  __TI_Handler_Table_Limit      
000029d0  __TI_CINIT_Base               
000029e8  __TI_CINIT_Limit              
20000000  g_pfnRAMVectors               
20000270  __stack                       
20000470  __STACK_TOP                   
20001270  __STACK_END                   
20001270  _sys_memory                   
200022c4  result                        
200022d8  receive                       
200022dc  c                             
200022e0  flag                          
200022e4  count                         
200022e8  errno                         
ffffffff  __TI_pprof_out_hndl           
ffffffff  __TI_prof_data_size           
ffffffff  __TI_prof_data_start          
ffffffff  __binit__                     
ffffffff  __c_args__                    
ffffffff  binit                         
UNDEFED   __mpu_init                    
UNDEFED   _system_post_cinit            

[105 symbols]
