******************************************************************************
                  TI ARM Linker PC v18.1.2                     
******************************************************************************
>> Linked Mon Mar  4 12:02:17 2019

OUTPUT FILE NAME:   <Lab5.out>
ENTRY POINT SYMBOL: "_c_int00_noargs"  address: 00004cb1


MEMORY CONFIGURATION

         name            origin    length      used     unused   attr    fill
----------------------  --------  ---------  --------  --------  ----  --------
  FLASH                 00000000   00040000  000053d2  0003ac2e  R  X
  SRAM                  20000000   00008000  0000269d  00005963  RW X


SEGMENT ALLOCATION MAP

run origin  load origin   length   init length attrs members
----------  ----------- ---------- ----------- ----- -------
00000000    00000000    000053d8   000053d8    r-x
  00000000    00000000    0000026c   0000026c    r-- .intvecs
  0000026c    0000026c    00004ec2   00004ec2    r-x .text
  00005130    00005130    000001fc   000001fc    r-- .const
  00005330    00005330    000000a8   000000a8    r-- .cinit
20000000    20000000    000026a4   00000000    rw-
  20000000    20000000    0000026c   00000000    rw- .vtable
  20000270    20000270    00001000   00000000    rw- .stack
  20001270    20001270    00001000   00000000    rw- .sysmem
  20002270    20002270    00000235   00000000    rw- .bss
  200024a8    200024a8    000001fc   00000000    rw- .data


SECTION ALLOCATION MAP

 output                                  attributes/
section   page    origin      length       input sections
--------  ----  ----------  ----------   ----------------
.intvecs   0    00000000    0000026c     
                  00000000    0000026c     tm4c123gh6pm_startup_ccs.obj (.intvecs)

.text      0    0000026c    00004ec2     
                  0000026c    00000af0     rtsv7M4_T_le_v4SPD16_eabi.lib : _scanfi.c.obj (.text:__TI_scanfi)
                  00000d5c    00000a5e                                   : _printfi.c.obj (.text:__TI_printfi)
                  000017ba    00000002                                   : _lock.c.obj (.text:_nop)
                  000017bc    00000460                                   : strtod.c.obj (.text:strtod)
                  00001c1c    000003c4     lcd.obj (.text)
                  00001fe0    00000270     rtsv7M4_T_le_v4SPD16_eabi.lib : _printfi.c.obj (.text:_pconv_a)
                  00002250    00000248     UART.obj (.text)
                  00002498    000001dc     rtsv7M4_T_le_v4SPD16_eabi.lib : strtoll.c.obj (.text:strtoll)
                  00002674    000001d0                                   : _printfi.c.obj (.text:_pconv_g)
                  00002844    000001b6                                   : fd_add_t2.asm.obj (.text)
                  000029fa    00000002                                   : div0.asm.obj (.text)
                  000029fc    0000015c                                   : strtoull.c.obj (.text:strtoull)
                  00002b58    00000158     timer.obj (.text)
                  00002cb0    0000013c     rtsv7M4_T_le_v4SPD16_eabi.lib : _printfi.c.obj (.text:_pconv_e)
                  00002dec    00000136                                   : fd_div_t2.asm.obj (.text)
                  00002f22    00000002     --HOLE-- [fill = 0]
                  00002f24    00000130                                   : strtol.c.obj (.text:strtol)
                  00003054    00000120                                   : _printfi.c.obj (.text:fcvt)
                  00003174    00000114                                   : fputs.c.obj (.text:fputs)
                  00003288    00000110     main.obj (.text)
                  00003398    00000110     rtsv7M4_T_le_v4SPD16_eabi.lib : s_scalbn.c.obj (.text:scalbn)
                  000034a8    00000110                                   : strtoul.c.obj (.text:strtoul)
                  000035b8    000000fc                                   : fd_mul_t2.asm.obj (.text)
                  000036b4    000000dc                                   : setvbuf.c.obj (.text:setvbuf)
                  00003790    000000d8                                   : memory.c.obj (.text:free)
                  00003868    000000d0                                   : fopen.c.obj (.text:_openfile)
                  00003938    000000c8                                   : perror.c.obj (.text:perror)
                  00003a00    000000bc                                   : open.c.obj (.text:open)
                  00003abc    000000b1                                   : _printfi.c.obj (.text:_ltostr)
                  00003b6d    00000003     --HOLE-- [fill = 0]
                  00003b70    0000009c                                   : _bufread.c.obj (.text:__TI_buff_read)
                  00003c0c    0000009c                                   : fopen.c.obj (.text:fopen)
                  00003ca8    0000009c                                   : memcpy_t2.asm.obj (.text)
                  00003d44    00000096                                   : ull_div_t2.asm.obj (.text)
                  00003dda    00000002     --HOLE-- [fill = 0]
                  00003ddc    0000008c                                   : fputc.c.obj (.text:fputc)
                  00003e68    00000088                                   : fscanf.c.obj (.text:_chkmbc)
                  00003ef0    00000086                                   : fd_cmp_t2.asm.obj (.text:__aeabi_cdcmple)
                  00003f76    00000086                                   : fd_cmp_t2.asm.obj (.text:__aeabi_cdrcmple)
                  00003ffc    00000084                                   : fgetc.c.obj (.text:fgetc)
                  00004080    00000080     lab5_scan_data.lib : lab5_scan_data.obj (.text)
                  00004100    00000080     rtsv7M4_T_le_v4SPD16_eabi.lib : ungetc.c.obj (.text:ungetc)
                  00004180    0000007a                                   : memset_t2.asm.obj (.text)
                  000041fa    00000002     --HOLE-- [fill = 0]
                  000041fc    00000078                                   : memory.c.obj (.text:malloc)
                  00004274    00000074                                   : fclose.c.obj (.text:__TI_closefile)
                  000042e8    0000006e                                   : _printfi.c.obj (.text:_mcpy)
                  00004356    0000006e                                   : fd_tos_t2.asm.obj (.text)
                  000043c4    00000068                                   : hostlseek.c.obj (.text:HOSTlseek)
                  0000442c    00000068                                   : hostrename.c.obj (.text:HOSTrename)
                  00004494    00000068                                   : copy_decompress_lzss.c.obj (.text:decompress:lzss:__TI_decompress_lzss)
                  000044fc    00000068                                   : fscanf.c.obj (.text:fscanf)
                  00004564    00000064                                   : s_frexp.c.obj (.text:frexp)
                  000045c8    00000064                                   : fseek.c.obj (.text:fseek)
                  0000462c    00000062                                   : _io_perm.c.obj (.text:__TI_wrt_ok)
                  0000468e    00000002     --HOLE-- [fill = 0]
                  00004690    00000060                                   : hostopen.c.obj (.text:HOSTopen)
                  000046f0    0000005c                                   : close.c.obj (.text:close)
                  0000474c    00000058                                   : hostread.c.obj (.text:HOSTread)
                  000047a4    00000058                                   : hostwrite.c.obj (.text:HOSTwrite)
                  000047fc    00000056                                   : _printfi.c.obj (.text:_pconv_f)
                  00004852    00000054                                   : ltoa.c.obj (.text:ltoa)
                  000048a6    00000052                                   : _printfi.c.obj (.text:_ecpy)
                  000048f8    0000004c                                   : fflush.c.obj (.text:__TI_doflush)
                  00004944    0000004c                                   : atoi.c.obj (.text:atoi)
                  00004990    0000004a                                   : _io_perm.c.obj (.text:__TI_rd_ok)
                  000049da    00000002     --HOLE-- [fill = 0]
                  000049dc    00000048                                   : exit.c.obj (.text:exit)
                  00004a24    00000048                                   : fd_toi_t2.asm.obj (.text)
                  00004a6c    00000044                                   : hostclose.c.obj (.text:HOSTclose)
                  00004ab0    00000044                                   : hostunlink.c.obj (.text:HOSTunlink)
                  00004af4    00000044                                   : autoinit.c.obj (.text:__TI_auto_init_nobinit_nopinit:__TI_auto_init_nobinit_nopinit)
                  00004b38    00000044                                   : getdevice.c.obj (.text:getdevice)
                  00004b7c    00000040                                   : sprintf.c.obj (.text:sprintf)
                  00004bbc    00000040                                   : vsnprintf.c.obj (.text:vsnprintf)
                  00004bfc    0000003e                                   : _printfi.c.obj (.text:_fcpy)
                  00004c3a    00000002     --HOLE-- [fill = 0]
                  00004c3c    0000003c                                   : memory.c.obj (.text:minsert)
                  00004c78    00000038                                   : trgmsg.c.obj (.text:__TI_writemsg)
                  00004cb0    00000038                                   : boot_cortex_m.c.obj (.text:_c_int00_noargs:_c_int00_noargs)
                  00004ce8    00000038                                   : memory.c.obj (.text:minit)
                  00004d20    00000038                                   : fs_tod_t2.asm.obj (.text)
                  00004d58    00000036                                   : strncpy.c.obj (.text:strncpy)
                  00004d8e    00000002     --HOLE-- [fill = 0]
                  00004d90    00000034     driverlib.lib : interrupt.obj (.text:IntRegister)
                  00004dc4    00000034     rtsv7M4_T_le_v4SPD16_eabi.lib : fopen.c.obj (.text:__TI_cleanup)
                  00004df8    00000034                                   : trgmsg.c.obj (.text:__TI_readmsg)
                  00004e2c    00000030                                   : vsnprintf.c.obj (.text:_outs)
                  00004e5c    00000030                                   : getdevice.c.obj (.text:finddevice)
                  00004e8c    0000002e                                   : i_tofd_t2.asm.obj (.text)
                  00004eba    00000002     --HOLE-- [fill = 0]
                  00004ebc    0000002c                                   : fclose.c.obj (.text:fclose)
                  00004ee8    0000002c                                   : unlink.c.obj (.text:unlink)
                  00004f14    00000028                                   : lseek.c.obj (.text:lseek)
                  00004f3c    00000028                                   : memory.c.obj (.text:mremove)
                  00004f64    00000028                                   : read.c.obj (.text:read)
                  00004f8c    00000028                                   : write.c.obj (.text:write)
                  00004fb4    00000020                                   : memchr.c.obj (.text:memchr)
                  00004fd4    0000001c                                   : memccpy.c.obj (.text:memccpy)
                  00004ff0    00000018                                   : vsnprintf.c.obj (.text:_outc)
                  00005008    00000018                                   : sprintf.c.obj (.text:_outs)
                  00005020    00000018                                   : ll_mul_t2.asm.obj (.text)
                  00005038    00000018                                   : strcmp.c.obj (.text:strcmp)
                  00005050    00000018                                   : strrchr.c.obj (.text:strrchr)
                  00005068    00000016                                   : strchr.c.obj (.text:strchr)
                  0000507e    00000014                                   : s_copysign.c.obj (.text:copysign)
                  00005092    00000014                                   : strcpy.c.obj (.text:strcpy)
                  000050a6    00000014                                   : strlen.c.obj (.text:strlen)
                  000050ba    00000012                                   : wcslen.c.obj (.text:wcslen)
                  000050cc    00000010     lcd.obj (.text:lcd_clear)
                  000050dc    0000000e     rtsv7M4_T_le_v4SPD16_eabi.lib : copy_decompress_none.c.obj (.text:decompress:none:__TI_decompress_none)
                  000050ea    0000000c                                   : copy_zero_init.c.obj (.text:decompress:ZI:__TI_zero_init)
                  000050f6    0000000c     tm4c123gh6pm_startup_ccs.obj (.text)
                  00005102    0000000a     rtsv7M4_T_le_v4SPD16_eabi.lib : sprintf.c.obj (.text:_outc)
                  0000510c    0000000a                                   : fscanf.c.obj (.text:_uninpchar)
                  00005116    00000002     --HOLE-- [fill = 0]
                  00005118    00000008                                   : errno.c.obj (.text:__aeabi_errno_addr)
                  00005120    00000006                                   : fscanf.c.obj (.text:_inpchar)
                  00005126    00000004                                   : pre_init.c.obj (.text:_system_pre_init)
                  0000512a    00000004                                   : exit.c.obj (.text:abort:abort)

.const     0    00005130    000001fc     
                  00005130    00000101     rtsv7M4_T_le_v4SPD16_eabi.lib : ctype.c.obj (.const:.string:_ctypes_)
                  00005231    00000004     lcd.obj (.const:.string:lineAddress$1)
                  00005235    00000003     --HOLE-- [fill = 0]
                  00005238    000000c8     rtsv7M4_T_le_v4SPD16_eabi.lib : strtod.c.obj (.const:$O1$$)
                  00005300    00000015     lcd.obj (.const:.string:$P$T0$4)
                  00005315    00000003     --HOLE-- [fill = 0]
                  00005318    00000010     rtsv7M4_T_le_v4SPD16_eabi.lib : _scanfi.c.obj (.const:$O1$$)
                  00005328    00000004     lcd.obj (.const:.string:lineAddresses$2)

.cinit     0    00005330    000000a8     
                  00005330    00000072     (.cinit..data.load) [load image, compression = lzss]
                  000053a2    00000002     --HOLE-- [fill = 0]
                  000053a4    0000000c     (__TI_handler_table)
                  000053b0    00000008     (.cinit..bss.load) [load image, compression = zero_init]
                  000053b8    00000008     (.cinit..vtable.load) [load image, compression = zero_init]
                  000053c0    00000018     (__TI_cinit_table)

.init_array 
*          0    00000000    00000000     UNINITIALIZED

.vtable    0    20000000    0000026c     UNINITIALIZED
                  20000000    0000026c     driverlib.lib : interrupt.obj (.vtable)

.stack     0    20000270    00001000     UNINITIALIZED
                  20000270    00000004     rtsv7M4_T_le_v4SPD16_eabi.lib : boot_cortex_m.c.obj (.stack)
                  20000274    00000ffc     --HOLE--

.sysmem    0    20001270    00001000     UNINITIALIZED
                  20001270    00000008     rtsv7M4_T_le_v4SPD16_eabi.lib : memory.c.obj (.sysmem)
                  20001278    00000ff8     --HOLE--

.bss       0    20002270    00000235     UNINITIALIZED
                  20002270    00000120     rtsv7M4_T_le_v4SPD16_eabi.lib : trgmsg.c.obj (.bss:_CIOBUF_)
                  20002390    000000a0     (.common:__TI_tmpnams)
                  20002430    00000054     lcd.obj (.bss:lastbuffer$3)
                  20002484    00000014     (.common:result)
                  20002498    00000008     (.common:parmbuf)
                  200024a0    00000004     (.common:receive)
                  200024a4    00000001     (.common:c)

.data      0    200024a8    000001fc     UNINITIALIZED
                  200024a8    000000f0     rtsv7M4_T_le_v4SPD16_eabi.lib : defs.c.obj (.data:_ftable)
                  20002598    00000078                                   : write.c.obj (.data:_device)
                  20002610    00000050                                   : write.c.obj (.data:_stream)
                  20002660    00000010                                   : defs.c.obj (.data)
                  20002670    0000000c                                   : exit.c.obj (.data:$O1$$)
                  2000267c    0000000c                                   : memory.c.obj (.data:$O1$$)
                  20002688    00000008                                   : _lock.c.obj (.data:$O1$$)
                  20002690    00000008     UART.obj (.data)
                  20002698    00000004     rtsv7M4_T_le_v4SPD16_eabi.lib : errno.c.obj (.data)
                  2000269c    00000004                                   : fopen.c.obj (.data)
                  200026a0    00000004                                   : open.c.obj (.data)

MODULE SUMMARY

       Module                         code    ro data   rw data
       ------                         ----    -------   -------
    .\
       lcd.obj                        980     29        84     
       tm4c123gh6pm_startup_ccs.obj   12      620       0      
       UART.obj                       584     0         33     
       timer.obj                      344     0         0      
       main.obj                       272     0         0      
    +--+------------------------------+-------+---------+---------+
       Total:                         2192    649       117    
                                                               
    ../lab5_scan_data.lib
       lab5_scan_data.obj             128     0         0      
    +--+------------------------------+-------+---------+---------+
       Total:                         128     0         0      
                                                               
    C:/ti/TivaWare_C_Series-2.1.4.178/driverlib/ccs/Debug/driverlib.lib
       interrupt.obj                  52      0         620    
    +--+------------------------------+-------+---------+---------+
       Total:                         52      0         620    
                                                               
    C:\ti\ccsv8\tools\compiler\ti-cgt-arm_18.1.2.LTS\lib\rtsv7M4_T_le_v4SPD16_eabi.lib
       _printfi.c.obj                 4863    0         0      
       _scanfi.c.obj                  2800    16        0      
       strtod.c.obj                   1120    200       0      
       memory.c.obj                   492     0         12     
       strtoll.c.obj                  476     0         0      
       fd_add_t2.asm.obj              438     0         0      
       fopen.c.obj                    416     0         4      
       defs.c.obj                     0       0         416    
       trgmsg.c.obj                   108     0         288    
       strtoull.c.obj                 348     0         0      
       fd_div_t2.asm.obj              310     0         0      
       strtol.c.obj                   304     0         0      
       fputs.c.obj                    276     0         0      
       s_scalbn.c.obj                 272     0         0      
       strtoul.c.obj                  272     0         0      
       fd_cmp_t2.asm.obj              268     0         0      
       ctype.c.obj                    0       257       0      
       fscanf.c.obj                   256     0         0      
       fd_mul_t2.asm.obj              252     0         0      
       write.c.obj                    40      0         200    
       setvbuf.c.obj                  220     0         0      
       perror.c.obj                   200     0         0      
       open.c.obj                     188     0         4      
       _io_perm.c.obj                 172     0         0      
       fclose.c.obj                   160     0         0      
       _bufread.c.obj                 156     0         0      
       memcpy_t2.asm.obj              156     0         0      
       ull_div_t2.asm.obj             150     0         0      
       fputc.c.obj                    140     0         0      
       vsnprintf.c.obj                136     0         0      
       fgetc.c.obj                    132     0         0      
       ungetc.c.obj                   128     0         0      
       memset_t2.asm.obj              122     0         0      
       getdevice.c.obj                116     0         0      
       fd_tos_t2.asm.obj              110     0         0      
       copy_decompress_lzss.c.obj     104     0         0      
       hostlseek.c.obj                104     0         0      
       hostopen.c.obj                 96      0         8      
       hostrename.c.obj               104     0         0      
       fseek.c.obj                    100     0         0      
       s_frexp.c.obj                  100     0         0      
       sprintf.c.obj                  98      0         0      
       close.c.obj                    92      0         0      
       exit.c.obj                     76      0         12     
       hostread.c.obj                 88      0         0      
       hostwrite.c.obj                88      0         0      
       ltoa.c.obj                     84      0         0      
       atoi.c.obj                     76      0         0      
       fflush.c.obj                   76      0         0      
       fd_toi_t2.asm.obj              72      0         0      
       autoinit.c.obj                 68      0         0      
       hostclose.c.obj                68      0         0      
       hostunlink.c.obj               68      0         0      
       boot_cortex_m.c.obj            56      0         0      
       fs_tod_t2.asm.obj              56      0         0      
       strncpy.c.obj                  54      0         0      
       i_tofd_t2.asm.obj              46      0         0      
       unlink.c.obj                   44      0         0      
       lseek.c.obj                    40      0         0      
       read.c.obj                     40      0         0      
       memchr.c.obj                   32      0         0      
       memccpy.c.obj                  28      0         0      
       ll_mul_t2.asm.obj              24      0         0      
       strcmp.c.obj                   24      0         0      
       strrchr.c.obj                  24      0         0      
       strchr.c.obj                   22      0         0      
       s_copysign.c.obj               20      0         0      
       strcpy.c.obj                   20      0         0      
       strlen.c.obj                   20      0         0      
       wcslen.c.obj                   18      0         0      
       copy_decompress_none.c.obj     14      0         0      
       copy_zero_init.c.obj           12      0         0      
       errno.c.obj                    8       0         4      
       _lock.c.obj                    2       0         8      
       pre_init.c.obj                 4       0         0      
       div0.asm.obj                   2       0         0      
    +--+------------------------------+-------+---------+---------+
       Total:                         17769   473       956    
                                                               
       Heap:                          0       0         4096   
       Stack:                         0       0         4096   
       Linker Generated:              0       166       0      
    +--+------------------------------+-------+---------+---------+
       Grand Total:                   20141   1288      9885   


LINKER GENERATED COPY TABLES

__TI_cinit_table @ 000053c0 records: 3, size/record: 8, table size: 24
	.data: load addr=00005330, load size=00000072 bytes, run addr=200024a8, run size=000001fc bytes, compression=lzss
	.bss: load addr=000053b0, load size=00000008 bytes, run addr=20002270, run size=00000235 bytes, compression=zero_init
	.vtable: load addr=000053b8, load size=00000008 bytes, run addr=20000000, run size=0000026c bytes, compression=zero_init


LINKER GENERATED HANDLER TABLE

__TI_handler_table @ 000053a4 records: 3, size/record: 4, table size: 12
	index: 0, handler: __TI_zero_init
	index: 1, handler: __TI_decompress_lzss
	index: 2, handler: __TI_decompress_none


GLOBAL SYMBOLS: SORTED ALPHABETICALLY BY Name 

address   name                           
-------   ----                           
0000512b  C$$EXIT                        
00004ca7  C$$IO$$                        
00004a6d  HOSTclose                      
000043c5  HOSTlseek                      
00004691  HOSTopen                       
0000474d  HOSTread                       
0000442d  HOSTrename                     
00004ab1  HOSTunlink                     
000047a5  HOSTwrite                      
00004d91  IntRegister                    
000022f9  My_UART1_Handler               
000050f7  ResetISR                       
20002270  __CIOBUF_                      
20001270  __STACK_END                    
00001000  __STACK_SIZE                   
20000470  __STACK_TOP                    
00001000  __SYSMEM_SIZE                  
000053c0  __TI_CINIT_Base                
000053d8  __TI_CINIT_Limit               
000053a4  __TI_Handler_Table_Base        
000053b0  __TI_Handler_Table_Limit       
00004af5  __TI_auto_init_nobinit_nopinit 
00003b71  __TI_buff_read                 
00004dc5  __TI_cleanup                   
20002670  __TI_cleanup_ptr               
00004275  __TI_closefile                 
00004495  __TI_decompress_lzss           
000050dd  __TI_decompress_none           
000048f9  __TI_doflush                   
20002674  __TI_dtors_ptr                 
20002678  __TI_enable_exit_profile_output
20002660  __TI_ft_end                    
ffffffff  __TI_pprof_out_hndl            
00000d5d  __TI_printfi                   
ffffffff  __TI_prof_data_size            
ffffffff  __TI_prof_data_start           
00004991  __TI_rd_ok                     
00004df9  __TI_readmsg                   
0000026d  __TI_scanfi                    
00000000  __TI_static_base__             
20002390  __TI_tmpnams                   
00004c79  __TI_writemsg                  
0000462d  __TI_wrt_ok                    
000050eb  __TI_zero_init                 
00003ef1  __aeabi_cdcmpeq                
00003ef1  __aeabi_cdcmple                
00003f77  __aeabi_cdrcmple               
00004357  __aeabi_d2f                    
00004a25  __aeabi_d2iz                   
0000284f  __aeabi_dadd                   
00002ded  __aeabi_ddiv                   
000035b9  __aeabi_dmul                   
00002845  __aeabi_dsub                   
00005119  __aeabi_errno_addr             
00004d21  __aeabi_f2d                    
00004e8d  __aeabi_i2d                    
000029fb  __aeabi_idiv0                  
000029fb  __aeabi_ldiv0                  
00005021  __aeabi_lmul                   
00004181  __aeabi_memclr                 
00004181  __aeabi_memclr4                
00004181  __aeabi_memclr8                
00003ca9  __aeabi_memcpy                 
00003ca9  __aeabi_memcpy4                
00003ca9  __aeabi_memcpy8                
00004183  __aeabi_memset                 
00004183  __aeabi_memset4                
00004183  __aeabi_memset8                
2000266c  __aeabi_stderr                 
20002664  __aeabi_stdin                  
20002668  __aeabi_stdout                 
00003d45  __aeabi_uldivmod               
ffffffff  __binit__                      
ffffffff  __c_args__                     
UNDEFED   __mpu_init                     
20000270  __stack                        
00004cb1  _c_int00_noargs                
00005130  _ctypes_                       
20002598  _device                        
200024a8  _ftable                        
20002688  _lock                          
000017bb  _nop                           
20002610  _stream                        
20001270  _sys_memory                    
UNDEFED   _system_post_cinit             
00005127  _system_pre_init               
2000268c  _unlock                        
0000512b  abort                          
00004945  atoi                           
ffffffff  binit                          
200024a4  c                              
000046f1  close                          
0000507f  copysign                       
0000507f  copysignl                      
20002694  count                          
20002698  errno                          
000049dd  exit                           
00004ebd  fclose                         
00003ffd  fgetc                          
00004e5d  finddevice                     
20002690  flag                           
00003c0d  fopen                          
00003ddd  fputc                          
00003175  fputs                          
00003791  free                           
00004565  frexp                          
00004565  frexpl                         
000044fd  fscanf                         
000045c9  fseek                          
20000000  g_pfnRAMVectors                
00000000  g_pfnVectors                   
00004081  get_reading                    
00003ffd  getc                           
00004b39  getdevice                      
00001f71  lcd_banner_effect              
000050cd  lcd_clear                      
00001db5  lcd_gotoLine                   
00001c1d  lcd_init                       
00001e1b  lcd_printf                     
00001cdd  lcd_putc                       
00001d15  lcd_puts                       
00001eed  lcd_rotatingBanner             
00001d33  lcd_sendCommand                
00001d71  lcd_sendNibble                 
00001ddd  lcd_setCursorPos               
00003399  ldexp                          
00003399  ldexpl                         
00001fab  length                         
00004f15  lseek                          
00004853  ltoa                           
00003289  main                           
000041fd  malloc                         
00004fd5  memccpy                        
00004fb5  memchr                         
00003ca9  memcpy                         
00004189  memset                         
00004ce9  minit                          
00003a01  open                           
20002498  parmbuf                        
00003939  perror                         
00003ddd  putc                           
00004f65  read                           
200024a0  receive                        
00004ee9  remove                         
20002484  result                         
00003399  scalbn                         
00003399  scalbnl                        
000036b5  setvbuf                        
00004b7d  sprintf                        
00005069  strchr                         
00005039  strcmp                         
00005093  strcpy                         
000050a7  strlen                         
00004d59  strncpy                        
00005051  strrchr                        
000017bd  strtod                         
00002f25  strtol                         
000017bd  strtold                        
00002499  strtoll                        
000034a9  strtoul                        
000029fd  strtoull                       
00002c69  timer_getClock                 
00002c1d  timer_startClock               
00002bb7  timer_startTimer               
00002c6f  timer_stopClock                
00002c07  timer_stopTimer                
00002b8d  timer_waitMicros               
00002b59  timer_waitMillis               
00002251  uart_init                      
000022c5  uart_interrupts_init           
000023d7  uart_receive                   
000023f5  uart_sendChar                  
00002411  uart_sendStr                   
00004101  ungetc                         
00004ee9  unlink                         
00004bbd  vsnprintf                      
000050bb  wcslen                         
00004f8d  write                          


GLOBAL SYMBOLS: SORTED BY Symbol Address 

address   name                           
-------   ----                           
00000000  __TI_static_base__             
00000000  g_pfnVectors                   
0000026d  __TI_scanfi                    
00000d5d  __TI_printfi                   
00001000  __STACK_SIZE                   
00001000  __SYSMEM_SIZE                  
000017bb  _nop                           
000017bd  strtod                         
000017bd  strtold                        
00001c1d  lcd_init                       
00001cdd  lcd_putc                       
00001d15  lcd_puts                       
00001d33  lcd_sendCommand                
00001d71  lcd_sendNibble                 
00001db5  lcd_gotoLine                   
00001ddd  lcd_setCursorPos               
00001e1b  lcd_printf                     
00001eed  lcd_rotatingBanner             
00001f71  lcd_banner_effect              
00001fab  length                         
00002251  uart_init                      
000022c5  uart_interrupts_init           
000022f9  My_UART1_Handler               
000023d7  uart_receive                   
000023f5  uart_sendChar                  
00002411  uart_sendStr                   
00002499  strtoll                        
00002845  __aeabi_dsub                   
0000284f  __aeabi_dadd                   
000029fb  __aeabi_idiv0                  
000029fb  __aeabi_ldiv0                  
000029fd  strtoull                       
00002b59  timer_waitMillis               
00002b8d  timer_waitMicros               
00002bb7  timer_startTimer               
00002c07  timer_stopTimer                
00002c1d  timer_startClock               
00002c69  timer_getClock                 
00002c6f  timer_stopClock                
00002ded  __aeabi_ddiv                   
00002f25  strtol                         
00003175  fputs                          
00003289  main                           
00003399  ldexp                          
00003399  ldexpl                         
00003399  scalbn                         
00003399  scalbnl                        
000034a9  strtoul                        
000035b9  __aeabi_dmul                   
000036b5  setvbuf                        
00003791  free                           
00003939  perror                         
00003a01  open                           
00003b71  __TI_buff_read                 
00003c0d  fopen                          
00003ca9  __aeabi_memcpy                 
00003ca9  __aeabi_memcpy4                
00003ca9  __aeabi_memcpy8                
00003ca9  memcpy                         
00003d45  __aeabi_uldivmod               
00003ddd  fputc                          
00003ddd  putc                           
00003ef1  __aeabi_cdcmpeq                
00003ef1  __aeabi_cdcmple                
00003f77  __aeabi_cdrcmple               
00003ffd  fgetc                          
00003ffd  getc                           
00004081  get_reading                    
00004101  ungetc                         
00004181  __aeabi_memclr                 
00004181  __aeabi_memclr4                
00004181  __aeabi_memclr8                
00004183  __aeabi_memset                 
00004183  __aeabi_memset4                
00004183  __aeabi_memset8                
00004189  memset                         
000041fd  malloc                         
00004275  __TI_closefile                 
00004357  __aeabi_d2f                    
000043c5  HOSTlseek                      
0000442d  HOSTrename                     
00004495  __TI_decompress_lzss           
000044fd  fscanf                         
00004565  frexp                          
00004565  frexpl                         
000045c9  fseek                          
0000462d  __TI_wrt_ok                    
00004691  HOSTopen                       
000046f1  close                          
0000474d  HOSTread                       
000047a5  HOSTwrite                      
00004853  ltoa                           
000048f9  __TI_doflush                   
00004945  atoi                           
00004991  __TI_rd_ok                     
000049dd  exit                           
00004a25  __aeabi_d2iz                   
00004a6d  HOSTclose                      
00004ab1  HOSTunlink                     
00004af5  __TI_auto_init_nobinit_nopinit 
00004b39  getdevice                      
00004b7d  sprintf                        
00004bbd  vsnprintf                      
00004c79  __TI_writemsg                  
00004ca7  C$$IO$$                        
00004cb1  _c_int00_noargs                
00004ce9  minit                          
00004d21  __aeabi_f2d                    
00004d59  strncpy                        
00004d91  IntRegister                    
00004dc5  __TI_cleanup                   
00004df9  __TI_readmsg                   
00004e5d  finddevice                     
00004e8d  __aeabi_i2d                    
00004ebd  fclose                         
00004ee9  remove                         
00004ee9  unlink                         
00004f15  lseek                          
00004f65  read                           
00004f8d  write                          
00004fb5  memchr                         
00004fd5  memccpy                        
00005021  __aeabi_lmul                   
00005039  strcmp                         
00005051  strrchr                        
00005069  strchr                         
0000507f  copysign                       
0000507f  copysignl                      
00005093  strcpy                         
000050a7  strlen                         
000050bb  wcslen                         
000050cd  lcd_clear                      
000050dd  __TI_decompress_none           
000050eb  __TI_zero_init                 
000050f7  ResetISR                       
00005119  __aeabi_errno_addr             
00005127  _system_pre_init               
0000512b  C$$EXIT                        
0000512b  abort                          
00005130  _ctypes_                       
000053a4  __TI_Handler_Table_Base        
000053b0  __TI_Handler_Table_Limit       
000053c0  __TI_CINIT_Base                
000053d8  __TI_CINIT_Limit               
20000000  g_pfnRAMVectors                
20000270  __stack                        
20000470  __STACK_TOP                    
20001270  __STACK_END                    
20001270  _sys_memory                    
20002270  __CIOBUF_                      
20002390  __TI_tmpnams                   
20002484  result                         
20002498  parmbuf                        
200024a0  receive                        
200024a4  c                              
200024a8  _ftable                        
20002598  _device                        
20002610  _stream                        
20002660  __TI_ft_end                    
20002664  __aeabi_stdin                  
20002668  __aeabi_stdout                 
2000266c  __aeabi_stderr                 
20002670  __TI_cleanup_ptr               
20002674  __TI_dtors_ptr                 
20002678  __TI_enable_exit_profile_output
20002688  _lock                          
2000268c  _unlock                        
20002690  flag                           
20002694  count                          
20002698  errno                          
ffffffff  __TI_pprof_out_hndl            
ffffffff  __TI_prof_data_size            
ffffffff  __TI_prof_data_start           
ffffffff  __binit__                      
ffffffff  __c_args__                     
ffffffff  binit                          
UNDEFED   __mpu_init                     
UNDEFED   _system_post_cinit             

[178 symbols]
