******************************************************************************
                  TI ARM Linker PC v18.1.2                     
******************************************************************************
>> Linked Mon Mar 11 11:25:27 2019

OUTPUT FILE NAME:   <Lab6.out>
ENTRY POINT SYMBOL: "_c_int00_noargs"  address: 00003591


MEMORY CONFIGURATION

         name            origin    length      used     unused   attr    fill
----------------------  --------  ---------  --------  --------  ----  --------
  FLASH                 00000000   00040000  00003929  0003c6d7  R  X
  SRAM                  20000000   00008000  000022e1  00005d1f  RW X


SEGMENT ALLOCATION MAP

run origin  load origin   length   init length attrs members
----------  ----------- ---------- ----------- ----- -------
00000000    00000000    00003930   00003930    r-x
  00000000    00000000    0000026c   0000026c    r-- .intvecs
  0000026c    0000026c    0000352c   0000352c    r-x .text
  00003798    00003798    00000151   00000151    r-- .const
  000038f0    000038f0    00000040   00000040    r-- .cinit
20000000    20000000    000022e8   00000000    rw-
  20000000    20000000    0000026c   00000000    rw- .vtable
  20000270    20000270    00001000   00000000    rw- .stack
  20001270    20001270    00001000   00000000    rw- .sysmem
  20002270    20002270    00000069   00000000    rw- .bss
  200022dc    200022dc    0000000c   00000000    rw- .data


SECTION ALLOCATION MAP

 output                                  attributes/
section   page    origin      length       input sections
--------  ----  ----------  ----------   ----------------
.intvecs   0    00000000    0000026c     
                  00000000    0000026c     tm4c123gh6pm_startup_ccs.obj (.intvecs)

.text      0    0000026c    0000352c     
                  0000026c    00000a5e     rtsv7M4_T_le_v4SPD16_eabi.lib : _printfi.c.obj (.text:__TI_printfi)
                  00000cca    00000002                                   : div0.asm.obj (.text)
                  00000ccc    000009c0                                   : e_pow.c.obj (.text:pow)
                  0000168c    000003c4     lcd.obj (.text)
                  00001a50    00000270     rtsv7M4_T_le_v4SPD16_eabi.lib : _printfi.c.obj (.text:_pconv_a)
                  00001cc0    000001d0                                   : _printfi.c.obj (.text:_pconv_g)
                  00001e90    000001b6                                   : fd_add_t2.asm.obj (.text)
                  00002046    00000002     --HOLE-- [fill = 0]
                  00002048    000001ac     ADC_stuff.obj (.text)
                  000021f4    000001a8     UART.obj (.text)
                  0000239c    00000158     rtsv7M4_T_le_v4SPD16_eabi.lib : e_sqrt.c.obj (.text:sqrt)
                  000024f4    00000158     timer.obj (.text)
                  0000264c    0000013c     rtsv7M4_T_le_v4SPD16_eabi.lib : _printfi.c.obj (.text:_pconv_e)
                  00002788    00000136                                   : fd_div_t2.asm.obj (.text)
                  000028be    00000002     --HOLE-- [fill = 0]
                  000028c0    00000120                                   : _printfi.c.obj (.text:fcvt)
                  000029e0    00000110                                   : s_scalbn.c.obj (.text:scalbn)
                  00002af0    000000fc                                   : fd_mul_t2.asm.obj (.text)
                  00002bec    000000f8                                   : s_floor.c.obj (.text:floor)
                  00002ce4    000000c0                                   : s_round.c.obj (.text:round)
                  00002da4    000000b1                                   : _printfi.c.obj (.text:_ltostr)
                  00002e55    00000003     --HOLE-- [fill = 0]
                  00002e58    000000b0     main.obj (.text)
                  00002f08    0000009c     rtsv7M4_T_le_v4SPD16_eabi.lib : memcpy_t2.asm.obj (.text)
                  00002fa4    00000096                                   : ull_div_t2.asm.obj (.text)
                  0000303a    00000086                                   : fd_cmp_t2.asm.obj (.text:__aeabi_cdcmple)
                  000030c0    00000086                                   : fd_cmp_t2.asm.obj (.text:__aeabi_cdrcmple)
                  00003146    0000007a                                   : memset_t2.asm.obj (.text)
                  000031c0    0000006e                                   : _printfi.c.obj (.text:_mcpy)
                  0000322e    00000068                                   : copy_decompress_lzss.c.obj (.text:decompress:lzss:__TI_decompress_lzss)
                  00003296    00000002     --HOLE-- [fill = 0]
                  00003298    00000064                                   : s_frexp.c.obj (.text:frexp)
                  000032fc    00000056                                   : _printfi.c.obj (.text:_pconv_f)
                  00003352    00000054                                   : ltoa.c.obj (.text:ltoa)
                  000033a6    00000052                                   : _printfi.c.obj (.text:_ecpy)
                  000033f8    0000004c                                   : atoi.c.obj (.text:atoi)
                  00003444    00000048                                   : fd_toi_t2.asm.obj (.text)
                  0000348c    00000044                                   : autoinit.c.obj (.text:__TI_auto_init_nobinit_nopinit:__TI_auto_init_nobinit_nopinit)
                  000034d0    00000040                                   : sprintf.c.obj (.text:sprintf)
                  00003510    00000040                                   : vsnprintf.c.obj (.text:vsnprintf)
                  00003550    0000003e                                   : _printfi.c.obj (.text:_fcpy)
                  0000358e    00000002     --HOLE-- [fill = 0]
                  00003590    00000038                                   : boot_cortex_m.c.obj (.text:_c_int00_noargs:_c_int00_noargs)
                  000035c8    00000034     driverlib.lib : interrupt.obj (.text:IntRegister)
                  000035fc    00000030     rtsv7M4_T_le_v4SPD16_eabi.lib : vsnprintf.c.obj (.text:_outs)
                  0000362c    0000002e                                   : i_tofd_t2.asm.obj (.text)
                  0000365a    00000020                                   : u_tofd_t2.asm.obj (.text)
                  0000367a    0000001c                                   : memccpy.c.obj (.text:memccpy)
                  00003696    00000018                                   : vsnprintf.c.obj (.text:_outc)
                  000036ae    00000018                                   : sprintf.c.obj (.text:_outs)
                  000036c6    00000018                                   : strcmp.c.obj (.text:strcmp)
                  000036de    00000016                                   : strchr.c.obj (.text:strchr)
                  000036f4    00000014                                   : s_copysign.c.obj (.text:copysign)
                  00003708    00000014                                   : strcpy.c.obj (.text:strcpy)
                  0000371c    00000014                                   : strlen.c.obj (.text:strlen)
                  00003730    00000012                                   : copy_zero_init.c.obj (.text:decompress:ZI:__TI_zero_init_nomemset:__TI_zero_init_nomemset)
                  00003742    00000012                                   : wcslen.c.obj (.text:wcslen)
                  00003754    00000010     lcd.obj (.text:lcd_clear)
                  00003764    0000000e     rtsv7M4_T_le_v4SPD16_eabi.lib : copy_decompress_none.c.obj (.text:decompress:none:__TI_decompress_none)
                  00003772    0000000c     tm4c123gh6pm_startup_ccs.obj (.text)
                  0000377e    0000000a     rtsv7M4_T_le_v4SPD16_eabi.lib : sprintf.c.obj (.text:_outc)
                  00003788    00000008                                   : errno.c.obj (.text:__aeabi_errno_addr)
                  00003790    00000004                                   : pre_init.c.obj (.text:_system_pre_init)
                  00003794    00000004                                   : exit.c.obj (.text:abort:abort)

.const     0    00003798    00000151     
                  00003798    00000101     rtsv7M4_T_le_v4SPD16_eabi.lib : ctype.c.obj (.const:.string:_ctypes_)
                  00003899    00000004     lcd.obj (.const:.string:lineAddress$1)
                  0000389d    00000003     --HOLE-- [fill = 0]
                  000038a0    00000030     rtsv7M4_T_le_v4SPD16_eabi.lib : e_pow.c.obj (.const:$O1$$)
                  000038d0    00000015     lcd.obj (.const:.string:$P$T0$4)
                  000038e5    00000004     lcd.obj (.const:.string:lineAddresses$2)

.cinit     0    000038f0    00000040     
                  000038f0    0000000c     (__TI_handler_table)
                  000038fc    00000004     --HOLE-- [fill = 0]
                  00003900    00000008     (.cinit..bss.load) [load image, compression = zero_init]
                  00003908    00000008     (.cinit..vtable.load) [load image, compression = zero_init]
                  00003910    00000007     (.cinit..data.load) [load image, compression = lzss]
                  00003917    00000001     --HOLE-- [fill = 0]
                  00003918    00000018     (__TI_cinit_table)

.init_array 
*          0    00000000    00000000     UNINITIALIZED

.vtable    0    20000000    0000026c     UNINITIALIZED
                  20000000    0000026c     driverlib.lib : interrupt.obj (.vtable)

.stack     0    20000270    00001000     UNINITIALIZED
                  20000270    00000004     rtsv7M4_T_le_v4SPD16_eabi.lib : boot_cortex_m.c.obj (.stack)
                  20000274    00000ffc     --HOLE--

.sysmem    0    20001270    00001000     UNINITIALIZED
                  20001270    00000008     rtsv7M4_T_le_v4SPD16_eabi.lib : memory.c.obj (.sysmem)
                  20001278    00000ff8     --HOLE--

.bss       0    20002270    00000069     UNINITIALIZED
                  20002270    00000054     lcd.obj (.bss:lastbuffer$3)
                  200022c4    00000014     (.common:result)
                  200022d8    00000001     (.common:c)

.data      0    200022dc    0000000c     UNINITIALIZED
                  200022dc    00000008     UART.obj (.data)
                  200022e4    00000004     rtsv7M4_T_le_v4SPD16_eabi.lib : errno.c.obj (.data)

MODULE SUMMARY

       Module                         code    ro data   rw data
       ------                         ----    -------   -------
    .\
       lcd.obj                        980     29        84     
       tm4c123gh6pm_startup_ccs.obj   12      620       0      
       UART.obj                       424     0         29     
       ADC_stuff.obj                  428     0         0      
       timer.obj                      344     0         0      
       main.obj                       176     0         0      
    +--+------------------------------+-------+---------+---------+
       Total:                         2364    649       113    
                                                               
    C:/ti/TivaWare_C_Series-2.1.4.178/driverlib/ccs/Debug/driverlib.lib
       interrupt.obj                  52      0         620    
    +--+------------------------------+-------+---------+---------+
       Total:                         52      0         620    
                                                               
    C:\ti\ccsv8\tools\compiler\ti-cgt-arm_18.1.2.LTS\lib\rtsv7M4_T_le_v4SPD16_eabi.lib
       _printfi.c.obj                 4863    0         0      
       e_pow.c.obj                    2496    48        0      
       fd_add_t2.asm.obj              438     0         0      
       e_sqrt.c.obj                   344     0         0      
       fd_div_t2.asm.obj              310     0         0      
       s_scalbn.c.obj                 272     0         0      
       fd_cmp_t2.asm.obj              268     0         0      
       ctype.c.obj                    0       257       0      
       fd_mul_t2.asm.obj              252     0         0      
       s_floor.c.obj                  248     0         0      
       s_round.c.obj                  192     0         0      
       memcpy_t2.asm.obj              156     0         0      
       ull_div_t2.asm.obj             150     0         0      
       vsnprintf.c.obj                136     0         0      
       memset_t2.asm.obj              122     0         0      
       copy_decompress_lzss.c.obj     104     0         0      
       s_frexp.c.obj                  100     0         0      
       sprintf.c.obj                  98      0         0      
       ltoa.c.obj                     84      0         0      
       atoi.c.obj                     76      0         0      
       fd_toi_t2.asm.obj              72      0         0      
       autoinit.c.obj                 68      0         0      
       boot_cortex_m.c.obj            56      0         0      
       i_tofd_t2.asm.obj              46      0         0      
       u_tofd_t2.asm.obj              32      0         0      
       memccpy.c.obj                  28      0         0      
       strcmp.c.obj                   24      0         0      
       strchr.c.obj                   22      0         0      
       s_copysign.c.obj               20      0         0      
       strcpy.c.obj                   20      0         0      
       strlen.c.obj                   20      0         0      
       copy_zero_init.c.obj           18      0         0      
       wcslen.c.obj                   18      0         0      
       copy_decompress_none.c.obj     14      0         0      
       errno.c.obj                    8       0         4      
       exit.c.obj                     4       0         0      
       pre_init.c.obj                 4       0         0      
       div0.asm.obj                   2       0         0      
    +--+------------------------------+-------+---------+---------+
       Total:                         11185   305       4      
                                                               
       Heap:                          0       0         4096   
       Stack:                         0       0         4096   
       Linker Generated:              0       59        0      
    +--+------------------------------+-------+---------+---------+
       Grand Total:                   13601   1013      8929   


LINKER GENERATED COPY TABLES

__TI_cinit_table @ 00003918 records: 3, size/record: 8, table size: 24
	.bss: load addr=00003900, load size=00000008 bytes, run addr=20002270, run size=00000069 bytes, compression=zero_init
	.vtable: load addr=00003908, load size=00000008 bytes, run addr=20000000, run size=0000026c bytes, compression=zero_init
	.data: load addr=00003910, load size=00000007 bytes, run addr=200022dc, run size=0000000c bytes, compression=lzss


LINKER GENERATED HANDLER TABLE

__TI_handler_table @ 000038f0 records: 3, size/record: 4, table size: 12
	index: 0, handler: __TI_zero_init
	index: 1, handler: __TI_decompress_lzss
	index: 2, handler: __TI_decompress_none


GLOBAL SYMBOLS: SORTED ALPHABETICALLY BY Name 

address   name                          
-------   ----                          
00003795  C$$EXIT                       
000035c9  IntRegister                   
0000229d  My_UART1_Handler              
00003773  ResetISR                      
20001270  __STACK_END                   
00001000  __STACK_SIZE                  
20000470  __STACK_TOP                   
00001000  __SYSMEM_SIZE                 
00003918  __TI_CINIT_Base               
00003930  __TI_CINIT_Limit              
000038f0  __TI_Handler_Table_Base       
000038fc  __TI_Handler_Table_Limit      
0000348d  __TI_auto_init_nobinit_nopinit
0000322f  __TI_decompress_lzss          
00003765  __TI_decompress_none          
ffffffff  __TI_pprof_out_hndl           
0000026d  __TI_printfi                  
ffffffff  __TI_prof_data_size           
ffffffff  __TI_prof_data_start          
00000000  __TI_static_base__            
00003731  __TI_zero_init_nomemset       
0000303b  __aeabi_cdcmpeq               
0000303b  __aeabi_cdcmple               
000030c1  __aeabi_cdrcmple              
00003445  __aeabi_d2iz                  
00001e9b  __aeabi_dadd                  
00002789  __aeabi_ddiv                  
00002af1  __aeabi_dmul                  
00001e91  __aeabi_dsub                  
00003789  __aeabi_errno_addr            
0000362d  __aeabi_i2d                   
00000ccb  __aeabi_idiv0                 
00000ccb  __aeabi_ldiv0                 
00003147  __aeabi_memclr                
00003147  __aeabi_memclr4               
00003147  __aeabi_memclr8               
00002f09  __aeabi_memcpy                
00002f09  __aeabi_memcpy4               
00002f09  __aeabi_memcpy8               
00003149  __aeabi_memset                
00003149  __aeabi_memset4               
00003149  __aeabi_memset8               
0000365b  __aeabi_ui2d                  
00002fa5  __aeabi_uldivmod              
ffffffff  __binit__                     
ffffffff  __c_args__                    
UNDEFED   __mpu_init                    
20000270  __stack                       
00003591  _c_int00_noargs               
00003798  _ctypes_                      
20001270  _sys_memory                   
UNDEFED   _system_post_cinit            
00003791  _system_pre_init              
00003795  abort                         
000020f3  adc_read                      
000033f9  atoi                          
ffffffff  binit                         
200022d8  c                             
000036f5  copysign                      
000036f5  copysignl                     
200022e0  count                         
200022e4  errno                         
200022dc  flag                          
00002bed  floor                         
00002bed  floorl                        
00003299  frexp                         
00003299  frexpl                        
20000000  g_pfnRAMVectors               
00000000  g_pfnVectors                  
000020cb  get_sensor_reading            
00002049  init_ADC                      
000019e1  lcd_banner_effect             
00003755  lcd_clear                     
00001825  lcd_gotoLine                  
0000168d  lcd_init                      
0000188b  lcd_printf                    
0000174d  lcd_putc                      
00001785  lcd_puts                      
0000195d  lcd_rotatingBanner            
000017a3  lcd_sendCommand               
000017e1  lcd_sendNibble                
0000184d  lcd_setCursorPos              
000029e1  ldexp                         
000029e1  ldexpl                        
00001a1b  length                        
00003353  ltoa                          
00002e59  main                          
0000367b  memccpy                       
00002f09  memcpy                        
0000314f  memset                        
00000ccd  pow                           
00000ccd  powl                          
200022c4  result                        
00002ce5  round                         
00002ce5  roundl                        
000029e1  scalbn                        
000029e1  scalbnl                       
000034d1  sprintf                       
0000239d  sqrt                          
0000239d  sqrtl                         
000036df  strchr                        
000036c7  strcmp                        
00003709  strcpy                        
0000371d  strlen                        
00002605  timer_getClock                
000025b9  timer_startClock              
00002553  timer_startTimer              
0000260b  timer_stopClock               
000025a3  timer_stopTimer               
00002529  timer_waitMicros              
000024f5  timer_waitMillis              
000021f5  uart_init                     
00002269  uart_interrupts_init          
000022e7  uart_receive                  
00002305  uart_sendChar                 
00002321  uart_sendStr                  
00003511  vsnprintf                     
00003743  wcslen                        


GLOBAL SYMBOLS: SORTED BY Symbol Address 

address   name                          
-------   ----                          
00000000  __TI_static_base__            
00000000  g_pfnVectors                  
0000026d  __TI_printfi                  
00000ccb  __aeabi_idiv0                 
00000ccb  __aeabi_ldiv0                 
00000ccd  pow                           
00000ccd  powl                          
00001000  __STACK_SIZE                  
00001000  __SYSMEM_SIZE                 
0000168d  lcd_init                      
0000174d  lcd_putc                      
00001785  lcd_puts                      
000017a3  lcd_sendCommand               
000017e1  lcd_sendNibble                
00001825  lcd_gotoLine                  
0000184d  lcd_setCursorPos              
0000188b  lcd_printf                    
0000195d  lcd_rotatingBanner            
000019e1  lcd_banner_effect             
00001a1b  length                        
00001e91  __aeabi_dsub                  
00001e9b  __aeabi_dadd                  
00002049  init_ADC                      
000020cb  get_sensor_reading            
000020f3  adc_read                      
000021f5  uart_init                     
00002269  uart_interrupts_init          
0000229d  My_UART1_Handler              
000022e7  uart_receive                  
00002305  uart_sendChar                 
00002321  uart_sendStr                  
0000239d  sqrt                          
0000239d  sqrtl                         
000024f5  timer_waitMillis              
00002529  timer_waitMicros              
00002553  timer_startTimer              
000025a3  timer_stopTimer               
000025b9  timer_startClock              
00002605  timer_getClock                
0000260b  timer_stopClock               
00002789  __aeabi_ddiv                  
000029e1  ldexp                         
000029e1  ldexpl                        
000029e1  scalbn                        
000029e1  scalbnl                       
00002af1  __aeabi_dmul                  
00002bed  floor                         
00002bed  floorl                        
00002ce5  round                         
00002ce5  roundl                        
00002e59  main                          
00002f09  __aeabi_memcpy                
00002f09  __aeabi_memcpy4               
00002f09  __aeabi_memcpy8               
00002f09  memcpy                        
00002fa5  __aeabi_uldivmod              
0000303b  __aeabi_cdcmpeq               
0000303b  __aeabi_cdcmple               
000030c1  __aeabi_cdrcmple              
00003147  __aeabi_memclr                
00003147  __aeabi_memclr4               
00003147  __aeabi_memclr8               
00003149  __aeabi_memset                
00003149  __aeabi_memset4               
00003149  __aeabi_memset8               
0000314f  memset                        
0000322f  __TI_decompress_lzss          
00003299  frexp                         
00003299  frexpl                        
00003353  ltoa                          
000033f9  atoi                          
00003445  __aeabi_d2iz                  
0000348d  __TI_auto_init_nobinit_nopinit
000034d1  sprintf                       
00003511  vsnprintf                     
00003591  _c_int00_noargs               
000035c9  IntRegister                   
0000362d  __aeabi_i2d                   
0000365b  __aeabi_ui2d                  
0000367b  memccpy                       
000036c7  strcmp                        
000036df  strchr                        
000036f5  copysign                      
000036f5  copysignl                     
00003709  strcpy                        
0000371d  strlen                        
00003731  __TI_zero_init_nomemset       
00003743  wcslen                        
00003755  lcd_clear                     
00003765  __TI_decompress_none          
00003773  ResetISR                      
00003789  __aeabi_errno_addr            
00003791  _system_pre_init              
00003795  C$$EXIT                       
00003795  abort                         
00003798  _ctypes_                      
000038f0  __TI_Handler_Table_Base       
000038fc  __TI_Handler_Table_Limit      
00003918  __TI_CINIT_Base               
00003930  __TI_CINIT_Limit              
20000000  g_pfnRAMVectors               
20000270  __stack                       
20000470  __STACK_TOP                   
20001270  __STACK_END                   
20001270  _sys_memory                   
200022c4  result                        
200022d8  c                             
200022dc  flag                          
200022e0  count                         
200022e4  errno                         
ffffffff  __TI_pprof_out_hndl           
ffffffff  __TI_prof_data_size           
ffffffff  __TI_prof_data_start          
ffffffff  __binit__                     
ffffffff  __c_args__                    
ffffffff  binit                         
UNDEFED   __mpu_init                    
UNDEFED   _system_post_cinit            

[118 symbols]
