<?xml version="1.0" encoding="ISO-8859-1" ?>
<link_info>
   <banner>TI ARM Linker PC v18.1.2.LTS</banner>
   <copyright>Copyright (c) 1996-2017 Texas Instruments Incorporated</copyright>
   <link_time>0x5c868bf7</link_time>
   <link_errors>0x0</link_errors>
   <output_file>Lab6.out</output_file>
   <entry_point>
      <name>_c_int00_noargs</name>
      <address>0x3591</address>
   </entry_point>
   <input_file_list>
      <input_file id="fl-2">
         <path>.\</path>
         <kind>object</kind>
         <file>ADC_stuff.obj</file>
         <name>ADC_stuff.obj</name>
      </input_file>
      <input_file id="fl-3">
         <path>.\</path>
         <kind>object</kind>
         <file>UART.obj</file>
         <name>UART.obj</name>
      </input_file>
      <input_file id="fl-4">
         <path>.\</path>
         <kind>object</kind>
         <file>button.obj</file>
         <name>button.obj</name>
      </input_file>
      <input_file id="fl-5">
         <path>.\</path>
         <kind>object</kind>
         <file>lcd.obj</file>
         <name>lcd.obj</name>
      </input_file>
      <input_file id="fl-6">
         <path>.\</path>
         <kind>object</kind>
         <file>main.obj</file>
         <name>main.obj</name>
      </input_file>
      <input_file id="fl-7">
         <path>.\</path>
         <kind>object</kind>
         <file>movement.obj</file>
         <name>movement.obj</name>
      </input_file>
      <input_file id="fl-8">
         <path>.\</path>
         <kind>object</kind>
         <file>open_interface.obj</file>
         <name>open_interface.obj</name>
      </input_file>
      <input_file id="fl-9">
         <path>.\</path>
         <kind>object</kind>
         <file>timer.obj</file>
         <name>timer.obj</name>
      </input_file>
      <input_file id="fl-a">
         <path>.\</path>
         <kind>object</kind>
         <file>tm4c123gh6pm_startup_ccs.obj</file>
         <name>tm4c123gh6pm_startup_ccs.obj</name>
      </input_file>
      <input_file id="fl-10">
         <kind>object</kind>
         <file>&lt;internal&gt;</file>
         <name>&lt;internal&gt;</name>
      </input_file>
      <input_file id="fl-c6">
         <path>C:\ti\ccsv8\tools\compiler\ti-cgt-arm_18.1.2.LTS\lib\</path>
         <kind>archive</kind>
         <file>rtsv7M4_T_le_v4SPD16_eabi.lib</file>
         <name>e_pow.c.obj</name>
      </input_file>
      <input_file id="fl-c7">
         <path>C:\ti\ccsv8\tools\compiler\ti-cgt-arm_18.1.2.LTS\lib\</path>
         <kind>archive</kind>
         <file>rtsv7M4_T_le_v4SPD16_eabi.lib</file>
         <name>e_sqrt.c.obj</name>
      </input_file>
      <input_file id="fl-c8">
         <path>C:\ti\ccsv8\tools\compiler\ti-cgt-arm_18.1.2.LTS\lib\</path>
         <kind>archive</kind>
         <file>rtsv7M4_T_le_v4SPD16_eabi.lib</file>
         <name>s_round.c.obj</name>
      </input_file>
      <input_file id="fl-c9">
         <path>C:\ti\ccsv8\tools\compiler\ti-cgt-arm_18.1.2.LTS\lib\</path>
         <kind>archive</kind>
         <file>rtsv7M4_T_le_v4SPD16_eabi.lib</file>
         <name>s_scalbn.c.obj</name>
      </input_file>
      <input_file id="fl-ca">
         <path>C:\ti\ccsv8\tools\compiler\ti-cgt-arm_18.1.2.LTS\lib\</path>
         <kind>archive</kind>
         <file>rtsv7M4_T_le_v4SPD16_eabi.lib</file>
         <name>s_copysign.c.obj</name>
      </input_file>
      <input_file id="fl-cb">
         <path>C:\ti\ccsv8\tools\compiler\ti-cgt-arm_18.1.2.LTS\lib\</path>
         <kind>archive</kind>
         <file>rtsv7M4_T_le_v4SPD16_eabi.lib</file>
         <name>fd_add_t2.asm.obj</name>
      </input_file>
      <input_file id="fl-cc">
         <path>C:\ti\ccsv8\tools\compiler\ti-cgt-arm_18.1.2.LTS\lib\</path>
         <kind>archive</kind>
         <file>rtsv7M4_T_le_v4SPD16_eabi.lib</file>
         <name>fd_cmp_t2.asm.obj</name>
      </input_file>
      <input_file id="fl-cd">
         <path>C:\ti\ccsv8\tools\compiler\ti-cgt-arm_18.1.2.LTS\lib\</path>
         <kind>archive</kind>
         <file>rtsv7M4_T_le_v4SPD16_eabi.lib</file>
         <name>fd_div_t2.asm.obj</name>
      </input_file>
      <input_file id="fl-ce">
         <path>C:\ti\ccsv8\tools\compiler\ti-cgt-arm_18.1.2.LTS\lib\</path>
         <kind>archive</kind>
         <file>rtsv7M4_T_le_v4SPD16_eabi.lib</file>
         <name>fd_mul_t2.asm.obj</name>
      </input_file>
      <input_file id="fl-cf">
         <path>C:\ti\ccsv8\tools\compiler\ti-cgt-arm_18.1.2.LTS\lib\</path>
         <kind>archive</kind>
         <file>rtsv7M4_T_le_v4SPD16_eabi.lib</file>
         <name>fd_toi_t2.asm.obj</name>
      </input_file>
      <input_file id="fl-d0">
         <path>C:\ti\ccsv8\tools\compiler\ti-cgt-arm_18.1.2.LTS\lib\</path>
         <kind>archive</kind>
         <file>rtsv7M4_T_le_v4SPD16_eabi.lib</file>
         <name>i_tofd_t2.asm.obj</name>
      </input_file>
      <input_file id="fl-d1">
         <path>C:\ti\ccsv8\tools\compiler\ti-cgt-arm_18.1.2.LTS\lib\</path>
         <kind>archive</kind>
         <file>rtsv7M4_T_le_v4SPD16_eabi.lib</file>
         <name>memcpy_t2.asm.obj</name>
      </input_file>
      <input_file id="fl-d2">
         <path>C:\ti\ccsv8\tools\compiler\ti-cgt-arm_18.1.2.LTS\lib\</path>
         <kind>archive</kind>
         <file>rtsv7M4_T_le_v4SPD16_eabi.lib</file>
         <name>u_tofd_t2.asm.obj</name>
      </input_file>
      <input_file id="fl-d3">
         <path>C:\ti\ccsv8\tools\compiler\ti-cgt-arm_18.1.2.LTS\lib\</path>
         <kind>archive</kind>
         <file>rtsv7M4_T_le_v4SPD16_eabi.lib</file>
         <name>copy_zero_init.c.obj</name>
      </input_file>
      <input_file id="fl-d4">
         <path>C:\ti\ccsv8\tools\compiler\ti-cgt-arm_18.1.2.LTS\lib\</path>
         <kind>archive</kind>
         <file>rtsv7M4_T_le_v4SPD16_eabi.lib</file>
         <name>copy_decompress_none.c.obj</name>
      </input_file>
      <input_file id="fl-d5">
         <path>C:\ti\ccsv8\tools\compiler\ti-cgt-arm_18.1.2.LTS\lib\</path>
         <kind>archive</kind>
         <file>rtsv7M4_T_le_v4SPD16_eabi.lib</file>
         <name>copy_decompress_lzss.c.obj</name>
      </input_file>
      <input_file id="fl-d6">
         <path>C:\ti\ccsv8\tools\compiler\ti-cgt-arm_18.1.2.LTS\lib\</path>
         <kind>archive</kind>
         <file>rtsv7M4_T_le_v4SPD16_eabi.lib</file>
         <name>boot_cortex_m.c.obj</name>
      </input_file>
      <input_file id="fl-d7">
         <path>C:\ti\ccsv8\tools\compiler\ti-cgt-arm_18.1.2.LTS\lib\</path>
         <kind>archive</kind>
         <file>rtsv7M4_T_le_v4SPD16_eabi.lib</file>
         <name>errno.c.obj</name>
      </input_file>
      <input_file id="fl-d8">
         <path>C:\ti\ccsv8\tools\compiler\ti-cgt-arm_18.1.2.LTS\lib\</path>
         <kind>archive</kind>
         <file>rtsv7M4_T_le_v4SPD16_eabi.lib</file>
         <name>exit.c.obj</name>
      </input_file>
      <input_file id="fl-d9">
         <path>C:\ti\ccsv8\tools\compiler\ti-cgt-arm_18.1.2.LTS\lib\</path>
         <kind>archive</kind>
         <file>rtsv7M4_T_le_v4SPD16_eabi.lib</file>
         <name>memory.c.obj</name>
      </input_file>
      <input_file id="fl-da">
         <path>C:\ti\ccsv8\tools\compiler\ti-cgt-arm_18.1.2.LTS\lib\</path>
         <kind>archive</kind>
         <file>rtsv7M4_T_le_v4SPD16_eabi.lib</file>
         <name>_lock.c.obj</name>
      </input_file>
      <input_file id="fl-db">
         <path>C:\ti\ccsv8\tools\compiler\ti-cgt-arm_18.1.2.LTS\lib\</path>
         <kind>archive</kind>
         <file>rtsv7M4_T_le_v4SPD16_eabi.lib</file>
         <name>args_main.c.obj</name>
      </input_file>
      <input_file id="fl-dc">
         <path>C:\ti\ccsv8\tools\compiler\ti-cgt-arm_18.1.2.LTS\lib\</path>
         <kind>archive</kind>
         <file>rtsv7M4_T_le_v4SPD16_eabi.lib</file>
         <name>sprintf.c.obj</name>
      </input_file>
      <input_file id="fl-dd">
         <path>C:\ti\ccsv8\tools\compiler\ti-cgt-arm_18.1.2.LTS\lib\</path>
         <kind>archive</kind>
         <file>rtsv7M4_T_le_v4SPD16_eabi.lib</file>
         <name>strcmp.c.obj</name>
      </input_file>
      <input_file id="fl-de">
         <path>C:\ti\ccsv8\tools\compiler\ti-cgt-arm_18.1.2.LTS\lib\</path>
         <kind>archive</kind>
         <file>rtsv7M4_T_le_v4SPD16_eabi.lib</file>
         <name>strcpy.c.obj</name>
      </input_file>
      <input_file id="fl-df">
         <path>C:\ti\ccsv8\tools\compiler\ti-cgt-arm_18.1.2.LTS\lib\</path>
         <kind>archive</kind>
         <file>rtsv7M4_T_le_v4SPD16_eabi.lib</file>
         <name>vsnprintf.c.obj</name>
      </input_file>
      <input_file id="fl-e0">
         <path>C:\ti\ccsv8\tools\compiler\ti-cgt-arm_18.1.2.LTS\lib\</path>
         <kind>archive</kind>
         <file>rtsv7M4_T_le_v4SPD16_eabi.lib</file>
         <name>s_floor.c.obj</name>
      </input_file>
      <input_file id="fl-e1">
         <path>C:\ti\ccsv8\tools\compiler\ti-cgt-arm_18.1.2.LTS\lib\</path>
         <kind>archive</kind>
         <file>rtsv7M4_T_le_v4SPD16_eabi.lib</file>
         <name>memset_t2.asm.obj</name>
      </input_file>
      <input_file id="fl-e2">
         <path>C:\ti\ccsv8\tools\compiler\ti-cgt-arm_18.1.2.LTS\lib\</path>
         <kind>archive</kind>
         <file>rtsv7M4_T_le_v4SPD16_eabi.lib</file>
         <name>autoinit.c.obj</name>
      </input_file>
      <input_file id="fl-e3">
         <path>C:\ti\ccsv8\tools\compiler\ti-cgt-arm_18.1.2.LTS\lib\</path>
         <kind>archive</kind>
         <file>rtsv7M4_T_le_v4SPD16_eabi.lib</file>
         <name>pre_init.c.obj</name>
      </input_file>
      <input_file id="fl-e4">
         <path>C:\ti\ccsv8\tools\compiler\ti-cgt-arm_18.1.2.LTS\lib\</path>
         <kind>archive</kind>
         <file>rtsv7M4_T_le_v4SPD16_eabi.lib</file>
         <name>cpy_tbl.c.obj</name>
      </input_file>
      <input_file id="fl-e5">
         <path>C:\ti\ccsv8\tools\compiler\ti-cgt-arm_18.1.2.LTS\lib\</path>
         <kind>archive</kind>
         <file>rtsv7M4_T_le_v4SPD16_eabi.lib</file>
         <name>_printfi.c.obj</name>
      </input_file>
      <input_file id="fl-e6">
         <path>C:\ti\ccsv8\tools\compiler\ti-cgt-arm_18.1.2.LTS\lib\</path>
         <kind>archive</kind>
         <file>rtsv7M4_T_le_v4SPD16_eabi.lib</file>
         <name>atoi.c.obj</name>
      </input_file>
      <input_file id="fl-e7">
         <path>C:\ti\ccsv8\tools\compiler\ti-cgt-arm_18.1.2.LTS\lib\</path>
         <kind>archive</kind>
         <file>rtsv7M4_T_le_v4SPD16_eabi.lib</file>
         <name>ctype.c.obj</name>
      </input_file>
      <input_file id="fl-e8">
         <path>C:\ti\ccsv8\tools\compiler\ti-cgt-arm_18.1.2.LTS\lib\</path>
         <kind>archive</kind>
         <file>rtsv7M4_T_le_v4SPD16_eabi.lib</file>
         <name>ltoa.c.obj</name>
      </input_file>
      <input_file id="fl-e9">
         <path>C:\ti\ccsv8\tools\compiler\ti-cgt-arm_18.1.2.LTS\lib\</path>
         <kind>archive</kind>
         <file>rtsv7M4_T_le_v4SPD16_eabi.lib</file>
         <name>memccpy.c.obj</name>
      </input_file>
      <input_file id="fl-ea">
         <path>C:\ti\ccsv8\tools\compiler\ti-cgt-arm_18.1.2.LTS\lib\</path>
         <kind>archive</kind>
         <file>rtsv7M4_T_le_v4SPD16_eabi.lib</file>
         <name>strchr.c.obj</name>
      </input_file>
      <input_file id="fl-eb">
         <path>C:\ti\ccsv8\tools\compiler\ti-cgt-arm_18.1.2.LTS\lib\</path>
         <kind>archive</kind>
         <file>rtsv7M4_T_le_v4SPD16_eabi.lib</file>
         <name>strlen.c.obj</name>
      </input_file>
      <input_file id="fl-ec">
         <path>C:\ti\ccsv8\tools\compiler\ti-cgt-arm_18.1.2.LTS\lib\</path>
         <kind>archive</kind>
         <file>rtsv7M4_T_le_v4SPD16_eabi.lib</file>
         <name>s_frexp.c.obj</name>
      </input_file>
      <input_file id="fl-ed">
         <path>C:\ti\ccsv8\tools\compiler\ti-cgt-arm_18.1.2.LTS\lib\</path>
         <kind>archive</kind>
         <file>rtsv7M4_T_le_v4SPD16_eabi.lib</file>
         <name>wcslen.c.obj</name>
      </input_file>
      <input_file id="fl-ee">
         <path>C:\ti\ccsv8\tools\compiler\ti-cgt-arm_18.1.2.LTS\lib\</path>
         <kind>archive</kind>
         <file>rtsv7M4_T_le_v4SPD16_eabi.lib</file>
         <name>ull_div_t2.asm.obj</name>
      </input_file>
      <input_file id="fl-ef">
         <path>C:\ti\ccsv8\tools\compiler\ti-cgt-arm_18.1.2.LTS\lib\</path>
         <kind>archive</kind>
         <file>rtsv7M4_T_le_v4SPD16_eabi.lib</file>
         <name>div0.asm.obj</name>
      </input_file>
      <input_file id="fl-f0">
         <path>C:\ti\TivaWare_C_Series-2.1.4.178\driverlib\ccs\Debug\</path>
         <kind>archive</kind>
         <file>driverlib.lib</file>
         <name>interrupt.obj</name>
      </input_file>
      <input_file id="fl-f1">
         <path>C:\ti\TivaWare_C_Series-2.1.4.178\driverlib\ccs\Debug\</path>
         <kind>archive</kind>
         <file>driverlib.lib</file>
         <name>cpu.obj</name>
      </input_file>
   </input_file_list>
   <object_component_list>
      <object_component id="oc-f">
         <name>.intvecs</name>
         <load_address>0x0</load_address>
         <run_address>0x0</run_address>
         <size>0x26c</size>
         <input_file_ref idref="fl-a"/>
      </object_component>
      <object_component id="oc-193">
         <name>.text:__TI_printfi</name>
         <load_address>0x26c</load_address>
         <run_address>0x26c</run_address>
         <size>0xa5e</size>
         <input_file_ref idref="fl-e5"/>
      </object_component>
      <object_component id="oc-347">
         <name>.text</name>
         <load_address>0xcca</load_address>
         <run_address>0xcca</run_address>
         <size>0x2</size>
         <input_file_ref idref="fl-ef"/>
      </object_component>
      <object_component id="oc-168">
         <name>.text:pow</name>
         <load_address>0xccc</load_address>
         <run_address>0xccc</run_address>
         <size>0x9c0</size>
         <input_file_ref idref="fl-c6"/>
      </object_component>
      <object_component id="oc-d3">
         <name>.text</name>
         <load_address>0x168c</load_address>
         <run_address>0x168c</run_address>
         <size>0x3c4</size>
         <input_file_ref idref="fl-5"/>
      </object_component>
      <object_component id="oc-259">
         <name>.text:_pconv_a</name>
         <load_address>0x1a50</load_address>
         <run_address>0x1a50</run_address>
         <size>0x270</size>
         <input_file_ref idref="fl-e5"/>
      </object_component>
      <object_component id="oc-247">
         <name>.text:_pconv_g</name>
         <load_address>0x1cc0</load_address>
         <run_address>0x1cc0</run_address>
         <size>0x1d0</size>
         <input_file_ref idref="fl-e5"/>
      </object_component>
      <object_component id="oc-15e">
         <name>.text</name>
         <load_address>0x1e90</load_address>
         <run_address>0x1e90</run_address>
         <size>0x1b6</size>
         <input_file_ref idref="fl-cb"/>
      </object_component>
      <object_component id="oc-d9">
         <name>.text</name>
         <load_address>0x2048</load_address>
         <run_address>0x2048</run_address>
         <size>0x1ac</size>
         <input_file_ref idref="fl-2"/>
      </object_component>
      <object_component id="oc-df">
         <name>.text</name>
         <load_address>0x21f4</load_address>
         <run_address>0x21f4</run_address>
         <size>0x1a8</size>
         <input_file_ref idref="fl-3"/>
      </object_component>
      <object_component id="oc-1f1">
         <name>.text:sqrt</name>
         <load_address>0x239c</load_address>
         <run_address>0x239c</run_address>
         <size>0x158</size>
         <input_file_ref idref="fl-c7"/>
      </object_component>
      <object_component id="oc-e5">
         <name>.text</name>
         <load_address>0x24f4</load_address>
         <run_address>0x24f4</run_address>
         <size>0x158</size>
         <input_file_ref idref="fl-9"/>
      </object_component>
      <object_component id="oc-253">
         <name>.text:_pconv_e</name>
         <load_address>0x264c</load_address>
         <run_address>0x264c</run_address>
         <size>0x13c</size>
         <input_file_ref idref="fl-e5"/>
      </object_component>
      <object_component id="oc-163">
         <name>.text</name>
         <load_address>0x2788</load_address>
         <run_address>0x2788</run_address>
         <size>0x136</size>
         <input_file_ref idref="fl-cd"/>
      </object_component>
      <object_component id="oc-2f1">
         <name>.text:fcvt</name>
         <load_address>0x28c0</load_address>
         <run_address>0x28c0</run_address>
         <size>0x120</size>
         <input_file_ref idref="fl-e5"/>
      </object_component>
      <object_component id="oc-20f">
         <name>.text:scalbn</name>
         <load_address>0x29e0</load_address>
         <run_address>0x29e0</run_address>
         <size>0x110</size>
         <input_file_ref idref="fl-c9"/>
      </object_component>
      <object_component id="oc-16e">
         <name>.text</name>
         <load_address>0x2af0</load_address>
         <run_address>0x2af0</run_address>
         <size>0xfc</size>
         <input_file_ref idref="fl-ce"/>
      </object_component>
      <object_component id="oc-21e">
         <name>.text:floor</name>
         <load_address>0x2bec</load_address>
         <run_address>0x2bec</run_address>
         <size>0xf8</size>
         <input_file_ref idref="fl-e0"/>
      </object_component>
      <object_component id="oc-173">
         <name>.text:round</name>
         <load_address>0x2ce4</load_address>
         <run_address>0x2ce4</run_address>
         <size>0xc0</size>
         <input_file_ref idref="fl-c8"/>
      </object_component>
      <object_component id="oc-241">
         <name>.text:_ltostr</name>
         <load_address>0x2da4</load_address>
         <run_address>0x2da4</run_address>
         <size>0xb1</size>
         <input_file_ref idref="fl-e5"/>
      </object_component>
      <object_component id="oc-9f">
         <name>.text</name>
         <load_address>0x2e58</load_address>
         <run_address>0x2e58</run_address>
         <size>0xb0</size>
         <input_file_ref idref="fl-6"/>
      </object_component>
      <object_component id="oc-3b">
         <name>.text</name>
         <load_address>0x2f08</load_address>
         <run_address>0x2f08</run_address>
         <size>0x9c</size>
         <input_file_ref idref="fl-d1"/>
      </object_component>
      <object_component id="oc-2d8">
         <name>.text</name>
         <load_address>0x2fa4</load_address>
         <run_address>0x2fa4</run_address>
         <size>0x96</size>
         <input_file_ref idref="fl-ee"/>
      </object_component>
      <object_component id="oc-205">
         <name>.text:__aeabi_cdcmple</name>
         <load_address>0x303a</load_address>
         <run_address>0x303a</run_address>
         <size>0x86</size>
         <input_file_ref idref="fl-cc"/>
      </object_component>
      <object_component id="oc-20a">
         <name>.text:__aeabi_cdrcmple</name>
         <load_address>0x30c0</load_address>
         <run_address>0x30c0</run_address>
         <size>0x86</size>
         <input_file_ref idref="fl-cc"/>
      </object_component>
      <object_component id="oc-93">
         <name>.text</name>
         <load_address>0x3146</load_address>
         <run_address>0x3146</run_address>
         <size>0x7a</size>
         <input_file_ref idref="fl-e1"/>
      </object_component>
      <object_component id="oc-2ea">
         <name>.text:_mcpy</name>
         <load_address>0x31c0</load_address>
         <run_address>0x31c0</run_address>
         <size>0x6e</size>
         <input_file_ref idref="fl-e5"/>
      </object_component>
      <object_component id="oc-12">
         <name>.text:decompress:lzss:__TI_decompress_lzss</name>
         <load_address>0x322e</load_address>
         <run_address>0x322e</run_address>
         <size>0x68</size>
         <input_file_ref idref="fl-d5"/>
      </object_component>
      <object_component id="oc-2ff">
         <name>.text:frexp</name>
         <load_address>0x3298</load_address>
         <run_address>0x3298</run_address>
         <size>0x64</size>
         <input_file_ref idref="fl-ec"/>
      </object_component>
      <object_component id="oc-24d">
         <name>.text:_pconv_f</name>
         <load_address>0x32fc</load_address>
         <run_address>0x32fc</run_address>
         <size>0x56</size>
         <input_file_ref idref="fl-e5"/>
      </object_component>
      <object_component id="oc-2de">
         <name>.text:ltoa</name>
         <load_address>0x3352</load_address>
         <run_address>0x3352</run_address>
         <size>0x54</size>
         <input_file_ref idref="fl-e8"/>
      </object_component>
      <object_component id="oc-2e4">
         <name>.text:_ecpy</name>
         <load_address>0x33a6</load_address>
         <run_address>0x33a6</run_address>
         <size>0x52</size>
         <input_file_ref idref="fl-e5"/>
      </object_component>
      <object_component id="oc-23b">
         <name>.text:atoi</name>
         <load_address>0x33f8</load_address>
         <run_address>0x33f8</run_address>
         <size>0x4c</size>
         <input_file_ref idref="fl-e6"/>
      </object_component>
      <object_component id="oc-179">
         <name>.text</name>
         <load_address>0x3444</load_address>
         <run_address>0x3444</run_address>
         <size>0x48</size>
         <input_file_ref idref="fl-cf"/>
      </object_component>
      <object_component id="oc-ff">
         <name>.text:__TI_auto_init_nobinit_nopinit:__TI_auto_init_nobinit_nopinit</name>
         <load_address>0x348c</load_address>
         <run_address>0x348c</run_address>
         <size>0x44</size>
         <input_file_ref idref="fl-e2"/>
      </object_component>
      <object_component id="oc-eb">
         <name>.text:sprintf</name>
         <load_address>0x34d0</load_address>
         <run_address>0x34d0</run_address>
         <size>0x40</size>
         <input_file_ref idref="fl-dc"/>
      </object_component>
      <object_component id="oc-13a">
         <name>.text:vsnprintf</name>
         <load_address>0x3510</load_address>
         <run_address>0x3510</run_address>
         <size>0x40</size>
         <input_file_ref idref="fl-df"/>
      </object_component>
      <object_component id="oc-2f7">
         <name>.text:_fcpy</name>
         <load_address>0x3550</load_address>
         <run_address>0x3550</run_address>
         <size>0x3e</size>
         <input_file_ref idref="fl-e5"/>
      </object_component>
      <object_component id="oc-59">
         <name>.text:_c_int00_noargs:_c_int00_noargs</name>
         <load_address>0x3590</load_address>
         <run_address>0x3590</run_address>
         <size>0x38</size>
         <input_file_ref idref="fl-d6"/>
      </object_component>
      <object_component id="oc-17f">
         <name>.text:IntRegister</name>
         <load_address>0x35c8</load_address>
         <run_address>0x35c8</run_address>
         <size>0x34</size>
         <input_file_ref idref="fl-f0"/>
      </object_component>
      <object_component id="oc-1c9">
         <name>.text:_outs</name>
         <load_address>0x35fc</load_address>
         <run_address>0x35fc</run_address>
         <size>0x30</size>
         <input_file_ref idref="fl-df"/>
      </object_component>
      <object_component id="oc-1fd">
         <name>.text</name>
         <load_address>0x362c</load_address>
         <run_address>0x362c</run_address>
         <size>0x2e</size>
         <input_file_ref idref="fl-d0"/>
      </object_component>
      <object_component id="oc-159">
         <name>.text</name>
         <load_address>0x365a</load_address>
         <run_address>0x365a</run_address>
         <size>0x20</size>
         <input_file_ref idref="fl-d2"/>
      </object_component>
      <object_component id="oc-25f">
         <name>.text:memccpy</name>
         <load_address>0x367a</load_address>
         <run_address>0x367a</run_address>
         <size>0x1c</size>
         <input_file_ref idref="fl-e9"/>
      </object_component>
      <object_component id="oc-1cf">
         <name>.text:_outc</name>
         <load_address>0x3696</load_address>
         <run_address>0x3696</run_address>
         <size>0x18</size>
         <input_file_ref idref="fl-df"/>
      </object_component>
      <object_component id="oc-199">
         <name>.text:_outs</name>
         <load_address>0x36ae</load_address>
         <run_address>0x36ae</run_address>
         <size>0x18</size>
         <input_file_ref idref="fl-dc"/>
      </object_component>
      <object_component id="oc-140">
         <name>.text:strcmp</name>
         <load_address>0x36c6</load_address>
         <run_address>0x36c6</run_address>
         <size>0x18</size>
         <input_file_ref idref="fl-dd"/>
      </object_component>
      <object_component id="oc-305">
         <name>.text:strchr</name>
         <load_address>0x36de</load_address>
         <run_address>0x36de</run_address>
         <size>0x16</size>
         <input_file_ref idref="fl-ea"/>
      </object_component>
      <object_component id="oc-2b0">
         <name>.text:copysign</name>
         <load_address>0x36f4</load_address>
         <run_address>0x36f4</run_address>
         <size>0x14</size>
         <input_file_ref idref="fl-ca"/>
      </object_component>
      <object_component id="oc-146">
         <name>.text:strcpy</name>
         <load_address>0x3708</load_address>
         <run_address>0x3708</run_address>
         <size>0x14</size>
         <input_file_ref idref="fl-de"/>
      </object_component>
      <object_component id="oc-235">
         <name>.text:strlen</name>
         <load_address>0x371c</load_address>
         <run_address>0x371c</run_address>
         <size>0x14</size>
         <input_file_ref idref="fl-eb"/>
      </object_component>
      <object_component id="oc-47">
         <name>.text:decompress:ZI:__TI_zero_init_nomemset:__TI_zero_init_nomemset</name>
         <load_address>0x3730</load_address>
         <run_address>0x3730</run_address>
         <size>0x12</size>
         <input_file_ref idref="fl-d3"/>
      </object_component>
      <object_component id="oc-265">
         <name>.text:wcslen</name>
         <load_address>0x3742</load_address>
         <run_address>0x3742</run_address>
         <size>0x12</size>
         <input_file_ref idref="fl-ed"/>
      </object_component>
      <object_component id="oc-133">
         <name>.text:lcd_clear</name>
         <load_address>0x3754</load_address>
         <run_address>0x3754</run_address>
         <size>0x10</size>
         <input_file_ref idref="fl-5"/>
      </object_component>
      <object_component id="oc-18">
         <name>.text:decompress:none:__TI_decompress_none</name>
         <load_address>0x3764</load_address>
         <run_address>0x3764</run_address>
         <size>0xe</size>
         <input_file_ref idref="fl-d4"/>
      </object_component>
      <object_component id="oc-27">
         <name>.text</name>
         <load_address>0x3772</load_address>
         <run_address>0x3772</run_address>
         <size>0xc</size>
         <input_file_ref idref="fl-a"/>
      </object_component>
      <object_component id="oc-19f">
         <name>.text:_outc</name>
         <load_address>0x377e</load_address>
         <run_address>0x377e</run_address>
         <size>0xa</size>
         <input_file_ref idref="fl-dc"/>
      </object_component>
      <object_component id="oc-1f7">
         <name>.text:__aeabi_errno_addr</name>
         <load_address>0x3788</load_address>
         <run_address>0x3788</run_address>
         <size>0x8</size>
         <input_file_ref idref="fl-d7"/>
      </object_component>
      <object_component id="oc-99">
         <name>.text:_system_pre_init</name>
         <load_address>0x3790</load_address>
         <run_address>0x3790</run_address>
         <size>0x4</size>
         <input_file_ref idref="fl-e3"/>
      </object_component>
      <object_component id="oc-f3">
         <name>.text:abort:abort</name>
         <load_address>0x3794</load_address>
         <run_address>0x3794</run_address>
         <size>0x4</size>
         <input_file_ref idref="fl-d8"/>
      </object_component>
      <object_component id="oc-2d3">
         <name>.const:.string:_ctypes_</name>
         <load_address>0x3798</load_address>
         <run_address>0x3798</run_address>
         <size>0x101</size>
         <input_file_ref idref="fl-e7"/>
      </object_component>
      <object_component id="oc-14c">
         <name>.const:.string:lineAddress$1</name>
         <load_address>0x3899</load_address>
         <run_address>0x3899</run_address>
         <size>0x4</size>
         <input_file_ref idref="fl-5"/>
      </object_component>
      <object_component id="oc-202">
         <name>.const:$O1$$</name>
         <load_address>0x38a0</load_address>
         <run_address>0x38a0</run_address>
         <size>0x30</size>
         <input_file_ref idref="fl-c6"/>
      </object_component>
      <object_component id="oc-14f">
         <name>.const:.string:$P$T0$4</name>
         <load_address>0x38d0</load_address>
         <run_address>0x38d0</run_address>
         <size>0x15</size>
         <input_file_ref idref="fl-5"/>
      </object_component>
      <object_component id="oc-14d">
         <name>.const:.string:lineAddresses$2</name>
         <load_address>0x38e5</load_address>
         <run_address>0x38e5</run_address>
         <size>0x4</size>
         <input_file_ref idref="fl-5"/>
      </object_component>
      <object_component id="oc-395">
         <name>__TI_handler_table</name>
         <load_address>0x38f0</load_address>
         <run_address>0x38f0</run_address>
         <size>0xc</size>
      </object_component>
      <object_component id="oc-399">
         <name>.cinit..bss.load</name>
         <load_address>0x3900</load_address>
         <run_address>0x3900</run_address>
         <size>0x8</size>
      </object_component>
      <object_component id="oc-397">
         <name>.cinit..vtable.load</name>
         <load_address>0x3908</load_address>
         <run_address>0x3908</run_address>
         <size>0x8</size>
      </object_component>
      <object_component id="oc-398">
         <name>.cinit..data.load</name>
         <load_address>0x3910</load_address>
         <run_address>0x3910</run_address>
         <size>0x7</size>
      </object_component>
      <object_component id="oc-396">
         <name>__TI_cinit_table</name>
         <load_address>0x3918</load_address>
         <run_address>0x3918</run_address>
         <size>0x18</size>
      </object_component>
      <object_component id="oc-227">
         <name>.vtable</name>
         <uninitialized>true</uninitialized>
         <run_address>0x20000000</run_address>
         <size>0x26c</size>
         <input_file_ref idref="fl-f0"/>
      </object_component>
      <object_component id="oc-189">
         <name>.data</name>
         <load_address>0x200022dc</load_address>
         <run_address>0x200022dc</run_address>
         <size>0x8</size>
         <input_file_ref idref="fl-3"/>
      </object_component>
      <object_component id="oc-2a6">
         <name>.data</name>
         <load_address>0x200022e4</load_address>
         <run_address>0x200022e4</run_address>
         <size>0x4</size>
         <input_file_ref idref="fl-d7"/>
      </object_component>
      <object_component id="oc-14e">
         <name>.bss:lastbuffer$3</name>
         <uninitialized>true</uninitialized>
         <run_address>0x20002270</run_address>
         <size>0x54</size>
         <input_file_ref idref="fl-5"/>
      </object_component>
      <object_component id="oc-185">
         <name>.common:c</name>
         <uninitialized>true</uninitialized>
         <run_address>0x200022d8</run_address>
         <size>0x1</size>
      </object_component>
      <object_component id="oc-188">
         <name>.common:result</name>
         <uninitialized>true</uninitialized>
         <run_address>0x200022c4</run_address>
         <size>0x14</size>
      </object_component>
      <object_component id="oc-24">
         <name>.sysmem</name>
         <uninitialized>true</uninitialized>
         <run_address>0x20001270</run_address>
         <size>0x8</size>
         <input_file_ref idref="fl-d9"/>
      </object_component>
      <object_component id="oc-39b">
         <name>.sysmem</name>
         <uninitialized>true</uninitialized>
         <run_address>0x20001270</run_address>
         <size>0x0</size>
      </object_component>
      <object_component id="oc-21">
         <name>.stack</name>
         <uninitialized>true</uninitialized>
         <run_address>0x20000270</run_address>
         <size>0x4</size>
         <input_file_ref idref="fl-d6"/>
      </object_component>
      <object_component id="oc-39a">
         <name>.stack</name>
         <uninitialized>true</uninitialized>
         <run_address>0x20000270</run_address>
         <size>0x0</size>
      </object_component>
      <object_component id="oc-c2">
         <name>.debug_info</name>
         <load_address>0x0</load_address>
         <run_address>0x0</run_address>
         <size>0x29a</size>
         <input_file_ref idref="fl-2"/>
      </object_component>
      <object_component id="oc-da">
         <name>.debug_info</name>
         <load_address>0x29a</load_address>
         <run_address>0x29a</run_address>
         <size>0x2c7</size>
         <input_file_ref idref="fl-2"/>
      </object_component>
      <object_component id="oc-74">
         <name>.debug_info</name>
         <load_address>0x561</load_address>
         <run_address>0x561</run_address>
         <size>0x26b</size>
         <input_file_ref idref="fl-2"/>
      </object_component>
      <object_component id="oc-36">
         <name>.debug_info</name>
         <load_address>0x7cc</load_address>
         <run_address>0x7cc</run_address>
         <size>0x84</size>
         <input_file_ref idref="fl-2"/>
      </object_component>
      <object_component id="oc-bd">
         <name>.debug_info</name>
         <load_address>0x850</load_address>
         <run_address>0x850</run_address>
         <size>0x297</size>
         <input_file_ref idref="fl-2"/>
      </object_component>
      <object_component id="oc-79">
         <name>.debug_info</name>
         <load_address>0xae7</load_address>
         <run_address>0xae7</run_address>
         <size>0xbb</size>
         <input_file_ref idref="fl-2"/>
      </object_component>
      <object_component id="oc-1e9">
         <name>.debug_info</name>
         <load_address>0xba2</load_address>
         <run_address>0xba2</run_address>
         <size>0xcc</size>
         <input_file_ref idref="fl-2"/>
      </object_component>
      <object_component id="oc-154">
         <name>.debug_info</name>
         <load_address>0xc6e</load_address>
         <run_address>0xc6e</run_address>
         <size>0x2c</size>
         <input_file_ref idref="fl-2"/>
      </object_component>
      <object_component id="oc-186">
         <name>.debug_info</name>
         <load_address>0xc9a</load_address>
         <run_address>0xc9a</run_address>
         <size>0x2f3</size>
         <input_file_ref idref="fl-3"/>
      </object_component>
      <object_component id="oc-18a">
         <name>.debug_info</name>
         <load_address>0xf8d</load_address>
         <run_address>0xf8d</run_address>
         <size>0xce</size>
         <input_file_ref idref="fl-3"/>
      </object_component>
      <object_component id="oc-e0">
         <name>.debug_info</name>
         <load_address>0x105b</load_address>
         <run_address>0x105b</run_address>
         <size>0x30d</size>
         <input_file_ref idref="fl-3"/>
      </object_component>
      <object_component id="oc-153">
         <name>.debug_info</name>
         <load_address>0x1368</load_address>
         <run_address>0x1368</run_address>
         <size>0x392</size>
         <input_file_ref idref="fl-5"/>
      </object_component>
      <object_component id="oc-150">
         <name>.debug_info</name>
         <load_address>0x16fa</load_address>
         <run_address>0x16fa</run_address>
         <size>0xb8</size>
         <input_file_ref idref="fl-5"/>
      </object_component>
      <object_component id="oc-135">
         <name>.debug_info</name>
         <load_address>0x17b2</load_address>
         <run_address>0x17b2</run_address>
         <size>0x111</size>
         <input_file_ref idref="fl-5"/>
      </object_component>
      <object_component id="oc-d5">
         <name>.debug_info</name>
         <load_address>0x18c3</load_address>
         <run_address>0x18c3</run_address>
         <size>0xb10</size>
         <input_file_ref idref="fl-5"/>
      </object_component>
      <object_component id="oc-f2">
         <name>.debug_info</name>
         <load_address>0x23d3</load_address>
         <run_address>0x23d3</run_address>
         <size>0x3dc</size>
         <input_file_ref idref="fl-6"/>
      </object_component>
      <object_component id="oc-a0">
         <name>.debug_info</name>
         <load_address>0x27af</load_address>
         <run_address>0x27af</run_address>
         <size>0x217</size>
         <input_file_ref idref="fl-6"/>
      </object_component>
      <object_component id="oc-18e">
         <name>.debug_info</name>
         <load_address>0x29c6</load_address>
         <run_address>0x29c6</run_address>
         <size>0x2c</size>
         <input_file_ref idref="fl-7"/>
      </object_component>
      <object_component id="oc-e6">
         <name>.debug_info</name>
         <load_address>0x29f2</load_address>
         <run_address>0x29f2</run_address>
         <size>0x3e1</size>
         <input_file_ref idref="fl-9"/>
      </object_component>
      <object_component id="oc-2f">
         <name>.debug_info</name>
         <load_address>0x2dd3</load_address>
         <run_address>0x2dd3</run_address>
         <size>0x298</size>
         <input_file_ref idref="fl-a"/>
      </object_component>
      <object_component id="oc-10">
         <name>.debug_info</name>
         <load_address>0x306b</load_address>
         <run_address>0x306b</run_address>
         <size>0xd7</size>
         <input_file_ref idref="fl-a"/>
      </object_component>
      <object_component id="oc-2a">
         <name>.debug_info</name>
         <load_address>0x3142</load_address>
         <run_address>0x3142</run_address>
         <size>0x253</size>
         <input_file_ref idref="fl-a"/>
      </object_component>
      <object_component id="oc-21b">
         <name>.debug_info</name>
         <load_address>0x3395</load_address>
         <run_address>0x3395</run_address>
         <size>0x358</size>
         <input_file_ref idref="fl-c6"/>
      </object_component>
      <object_component id="oc-203">
         <name>.debug_info</name>
         <load_address>0x36ed</load_address>
         <run_address>0x36ed</run_address>
         <size>0x11d</size>
         <input_file_ref idref="fl-c6"/>
      </object_component>
      <object_component id="oc-16a">
         <name>.debug_info</name>
         <load_address>0x380a</load_address>
         <run_address>0x380a</run_address>
         <size>0xbd9</size>
         <input_file_ref idref="fl-c6"/>
      </object_component>
      <object_component id="oc-2bd">
         <name>.debug_info</name>
         <load_address>0x43e3</load_address>
         <run_address>0x43e3</run_address>
         <size>0x46</size>
         <input_file_ref idref="fl-c6"/>
      </object_component>
      <object_component id="oc-216">
         <name>.debug_info</name>
         <load_address>0x4429</load_address>
         <run_address>0x4429</run_address>
         <size>0x39</size>
         <input_file_ref idref="fl-c6"/>
      </object_component>
      <object_component id="oc-2a5">
         <name>.debug_info</name>
         <load_address>0x4462</load_address>
         <run_address>0x4462</run_address>
         <size>0x2bf</size>
         <input_file_ref idref="fl-c7"/>
      </object_component>
      <object_component id="oc-1f5">
         <name>.debug_info</name>
         <load_address>0x4721</load_address>
         <run_address>0x4721</run_address>
         <size>0x242</size>
         <input_file_ref idref="fl-c7"/>
      </object_component>
      <object_component id="oc-225">
         <name>.debug_info</name>
         <load_address>0x4963</load_address>
         <run_address>0x4963</run_address>
         <size>0x2a5</size>
         <input_file_ref idref="fl-c8"/>
      </object_component>
      <object_component id="oc-176">
         <name>.debug_info</name>
         <load_address>0x4c08</load_address>
         <run_address>0x4c08</run_address>
         <size>0x20e</size>
         <input_file_ref idref="fl-c8"/>
      </object_component>
      <object_component id="oc-2b7">
         <name>.debug_info</name>
         <load_address>0x4e16</load_address>
         <run_address>0x4e16</run_address>
         <size>0x2f2</size>
         <input_file_ref idref="fl-c9"/>
      </object_component>
      <object_component id="oc-212">
         <name>.debug_info</name>
         <load_address>0x5108</load_address>
         <run_address>0x5108</run_address>
         <size>0x21a</size>
         <input_file_ref idref="fl-c9"/>
      </object_component>
      <object_component id="oc-339">
         <name>.debug_info</name>
         <load_address>0x5322</load_address>
         <run_address>0x5322</run_address>
         <size>0x39</size>
         <input_file_ref idref="fl-c9"/>
      </object_component>
      <object_component id="oc-2b8">
         <name>.debug_info</name>
         <load_address>0x535b</load_address>
         <run_address>0x535b</run_address>
         <size>0x2c</size>
         <input_file_ref idref="fl-c9"/>
      </object_component>
      <object_component id="oc-2b2">
         <name>.debug_info</name>
         <load_address>0x5387</load_address>
         <run_address>0x5387</run_address>
         <size>0x156</size>
         <input_file_ref idref="fl-ca"/>
      </object_component>
      <object_component id="oc-160">
         <name>.debug_info</name>
         <load_address>0x54dd</load_address>
         <run_address>0x54dd</run_address>
         <size>0x144</size>
         <input_file_ref idref="fl-cb"/>
      </object_component>
      <object_component id="oc-208">
         <name>.debug_info</name>
         <load_address>0x5621</load_address>
         <run_address>0x5621</run_address>
         <size>0x120</size>
         <input_file_ref idref="fl-cc"/>
      </object_component>
      <object_component id="oc-20b">
         <name>.debug_info</name>
         <load_address>0x5741</load_address>
         <run_address>0x5741</run_address>
         <size>0x122</size>
         <input_file_ref idref="fl-cc"/>
      </object_component>
      <object_component id="oc-164">
         <name>.debug_info</name>
         <load_address>0x5863</load_address>
         <run_address>0x5863</run_address>
         <size>0x132</size>
         <input_file_ref idref="fl-cd"/>
      </object_component>
      <object_component id="oc-170">
         <name>.debug_info</name>
         <load_address>0x5995</load_address>
         <run_address>0x5995</run_address>
         <size>0x132</size>
         <input_file_ref idref="fl-ce"/>
      </object_component>
      <object_component id="oc-17a">
         <name>.debug_info</name>
         <load_address>0x5ac7</load_address>
         <run_address>0x5ac7</run_address>
         <size>0x126</size>
         <input_file_ref idref="fl-cf"/>
      </object_component>
      <object_component id="oc-1fe">
         <name>.debug_info</name>
         <load_address>0x5bed</load_address>
         <run_address>0x5bed</run_address>
         <size>0x124</size>
         <input_file_ref idref="fl-d0"/>
      </object_component>
      <object_component id="oc-3e">
         <name>.debug_info</name>
         <load_address>0x5d11</load_address>
         <run_address>0x5d11</run_address>
         <size>0x111</size>
         <input_file_ref idref="fl-d1"/>
      </object_component>
      <object_component id="oc-15a">
         <name>.debug_info</name>
         <load_address>0x5e22</load_address>
         <run_address>0x5e22</run_address>
         <size>0x126</size>
         <input_file_ref idref="fl-d2"/>
      </object_component>
      <object_component id="oc-92">
         <name>.debug_info</name>
         <load_address>0x5f48</load_address>
         <run_address>0x5f48</run_address>
         <size>0x313</size>
         <input_file_ref idref="fl-d3"/>
      </object_component>
      <object_component id="oc-48">
         <name>.debug_info</name>
         <load_address>0x625b</load_address>
         <run_address>0x625b</run_address>
         <size>0x1b4</size>
         <input_file_ref idref="fl-d3"/>
      </object_component>
      <object_component id="oc-8d">
         <name>.debug_info</name>
         <load_address>0x640f</load_address>
         <run_address>0x640f</run_address>
         <size>0x46</size>
         <input_file_ref idref="fl-d3"/>
      </object_component>
      <object_component id="oc-ca">
         <name>.debug_info</name>
         <load_address>0x6455</load_address>
         <run_address>0x6455</run_address>
         <size>0x2c</size>
         <input_file_ref idref="fl-d3"/>
      </object_component>
      <object_component id="oc-46">
         <name>.debug_info</name>
         <load_address>0x6481</load_address>
         <run_address>0x6481</run_address>
         <size>0x29d</size>
         <input_file_ref idref="fl-d4"/>
      </object_component>
      <object_component id="oc-19">
         <name>.debug_info</name>
         <load_address>0x671e</load_address>
         <run_address>0x671e</run_address>
         <size>0x1df</size>
         <input_file_ref idref="fl-d4"/>
      </object_component>
      <object_component id="oc-41">
         <name>.debug_info</name>
         <load_address>0x68fd</load_address>
         <run_address>0x68fd</run_address>
         <size>0x46</size>
         <input_file_ref idref="fl-d4"/>
      </object_component>
      <object_component id="oc-85">
         <name>.debug_info</name>
         <load_address>0x6943</load_address>
         <run_address>0x6943</run_address>
         <size>0x2c</size>
         <input_file_ref idref="fl-d4"/>
      </object_component>
      <object_component id="oc-83">
         <name>.debug_info</name>
         <load_address>0x696f</load_address>
         <run_address>0x696f</run_address>
         <size>0x293</size>
         <input_file_ref idref="fl-d5"/>
      </object_component>
      <object_component id="oc-14">
         <name>.debug_info</name>
         <load_address>0x6c02</load_address>
         <run_address>0x6c02</run_address>
         <size>0x245</size>
         <input_file_ref idref="fl-d5"/>
      </object_component>
      <object_component id="oc-31">
         <name>.debug_info</name>
         <load_address>0x6e47</load_address>
         <run_address>0x6e47</run_address>
         <size>0x60</size>
         <input_file_ref idref="fl-d5"/>
      </object_component>
      <object_component id="oc-c3">
         <name>.debug_info</name>
         <load_address>0x6ea7</load_address>
         <run_address>0x6ea7</run_address>
         <size>0x46</size>
         <input_file_ref idref="fl-d5"/>
      </object_component>
      <object_component id="oc-7e">
         <name>.debug_info</name>
         <load_address>0x6eed</load_address>
         <run_address>0x6eed</run_address>
         <size>0x39</size>
         <input_file_ref idref="fl-d5"/>
      </object_component>
      <object_component id="oc-22">
         <name>.debug_info</name>
         <load_address>0x6f26</load_address>
         <run_address>0x6f26</run_address>
         <size>0x100</size>
         <input_file_ref idref="fl-d6"/>
      </object_component>
      <object_component id="oc-5a">
         <name>.debug_info</name>
         <load_address>0x7026</load_address>
         <run_address>0x7026</run_address>
         <size>0x1a4</size>
         <input_file_ref idref="fl-d6"/>
      </object_component>
      <object_component id="oc-2aa">
         <name>.debug_info</name>
         <load_address>0x71ca</load_address>
         <run_address>0x71ca</run_address>
         <size>0x27e</size>
         <input_file_ref idref="fl-d7"/>
      </object_component>
      <object_component id="oc-2a7">
         <name>.debug_info</name>
         <load_address>0x7448</load_address>
         <run_address>0x7448</run_address>
         <size>0x103</size>
         <input_file_ref idref="fl-d7"/>
      </object_component>
      <object_component id="oc-1f9">
         <name>.debug_info</name>
         <load_address>0x754b</load_address>
         <run_address>0x754b</run_address>
         <size>0x143</size>
         <input_file_ref idref="fl-d7"/>
      </object_component>
      <object_component id="oc-f4">
         <name>.debug_info</name>
         <load_address>0x768e</load_address>
         <run_address>0x768e</run_address>
         <size>0x117</size>
         <input_file_ref idref="fl-d8"/>
      </object_component>
      <object_component id="oc-6f">
         <name>.debug_info</name>
         <load_address>0x77a5</load_address>
         <run_address>0x77a5</run_address>
         <size>0x3bb</size>
         <input_file_ref idref="fl-d9"/>
      </object_component>
      <object_component id="oc-25">
         <name>.debug_info</name>
         <load_address>0x7b60</load_address>
         <run_address>0x7b60</run_address>
         <size>0x101</size>
         <input_file_ref idref="fl-d9"/>
      </object_component>
      <object_component id="oc-b3">
         <name>.debug_info</name>
         <load_address>0x7c61</load_address>
         <run_address>0x7c61</run_address>
         <size>0x2c</size>
         <input_file_ref idref="fl-d9"/>
      </object_component>
      <object_component id="oc-b8">
         <name>.debug_info</name>
         <load_address>0x7c8d</load_address>
         <run_address>0x7c8d</run_address>
         <size>0x62</size>
         <input_file_ref idref="fl-d9"/>
      </object_component>
      <object_component id="oc-1a6">
         <name>.debug_info</name>
         <load_address>0x7cef</load_address>
         <run_address>0x7cef</run_address>
         <size>0x328</size>
         <input_file_ref idref="fl-dc"/>
      </object_component>
      <object_component id="oc-ec">
         <name>.debug_info</name>
         <load_address>0x8017</load_address>
         <run_address>0x8017</run_address>
         <size>0x1c6</size>
         <input_file_ref idref="fl-dc"/>
      </object_component>
      <object_component id="oc-19a">
         <name>.debug_info</name>
         <load_address>0x81dd</load_address>
         <run_address>0x81dd</run_address>
         <size>0x182</size>
         <input_file_ref idref="fl-dc"/>
      </object_component>
      <object_component id="oc-1a0">
         <name>.debug_info</name>
         <load_address>0x835f</load_address>
         <run_address>0x835f</run_address>
         <size>0x162</size>
         <input_file_ref idref="fl-dc"/>
      </object_component>
      <object_component id="oc-1d7">
         <name>.debug_info</name>
         <load_address>0x84c1</load_address>
         <run_address>0x84c1</run_address>
         <size>0x2c</size>
         <input_file_ref idref="fl-dc"/>
      </object_component>
      <object_component id="oc-1e2">
         <name>.debug_info</name>
         <load_address>0x84ed</load_address>
         <run_address>0x84ed</run_address>
         <size>0x27f</size>
         <input_file_ref idref="fl-dd"/>
      </object_component>
      <object_component id="oc-141">
         <name>.debug_info</name>
         <load_address>0x876c</load_address>
         <run_address>0x876c</run_address>
         <size>0x258</size>
         <input_file_ref idref="fl-dd"/>
      </object_component>
      <object_component id="oc-1e4">
         <name>.debug_info</name>
         <load_address>0x89c4</load_address>
         <run_address>0x89c4</run_address>
         <size>0x299</size>
         <input_file_ref idref="fl-de"/>
      </object_component>
      <object_component id="oc-149">
         <name>.debug_info</name>
         <load_address>0x8c5d</load_address>
         <run_address>0x8c5d</run_address>
         <size>0x231</size>
         <input_file_ref idref="fl-de"/>
      </object_component>
      <object_component id="oc-1d6">
         <name>.debug_info</name>
         <load_address>0x8e8e</load_address>
         <run_address>0x8e8e</run_address>
         <size>0x335</size>
         <input_file_ref idref="fl-df"/>
      </object_component>
      <object_component id="oc-13b">
         <name>.debug_info</name>
         <load_address>0x91c3</load_address>
         <run_address>0x91c3</run_address>
         <size>0x1fd</size>
         <input_file_ref idref="fl-df"/>
      </object_component>
      <object_component id="oc-1ca">
         <name>.debug_info</name>
         <load_address>0x93c0</load_address>
         <run_address>0x93c0</run_address>
         <size>0x1bb</size>
         <input_file_ref idref="fl-df"/>
      </object_component>
      <object_component id="oc-1d0">
         <name>.debug_info</name>
         <load_address>0x957b</load_address>
         <run_address>0x957b</run_address>
         <size>0x16e</size>
         <input_file_ref idref="fl-df"/>
      </object_component>
      <object_component id="oc-1dc">
         <name>.debug_info</name>
         <load_address>0x96e9</load_address>
         <run_address>0x96e9</run_address>
         <size>0x69</size>
         <input_file_ref idref="fl-df"/>
      </object_component>
      <object_component id="oc-2c5">
         <name>.debug_info</name>
         <load_address>0x9752</load_address>
         <run_address>0x9752</run_address>
         <size>0x284</size>
         <input_file_ref idref="fl-e0"/>
      </object_component>
      <object_component id="oc-21f">
         <name>.debug_info</name>
         <load_address>0x99d6</load_address>
         <run_address>0x99d6</run_address>
         <size>0x21f</size>
         <input_file_ref idref="fl-e0"/>
      </object_component>
      <object_component id="oc-96">
         <name>.debug_info</name>
         <load_address>0x9bf5</load_address>
         <run_address>0x9bf5</run_address>
         <size>0x13f</size>
         <input_file_ref idref="fl-e1"/>
      </object_component>
      <object_component id="oc-1b4">
         <name>.debug_info</name>
         <load_address>0x9d34</load_address>
         <run_address>0x9d34</run_address>
         <size>0x547</size>
         <input_file_ref idref="fl-e2"/>
      </object_component>
      <object_component id="oc-100">
         <name>.debug_info</name>
         <load_address>0xa27b</load_address>
         <run_address>0xa27b</run_address>
         <size>0x19b</size>
         <input_file_ref idref="fl-e2"/>
      </object_component>
      <object_component id="oc-28b">
         <name>.debug_info</name>
         <load_address>0xa416</load_address>
         <run_address>0xa416</run_address>
         <size>0x39</size>
         <input_file_ref idref="fl-e2"/>
      </object_component>
      <object_component id="oc-324">
         <name>.debug_info</name>
         <load_address>0xa44f</load_address>
         <run_address>0xa44f</run_address>
         <size>0x39</size>
         <input_file_ref idref="fl-e2"/>
      </object_component>
      <object_component id="oc-290">
         <name>.debug_info</name>
         <load_address>0xa488</load_address>
         <run_address>0xa488</run_address>
         <size>0x39</size>
         <input_file_ref idref="fl-e2"/>
      </object_component>
      <object_component id="oc-295">
         <name>.debug_info</name>
         <load_address>0xa4c1</load_address>
         <run_address>0xa4c1</run_address>
         <size>0xcd</size>
         <input_file_ref idref="fl-e2"/>
      </object_component>
      <object_component id="oc-9a">
         <name>.debug_info</name>
         <load_address>0xa58e</load_address>
         <run_address>0xa58e</run_address>
         <size>0x148</size>
         <input_file_ref idref="fl-e3"/>
      </object_component>
      <object_component id="oc-26c">
         <name>.debug_info</name>
         <load_address>0xa6d6</load_address>
         <run_address>0xa6d6</run_address>
         <size>0x8a6</size>
         <input_file_ref idref="fl-e5"/>
      </object_component>
      <object_component id="oc-243">
         <name>.debug_info</name>
         <load_address>0xaf7c</load_address>
         <run_address>0xaf7c</run_address>
         <size>0x213</size>
         <input_file_ref idref="fl-e5"/>
      </object_component>
      <object_component id="oc-2e6">
         <name>.debug_info</name>
         <load_address>0xb18f</load_address>
         <run_address>0xb18f</run_address>
         <size>0x1a8</size>
         <input_file_ref idref="fl-e5"/>
      </object_component>
      <object_component id="oc-2ec">
         <name>.debug_info</name>
         <load_address>0xb337</load_address>
         <run_address>0xb337</run_address>
         <size>0x210</size>
         <input_file_ref idref="fl-e5"/>
      </object_component>
      <object_component id="oc-249">
         <name>.debug_info</name>
         <load_address>0xb547</load_address>
         <run_address>0xb547</run_address>
         <size>0x3b0</size>
         <input_file_ref idref="fl-e5"/>
      </object_component>
      <object_component id="oc-2f3">
         <name>.debug_info</name>
         <load_address>0xb8f7</load_address>
         <run_address>0xb8f7</run_address>
         <size>0x2fa</size>
         <input_file_ref idref="fl-e5"/>
      </object_component>
      <object_component id="oc-2f9">
         <name>.debug_info</name>
         <load_address>0xbbf1</load_address>
         <run_address>0xbbf1</run_address>
         <size>0x20a</size>
         <input_file_ref idref="fl-e5"/>
      </object_component>
      <object_component id="oc-24f">
         <name>.debug_info</name>
         <load_address>0xbdfb</load_address>
         <run_address>0xbdfb</run_address>
         <size>0x20a</size>
         <input_file_ref idref="fl-e5"/>
      </object_component>
      <object_component id="oc-255">
         <name>.debug_info</name>
         <load_address>0xc005</load_address>
         <run_address>0xc005</run_address>
         <size>0x2f9</size>
         <input_file_ref idref="fl-e5"/>
      </object_component>
      <object_component id="oc-25b">
         <name>.debug_info</name>
         <load_address>0xc2fe</load_address>
         <run_address>0xc2fe</run_address>
         <size>0x4a5</size>
         <input_file_ref idref="fl-e5"/>
      </object_component>
      <object_component id="oc-195">
         <name>.debug_info</name>
         <load_address>0xc7a3</load_address>
         <run_address>0xc7a3</run_address>
         <size>0x5cd</size>
         <input_file_ref idref="fl-e5"/>
      </object_component>
      <object_component id="oc-26d">
         <name>.debug_info</name>
         <load_address>0xcd70</load_address>
         <run_address>0xcd70</run_address>
         <size>0x86</size>
         <input_file_ref idref="fl-e5"/>
      </object_component>
      <object_component id="oc-317">
         <name>.debug_info</name>
         <load_address>0xcdf6</load_address>
         <run_address>0xcdf6</run_address>
         <size>0x39</size>
         <input_file_ref idref="fl-e5"/>
      </object_component>
      <object_component id="oc-360">
         <name>.debug_info</name>
         <load_address>0xce2f</load_address>
         <run_address>0xce2f</run_address>
         <size>0xb6</size>
         <input_file_ref idref="fl-e5"/>
      </object_component>
      <object_component id="oc-31c">
         <name>.debug_info</name>
         <load_address>0xcee5</load_address>
         <run_address>0xcee5</run_address>
         <size>0x46</size>
         <input_file_ref idref="fl-e5"/>
      </object_component>
      <object_component id="oc-272">
         <name>.debug_info</name>
         <load_address>0xcf2b</load_address>
         <run_address>0xcf2b</run_address>
         <size>0x46</size>
         <input_file_ref idref="fl-e5"/>
      </object_component>
      <object_component id="oc-2d7">
         <name>.debug_info</name>
         <load_address>0xcf71</load_address>
         <run_address>0xcf71</run_address>
         <size>0x2ae</size>
         <input_file_ref idref="fl-e6"/>
      </object_component>
      <object_component id="oc-23c">
         <name>.debug_info</name>
         <load_address>0xd21f</load_address>
         <run_address>0xd21f</run_address>
         <size>0x171</size>
         <input_file_ref idref="fl-e6"/>
      </object_component>
      <object_component id="oc-344">
         <name>.debug_info</name>
         <load_address>0xd390</load_address>
         <run_address>0xd390</run_address>
         <size>0xee</size>
         <input_file_ref idref="fl-e7"/>
      </object_component>
      <object_component id="oc-2d4">
         <name>.debug_info</name>
         <load_address>0xd47e</load_address>
         <run_address>0xd47e</run_address>
         <size>0xfa</size>
         <input_file_ref idref="fl-e7"/>
      </object_component>
      <object_component id="oc-34e">
         <name>.debug_info</name>
         <load_address>0xd578</load_address>
         <run_address>0xd578</run_address>
         <size>0x290</size>
         <input_file_ref idref="fl-e8"/>
      </object_component>
      <object_component id="oc-2e1">
         <name>.debug_info</name>
         <load_address>0xd808</load_address>
         <run_address>0xd808</run_address>
         <size>0x1c2</size>
         <input_file_ref idref="fl-e8"/>
      </object_component>
      <object_component id="oc-30d">
         <name>.debug_info</name>
         <load_address>0xd9ca</load_address>
         <run_address>0xd9ca</run_address>
         <size>0x28b</size>
         <input_file_ref idref="fl-e9"/>
      </object_component>
      <object_component id="oc-260">
         <name>.debug_info</name>
         <load_address>0xdc55</load_address>
         <run_address>0xdc55</run_address>
         <size>0x1ab</size>
         <input_file_ref idref="fl-e9"/>
      </object_component>
      <object_component id="oc-356">
         <name>.debug_info</name>
         <load_address>0xde00</load_address>
         <run_address>0xde00</run_address>
         <size>0x28f</size>
         <input_file_ref idref="fl-ea"/>
      </object_component>
      <object_component id="oc-307">
         <name>.debug_info</name>
         <load_address>0xe08f</load_address>
         <run_address>0xe08f</run_address>
         <size>0x247</size>
         <input_file_ref idref="fl-ea"/>
      </object_component>
      <object_component id="oc-2d2">
         <name>.debug_info</name>
         <load_address>0xe2d6</load_address>
         <run_address>0xe2d6</run_address>
         <size>0x284</size>
         <input_file_ref idref="fl-eb"/>
      </object_component>
      <object_component id="oc-236">
         <name>.debug_info</name>
         <load_address>0xe55a</load_address>
         <run_address>0xe55a</run_address>
         <size>0x22a</size>
         <input_file_ref idref="fl-eb"/>
      </object_component>
      <object_component id="oc-354">
         <name>.debug_info</name>
         <load_address>0xe784</load_address>
         <run_address>0xe784</run_address>
         <size>0x28f</size>
         <input_file_ref idref="fl-ec"/>
      </object_component>
      <object_component id="oc-300">
         <name>.debug_info</name>
         <load_address>0xea13</load_address>
         <run_address>0xea13</run_address>
         <size>0x18a</size>
         <input_file_ref idref="fl-ec"/>
      </object_component>
      <object_component id="oc-314">
         <name>.debug_info</name>
         <load_address>0xeb9d</load_address>
         <run_address>0xeb9d</run_address>
         <size>0x284</size>
         <input_file_ref idref="fl-ed"/>
      </object_component>
      <object_component id="oc-268">
         <name>.debug_info</name>
         <load_address>0xee21</load_address>
         <run_address>0xee21</run_address>
         <size>0x14f</size>
         <input_file_ref idref="fl-ed"/>
      </object_component>
      <object_component id="oc-359">
         <name>.debug_info</name>
         <load_address>0xef70</load_address>
         <run_address>0xef70</run_address>
         <size>0x46</size>
         <input_file_ref idref="fl-ed"/>
      </object_component>
      <object_component id="oc-30f">
         <name>.debug_info</name>
         <load_address>0xefb6</load_address>
         <run_address>0xefb6</run_address>
         <size>0x39</size>
         <input_file_ref idref="fl-ed"/>
      </object_component>
      <object_component id="oc-2d9">
         <name>.debug_info</name>
         <load_address>0xefef</load_address>
         <run_address>0xefef</run_address>
         <size>0x12c</size>
         <input_file_ref idref="fl-ee"/>
      </object_component>
      <object_component id="oc-348">
         <name>.debug_info</name>
         <load_address>0xf11b</load_address>
         <run_address>0xf11b</run_address>
         <size>0x10d</size>
         <input_file_ref idref="fl-ef"/>
      </object_component>
      <object_component id="oc-230">
         <name>.debug_info</name>
         <load_address>0xf228</load_address>
         <run_address>0xf228</run_address>
         <size>0x20e</size>
         <input_file_ref idref="fl-f0"/>
      </object_component>
      <object_component id="oc-228">
         <name>.debug_info</name>
         <load_address>0xf436</load_address>
         <run_address>0xf436</run_address>
         <size>0x157</size>
         <input_file_ref idref="fl-f0"/>
      </object_component>
      <object_component id="oc-180">
         <name>.debug_info</name>
         <load_address>0xf58d</load_address>
         <run_address>0xf58d</run_address>
         <size>0x2c1</size>
         <input_file_ref idref="fl-f0"/>
      </object_component>
      <object_component id="oc-2ca">
         <name>.debug_info</name>
         <load_address>0xf84e</load_address>
         <run_address>0xf84e</run_address>
         <size>0x8b</size>
         <input_file_ref idref="fl-f0"/>
      </object_component>
      <object_component id="oc-22b">
         <name>.debug_info</name>
         <load_address>0xf8d9</load_address>
         <run_address>0xf8d9</run_address>
         <size>0x18b</size>
         <input_file_ref idref="fl-f0"/>
      </object_component>
      <object_component id="oc-39c">
         <name>.debug_info</name>
         <load_address>0xfa64</load_address>
         <run_address>0xfa64</run_address>
         <size>0x8d</size>
      </object_component>
      <object_component id="oc-132">
         <name>.debug_line</name>
         <load_address>0x0</load_address>
         <run_address>0x0</run_address>
         <size>0x63</size>
         <input_file_ref idref="fl-2"/>
      </object_component>
      <object_component id="oc-de">
         <name>.debug_line</name>
         <load_address>0x63</load_address>
         <run_address>0x63</run_address>
         <size>0xad</size>
         <input_file_ref idref="fl-2"/>
      </object_component>
      <object_component id="oc-77">
         <name>.debug_line</name>
         <load_address>0x110</load_address>
         <run_address>0x110</run_address>
         <size>0x69</size>
         <input_file_ref idref="fl-2"/>
      </object_component>
      <object_component id="oc-39">
         <name>.debug_line</name>
         <load_address>0x179</load_address>
         <run_address>0x179</run_address>
         <size>0x20</size>
         <input_file_ref idref="fl-2"/>
      </object_component>
      <object_component id="oc-c0">
         <name>.debug_line</name>
         <load_address>0x199</load_address>
         <run_address>0x199</run_address>
         <size>0x6d</size>
         <input_file_ref idref="fl-2"/>
      </object_component>
      <object_component id="oc-7c">
         <name>.debug_line</name>
         <load_address>0x206</load_address>
         <run_address>0x206</run_address>
         <size>0x6a</size>
         <input_file_ref idref="fl-2"/>
      </object_component>
      <object_component id="oc-1ec">
         <name>.debug_line</name>
         <load_address>0x270</load_address>
         <run_address>0x270</run_address>
         <size>0x64</size>
         <input_file_ref idref="fl-2"/>
      </object_component>
      <object_component id="oc-157">
         <name>.debug_line</name>
         <load_address>0x2d4</load_address>
         <run_address>0x2d4</run_address>
         <size>0x65</size>
         <input_file_ref idref="fl-2"/>
      </object_component>
      <object_component id="oc-232">
         <name>.debug_line</name>
         <load_address>0x339</load_address>
         <run_address>0x339</run_address>
         <size>0x68</size>
         <input_file_ref idref="fl-3"/>
      </object_component>
      <object_component id="oc-234">
         <name>.debug_line</name>
         <load_address>0x3a1</load_address>
         <run_address>0x3a1</run_address>
         <size>0x2d</size>
         <input_file_ref idref="fl-3"/>
      </object_component>
      <object_component id="oc-e3">
         <name>.debug_line</name>
         <load_address>0x3ce</load_address>
         <run_address>0x3ce</run_address>
         <size>0xee</size>
         <input_file_ref idref="fl-3"/>
      </object_component>
      <object_component id="oc-1e8">
         <name>.debug_line</name>
         <load_address>0x4bc</load_address>
         <run_address>0x4bc</run_address>
         <size>0xb7</size>
         <input_file_ref idref="fl-5"/>
      </object_component>
      <object_component id="oc-1e6">
         <name>.debug_line</name>
         <load_address>0x573</load_address>
         <run_address>0x573</run_address>
         <size>0x2c</size>
         <input_file_ref idref="fl-5"/>
      </object_component>
      <object_component id="oc-138">
         <name>.debug_line</name>
         <load_address>0x59f</load_address>
         <run_address>0x59f</run_address>
         <size>0x45</size>
         <input_file_ref idref="fl-5"/>
      </object_component>
      <object_component id="oc-d4">
         <name>.debug_line</name>
         <load_address>0x5e4</load_address>
         <run_address>0x5e4</run_address>
         <size>0x230</size>
         <input_file_ref idref="fl-5"/>
      </object_component>
      <object_component id="oc-1a8">
         <name>.debug_line</name>
         <load_address>0x814</load_address>
         <run_address>0x814</run_address>
         <size>0x9d</size>
         <input_file_ref idref="fl-6"/>
      </object_component>
      <object_component id="oc-a3">
         <name>.debug_line</name>
         <load_address>0x8b1</load_address>
         <run_address>0x8b1</run_address>
         <size>0x71</size>
         <input_file_ref idref="fl-6"/>
      </object_component>
      <object_component id="oc-191">
         <name>.debug_line</name>
         <load_address>0x922</load_address>
         <run_address>0x922</run_address>
         <size>0x2e</size>
         <input_file_ref idref="fl-7"/>
      </object_component>
      <object_component id="oc-ea">
         <name>.debug_line</name>
         <load_address>0x950</load_address>
         <run_address>0x950</run_address>
         <size>0x110</size>
         <input_file_ref idref="fl-9"/>
      </object_component>
      <object_component id="oc-73">
         <name>.debug_line</name>
         <load_address>0xa60</load_address>
         <run_address>0xa60</run_address>
         <size>0x41</size>
         <input_file_ref idref="fl-a"/>
      </object_component>
      <object_component id="oc-2e">
         <name>.debug_line</name>
         <load_address>0xaa1</load_address>
         <run_address>0xaa1</run_address>
         <size>0x41</size>
         <input_file_ref idref="fl-a"/>
      </object_component>
      <object_component id="oc-29">
         <name>.debug_line</name>
         <load_address>0xae2</load_address>
         <run_address>0xae2</run_address>
         <size>0xa1</size>
         <input_file_ref idref="fl-a"/>
      </object_component>
      <object_component id="oc-2c3">
         <name>.debug_line</name>
         <load_address>0xb83</load_address>
         <run_address>0xb83</run_address>
         <size>0x93</size>
         <input_file_ref idref="fl-c6"/>
      </object_component>
      <object_component id="oc-2ad">
         <name>.debug_line</name>
         <load_address>0xc16</load_address>
         <run_address>0xc16</run_address>
         <size>0x2b</size>
         <input_file_ref idref="fl-c6"/>
      </object_component>
      <object_component id="oc-16c">
         <name>.debug_line</name>
         <load_address>0xc41</load_address>
         <run_address>0xc41</run_address>
         <size>0x2ba</size>
         <input_file_ref idref="fl-c6"/>
      </object_component>
      <object_component id="oc-2c0">
         <name>.debug_line</name>
         <load_address>0xefb</load_address>
         <run_address>0xefb</run_address>
         <size>0x92</size>
         <input_file_ref idref="fl-c6"/>
      </object_component>
      <object_component id="oc-219">
         <name>.debug_line</name>
         <load_address>0xf8d</load_address>
         <run_address>0xf8d</run_address>
         <size>0x8f</size>
         <input_file_ref idref="fl-c6"/>
      </object_component>
      <object_component id="oc-331">
         <name>.debug_line</name>
         <load_address>0x101c</load_address>
         <run_address>0x101c</run_address>
         <size>0x89</size>
         <input_file_ref idref="fl-c7"/>
      </object_component>
      <object_component id="oc-1f2">
         <name>.debug_line</name>
         <load_address>0x10a5</load_address>
         <run_address>0x10a5</run_address>
         <size>0x12d</size>
         <input_file_ref idref="fl-c7"/>
      </object_component>
      <object_component id="oc-2c7">
         <name>.debug_line</name>
         <load_address>0x11d2</load_address>
         <run_address>0x11d2</run_address>
         <size>0x2a</size>
         <input_file_ref idref="fl-c8"/>
      </object_component>
      <object_component id="oc-178">
         <name>.debug_line</name>
         <load_address>0x11fc</load_address>
         <run_address>0x11fc</run_address>
         <size>0x8c</size>
         <input_file_ref idref="fl-c8"/>
      </object_component>
      <object_component id="oc-338">
         <name>.debug_line</name>
         <load_address>0x1288</load_address>
         <run_address>0x1288</run_address>
         <size>0x93</size>
         <input_file_ref idref="fl-c9"/>
      </object_component>
      <object_component id="oc-214">
         <name>.debug_line</name>
         <load_address>0x131b</load_address>
         <run_address>0x131b</run_address>
         <size>0x9c</size>
         <input_file_ref idref="fl-c9"/>
      </object_component>
      <object_component id="oc-33c">
         <name>.debug_line</name>
         <load_address>0x13b7</load_address>
         <run_address>0x13b7</run_address>
         <size>0x92</size>
         <input_file_ref idref="fl-c9"/>
      </object_component>
      <object_component id="oc-2bb">
         <name>.debug_line</name>
         <load_address>0x1449</load_address>
         <run_address>0x1449</run_address>
         <size>0x8f</size>
         <input_file_ref idref="fl-c9"/>
      </object_component>
      <object_component id="oc-2b1">
         <name>.debug_line</name>
         <load_address>0x14d8</load_address>
         <run_address>0x14d8</run_address>
         <size>0x45</size>
         <input_file_ref idref="fl-ca"/>
      </object_component>
      <object_component id="oc-15f">
         <name>.debug_line</name>
         <load_address>0x151d</load_address>
         <run_address>0x151d</run_address>
         <size>0xd2</size>
         <input_file_ref idref="fl-cb"/>
      </object_component>
      <object_component id="oc-206">
         <name>.debug_line</name>
         <load_address>0x15ef</load_address>
         <run_address>0x15ef</run_address>
         <size>0x77</size>
         <input_file_ref idref="fl-cc"/>
      </object_component>
      <object_component id="oc-20e">
         <name>.debug_line</name>
         <load_address>0x1666</load_address>
         <run_address>0x1666</run_address>
         <size>0x77</size>
         <input_file_ref idref="fl-cc"/>
      </object_component>
      <object_component id="oc-167">
         <name>.debug_line</name>
         <load_address>0x16dd</load_address>
         <run_address>0x16dd</run_address>
         <size>0xa8</size>
         <input_file_ref idref="fl-cd"/>
      </object_component>
      <object_component id="oc-16f">
         <name>.debug_line</name>
         <load_address>0x1785</load_address>
         <run_address>0x1785</run_address>
         <size>0x8e</size>
         <input_file_ref idref="fl-ce"/>
      </object_component>
      <object_component id="oc-17d">
         <name>.debug_line</name>
         <load_address>0x1813</load_address>
         <run_address>0x1813</run_address>
         <size>0x5a</size>
         <input_file_ref idref="fl-cf"/>
      </object_component>
      <object_component id="oc-201">
         <name>.debug_line</name>
         <load_address>0x186d</load_address>
         <run_address>0x186d</run_address>
         <size>0x50</size>
         <input_file_ref idref="fl-d0"/>
      </object_component>
      <object_component id="oc-3d">
         <name>.debug_line</name>
         <load_address>0x18bd</load_address>
         <run_address>0x18bd</run_address>
         <size>0x88</size>
         <input_file_ref idref="fl-d1"/>
      </object_component>
      <object_component id="oc-15d">
         <name>.debug_line</name>
         <load_address>0x1945</load_address>
         <run_address>0x1945</run_address>
         <size>0x4c</size>
         <input_file_ref idref="fl-d2"/>
      </object_component>
      <object_component id="oc-d0">
         <name>.debug_line</name>
         <load_address>0x1991</load_address>
         <run_address>0x1991</run_address>
         <size>0x9e</size>
         <input_file_ref idref="fl-d3"/>
      </object_component>
      <object_component id="oc-4b">
         <name>.debug_line</name>
         <load_address>0x1a2f</load_address>
         <run_address>0x1a2f</run_address>
         <size>0x4f</size>
         <input_file_ref idref="fl-d3"/>
      </object_component>
      <object_component id="oc-90">
         <name>.debug_line</name>
         <load_address>0x1a7e</load_address>
         <run_address>0x1a7e</run_address>
         <size>0x34</size>
         <input_file_ref idref="fl-d3"/>
      </object_component>
      <object_component id="oc-cd">
         <name>.debug_line</name>
         <load_address>0x1ab2</load_address>
         <run_address>0x1ab2</run_address>
         <size>0x8a</size>
         <input_file_ref idref="fl-d3"/>
      </object_component>
      <object_component id="oc-8b">
         <name>.debug_line</name>
         <load_address>0x1b3c</load_address>
         <run_address>0x1b3c</run_address>
         <size>0x20</size>
         <input_file_ref idref="fl-d4"/>
      </object_component>
      <object_component id="oc-1c">
         <name>.debug_line</name>
         <load_address>0x1b5c</load_address>
         <run_address>0x1b5c</run_address>
         <size>0x55</size>
         <input_file_ref idref="fl-d4"/>
      </object_component>
      <object_component id="oc-44">
         <name>.debug_line</name>
         <load_address>0x1bb1</load_address>
         <run_address>0x1bb1</run_address>
         <size>0x3a</size>
         <input_file_ref idref="fl-d4"/>
[...]
            </allocated_space>
            <allocated_space>
               <start_address>0x20001270</start_address>
               <size>0x1000</size>
               <logical_group_ref idref="lg-c"/>
            </allocated_space>
            <allocated_space>
               <start_address>0x20002270</start_address>
               <size>0x69</size>
               <logical_group_ref idref="lg-b"/>
            </allocated_space>
            <available_space>
               <start_address>0x200022d9</start_address>
               <size>0x3</size>
            </available_space>
            <allocated_space>
               <start_address>0x200022dc</start_address>
               <size>0xc</size>
               <logical_group_ref idref="lg-a"/>
            </allocated_space>
            <available_space>
               <start_address>0x200022e8</start_address>
               <size>0x5d18</size>
            </available_space>
         </usage_details>
      </memory_area>
   </placement_map>
   <cptbl_list>
      <cptbl>
         <name>__TI_cinit_table</name>
         <cprec>
            <name>.bss</name>
            <load_address>0x3900</load_address>
            <load_size>0x8</load_size>
            <run_address>0x20002270</run_address>
            <run_size>0x69</run_size>
            <compression>zero_init</compression>
         </cprec>
         <cprec>
            <name>.vtable</name>
            <load_address>0x3908</load_address>
            <load_size>0x8</load_size>
            <run_address>0x20000000</run_address>
            <run_size>0x26c</run_size>
            <compression>zero_init</compression>
         </cprec>
         <cprec>
            <name>.data</name>
            <load_address>0x3910</load_address>
            <load_size>0x7</load_size>
            <run_address>0x200022dc</run_address>
            <run_size>0xc</run_size>
            <compression>lzss</compression>
         </cprec>
      </cptbl>
   </cptbl_list>
   <handler_table>
      <handler_table_name>__TI_handler_table</handler_table_name>
      <handler>
         <index>0x0</index>
         <name>__TI_zero_init</name>
      </handler>
      <handler>
         <index>0x1</index>
         <name>__TI_decompress_lzss</name>
      </handler>
      <handler>
         <index>0x2</index>
         <name>__TI_decompress_none</name>
      </handler>
   </handler_table>
   <symbol_table>
      <symbol id="sm-1">
         <name>__STACK_TOP</name>
         <value>0x20000470</value>
      </symbol>
      <symbol id="sm-2">
         <name>__TI_CINIT_Base</name>
         <value>0x3918</value>
      </symbol>
      <symbol id="sm-3">
         <name>__TI_CINIT_Limit</name>
         <value>0x3930</value>
      </symbol>
      <symbol id="sm-4">
         <name>__TI_Handler_Table_Base</name>
         <value>0x38f0</value>
      </symbol>
      <symbol id="sm-5">
         <name>__TI_Handler_Table_Limit</name>
         <value>0x38fc</value>
      </symbol>
      <symbol id="sm-6">
         <name>binit</name>
         <value>0xffffffff</value>
      </symbol>
      <symbol id="sm-7">
         <name>__binit__</name>
         <value>0xffffffff</value>
      </symbol>
      <symbol id="sm-8">
         <name>__STACK_SIZE</name>
         <value>0x1000</value>
      </symbol>
      <symbol id="sm-9">
         <name>__STACK_END</name>
         <value>0x20001270</value>
      </symbol>
      <symbol id="sm-a">
         <name>__SYSMEM_SIZE</name>
         <value>0x1000</value>
      </symbol>
      <symbol id="sm-b">
         <name>__c_args__</name>
         <value>0xffffffff</value>
      </symbol>
      <symbol id="sm-c">
         <name>__TI_pprof_out_hndl</name>
         <value>0xffffffff</value>
      </symbol>
      <symbol id="sm-d">
         <name>__TI_prof_data_start</name>
         <value>0xffffffff</value>
      </symbol>
      <symbol id="sm-e">
         <name>__TI_prof_data_size</name>
         <value>0xffffffff</value>
      </symbol>
      <symbol id="sm-68">
         <name>init_ADC</name>
         <value>0x2049</value>
         <object_component_ref idref="oc-d9"/>
      </symbol>
      <symbol id="sm-69">
         <name>get_sensor_reading</name>
         <value>0x20cb</value>
         <object_component_ref idref="oc-d9"/>
      </symbol>
      <symbol id="sm-6a">
         <name>adc_read</name>
         <value>0x20f3</value>
         <object_component_ref idref="oc-d9"/>
      </symbol>
      <symbol id="sm-a1">
         <name>c</name>
         <value>0x200022d8</value>
      </symbol>
      <symbol id="sm-a2">
         <name>result</name>
         <value>0x200022c4</value>
      </symbol>
      <symbol id="sm-a3">
         <name>uart_sendChar</name>
         <value>0x2305</value>
         <object_component_ref idref="oc-df"/>
      </symbol>
      <symbol id="sm-a4">
         <name>My_UART1_Handler</name>
         <value>0x229d</value>
         <object_component_ref idref="oc-df"/>
      </symbol>
      <symbol id="sm-a5">
         <name>uart_init</name>
         <value>0x21f5</value>
         <object_component_ref idref="oc-df"/>
      </symbol>
      <symbol id="sm-a6">
         <name>uart_interrupts_init</name>
         <value>0x2269</value>
         <object_component_ref idref="oc-df"/>
      </symbol>
      <symbol id="sm-a7">
         <name>uart_receive</name>
         <value>0x22e7</value>
         <object_component_ref idref="oc-df"/>
      </symbol>
      <symbol id="sm-a8">
         <name>count</name>
         <value>0x200022e0</value>
         <object_component_ref idref="oc-189"/>
      </symbol>
      <symbol id="sm-a9">
         <name>flag</name>
         <value>0x200022dc</value>
         <object_component_ref idref="oc-189"/>
      </symbol>
      <symbol id="sm-aa">
         <name>uart_sendStr</name>
         <value>0x2321</value>
         <object_component_ref idref="oc-df"/>
      </symbol>
      <symbol id="sm-fb">
         <name>lcd_banner_effect</name>
         <value>0x19e1</value>
         <object_component_ref idref="oc-d3"/>
      </symbol>
      <symbol id="sm-fc">
         <name>lcd_rotatingBanner</name>
         <value>0x195d</value>
         <object_component_ref idref="oc-d3"/>
      </symbol>
      <symbol id="sm-fd">
         <name>lcd_sendCommand</name>
         <value>0x17a3</value>
         <object_component_ref idref="oc-d3"/>
      </symbol>
      <symbol id="sm-fe">
         <name>lcd_sendNibble</name>
         <value>0x17e1</value>
         <object_component_ref idref="oc-d3"/>
      </symbol>
      <symbol id="sm-ff">
         <name>lcd_clear</name>
         <value>0x3755</value>
         <object_component_ref idref="oc-133"/>
      </symbol>
      <symbol id="sm-100">
         <name>lcd_printf</name>
         <value>0x188b</value>
         <object_component_ref idref="oc-d3"/>
      </symbol>
      <symbol id="sm-101">
         <name>lcd_setCursorPos</name>
         <value>0x184d</value>
         <object_component_ref idref="oc-d3"/>
      </symbol>
      <symbol id="sm-102">
         <name>lcd_init</name>
         <value>0x168d</value>
         <object_component_ref idref="oc-d3"/>
      </symbol>
      <symbol id="sm-103">
         <name>lcd_puts</name>
         <value>0x1785</value>
         <object_component_ref idref="oc-d3"/>
      </symbol>
      <symbol id="sm-104">
         <name>lcd_putc</name>
         <value>0x174d</value>
         <object_component_ref idref="oc-d3"/>
      </symbol>
      <symbol id="sm-105">
         <name>lcd_gotoLine</name>
         <value>0x1825</value>
         <object_component_ref idref="oc-d3"/>
      </symbol>
      <symbol id="sm-106">
         <name>length</name>
         <value>0x1a1b</value>
         <object_component_ref idref="oc-d3"/>
      </symbol>
      <symbol id="sm-11c">
         <name>main</name>
         <value>0x2e59</value>
         <object_component_ref idref="oc-9f"/>
      </symbol>
      <symbol id="sm-144">
         <name>timer_startClock</name>
         <value>0x25b9</value>
         <object_component_ref idref="oc-e5"/>
      </symbol>
      <symbol id="sm-145">
         <name>timer_stopClock</name>
         <value>0x260b</value>
         <object_component_ref idref="oc-e5"/>
      </symbol>
      <symbol id="sm-146">
         <name>timer_getClock</name>
         <value>0x2605</value>
         <object_component_ref idref="oc-e5"/>
      </symbol>
      <symbol id="sm-147">
         <name>timer_stopTimer</name>
         <value>0x25a3</value>
         <object_component_ref idref="oc-e5"/>
      </symbol>
      <symbol id="sm-148">
         <name>timer_startTimer</name>
         <value>0x2553</value>
         <object_component_ref idref="oc-e5"/>
      </symbol>
      <symbol id="sm-149">
         <name>timer_waitMillis</name>
         <value>0x24f5</value>
         <object_component_ref idref="oc-e5"/>
      </symbol>
      <symbol id="sm-14a">
         <name>timer_waitMicros</name>
         <value>0x2529</value>
         <object_component_ref idref="oc-e5"/>
      </symbol>
      <symbol id="sm-166">
         <name>ResetISR</name>
         <value>0x3773</value>
         <object_component_ref idref="oc-27"/>
      </symbol>
      <symbol id="sm-167">
         <name>g_pfnVectors</name>
         <value>0x0</value>
         <object_component_ref idref="oc-f"/>
      </symbol>
      <symbol id="sm-1fc">
         <name>pow</name>
         <value>0xccd</value>
         <object_component_ref idref="oc-168"/>
      </symbol>
      <symbol id="sm-1fd">
         <name>powl</name>
         <value>0xccd</value>
         <object_component_ref idref="oc-168"/>
      </symbol>
      <symbol id="sm-21f">
         <name>sqrtl</name>
         <value>0x239d</value>
         <object_component_ref idref="oc-1f1"/>
      </symbol>
      <symbol id="sm-220">
         <name>sqrt</name>
         <value>0x239d</value>
         <object_component_ref idref="oc-1f1"/>
      </symbol>
      <symbol id="sm-238">
         <name>roundl</name>
         <value>0x2ce5</value>
         <object_component_ref idref="oc-173"/>
      </symbol>
      <symbol id="sm-239">
         <name>round</name>
         <value>0x2ce5</value>
         <object_component_ref idref="oc-173"/>
      </symbol>
      <symbol id="sm-260">
         <name>scalbn</name>
         <value>0x29e1</value>
         <object_component_ref idref="oc-20f"/>
      </symbol>
      <symbol id="sm-261">
         <name>scalbnl</name>
         <value>0x29e1</value>
         <object_component_ref idref="oc-20f"/>
      </symbol>
      <symbol id="sm-262">
         <name>ldexpl</name>
         <value>0x29e1</value>
         <object_component_ref idref="oc-20f"/>
      </symbol>
      <symbol id="sm-263">
         <name>ldexp</name>
         <value>0x29e1</value>
         <object_component_ref idref="oc-20f"/>
      </symbol>
      <symbol id="sm-26d">
         <name>copysign</name>
         <value>0x36f5</value>
         <object_component_ref idref="oc-2b0"/>
      </symbol>
      <symbol id="sm-26e">
         <name>copysignl</name>
         <value>0x36f5</value>
         <object_component_ref idref="oc-2b0"/>
      </symbol>
      <symbol id="sm-285">
         <name>__aeabi_dsub</name>
         <value>0x1e91</value>
         <object_component_ref idref="oc-15e"/>
      </symbol>
      <symbol id="sm-286">
         <name>__aeabi_dadd</name>
         <value>0x1e9b</value>
         <object_component_ref idref="oc-15e"/>
      </symbol>
      <symbol id="sm-2a8">
         <name>__aeabi_cdcmpeq</name>
         <value>0x303b</value>
         <object_component_ref idref="oc-205"/>
      </symbol>
      <symbol id="sm-2a9">
         <name>__aeabi_cdcmple</name>
         <value>0x303b</value>
         <object_component_ref idref="oc-205"/>
      </symbol>
      <symbol id="sm-2aa">
         <name>__aeabi_cdrcmple</name>
         <value>0x30c1</value>
         <object_component_ref idref="oc-20a"/>
      </symbol>
      <symbol id="sm-2be">
         <name>__aeabi_ddiv</name>
         <value>0x2789</value>
         <object_component_ref idref="oc-163"/>
      </symbol>
      <symbol id="sm-2c9">
         <name>__aeabi_dmul</name>
         <value>0x2af1</value>
         <object_component_ref idref="oc-16e"/>
      </symbol>
      <symbol id="sm-2d3">
         <name>__aeabi_d2iz</name>
         <value>0x3445</value>
         <object_component_ref idref="oc-179"/>
      </symbol>
      <symbol id="sm-2dd">
         <name>__aeabi_i2d</name>
         <value>0x362d</value>
         <object_component_ref idref="oc-1fd"/>
      </symbol>
      <symbol id="sm-2f8">
         <name>memcpy</name>
         <value>0x2f09</value>
         <object_component_ref idref="oc-3b"/>
      </symbol>
      <symbol id="sm-2f9">
         <name>__aeabi_memcpy</name>
         <value>0x2f09</value>
         <object_component_ref idref="oc-3b"/>
      </symbol>
      <symbol id="sm-2fa">
         <name>__aeabi_memcpy8</name>
         <value>0x2f09</value>
         <object_component_ref idref="oc-3b"/>
      </symbol>
      <symbol id="sm-2fb">
         <name>__aeabi_memcpy4</name>
         <value>0x2f09</value>
         <object_component_ref idref="oc-3b"/>
      </symbol>
      <symbol id="sm-305">
         <name>__aeabi_ui2d</name>
         <value>0x365b</value>
         <object_component_ref idref="oc-159"/>
      </symbol>
      <symbol id="sm-31e">
         <name>__TI_zero_init_nomemset</name>
         <value>0x3731</value>
         <object_component_ref idref="oc-47"/>
      </symbol>
      <symbol id="sm-335">
         <name>__TI_decompress_none</name>
         <value>0x3765</value>
         <object_component_ref idref="oc-18"/>
      </symbol>
      <symbol id="sm-358">
         <name>__TI_decompress_lzss</name>
         <value>0x322f</value>
         <object_component_ref idref="oc-12"/>
      </symbol>
      <symbol id="sm-36b">
         <name>__stack</name>
         <value>0x20000270</value>
         <object_component_ref idref="oc-21"/>
      </symbol>
      <symbol id="sm-36c">
         <name>_c_int00_noargs</name>
         <value>0x3591</value>
         <object_component_ref idref="oc-59"/>
      </symbol>
      <symbol id="sm-382">
         <name>__aeabi_errno_addr</name>
         <value>0x3789</value>
         <object_component_ref idref="oc-1f7"/>
      </symbol>
      <symbol id="sm-383">
         <name>errno</name>
         <value>0x200022e4</value>
         <object_component_ref idref="oc-2a6"/>
      </symbol>
      <symbol id="sm-38e">
         <name>C$$EXIT</name>
         <value>0x3795</value>
         <object_component_ref idref="oc-f3"/>
      </symbol>
      <symbol id="sm-38f">
         <name>abort</name>
         <value>0x3795</value>
         <object_component_ref idref="oc-f3"/>
      </symbol>
      <symbol id="sm-3a4">
         <name>_sys_memory</name>
         <value>0x20001270</value>
         <object_component_ref idref="oc-24"/>
      </symbol>
      <symbol id="sm-3cd">
         <name>sprintf</name>
         <value>0x34d1</value>
         <object_component_ref idref="oc-eb"/>
      </symbol>
      <symbol id="sm-3dc">
         <name>strcmp</name>
         <value>0x36c7</value>
         <object_component_ref idref="oc-140"/>
      </symbol>
      <symbol id="sm-3ea">
         <name>strcpy</name>
         <value>0x3709</value>
         <object_component_ref idref="oc-146"/>
      </symbol>
      <symbol id="sm-414">
         <name>vsnprintf</name>
         <value>0x3511</value>
         <object_component_ref idref="oc-13a"/>
      </symbol>
      <symbol id="sm-431">
         <name>floorl</name>
         <value>0x2bed</value>
         <object_component_ref idref="oc-21e"/>
      </symbol>
      <symbol id="sm-432">
         <name>floor</name>
         <value>0x2bed</value>
         <object_component_ref idref="oc-21e"/>
      </symbol>
      <symbol id="sm-441">
         <name>__aeabi_memset</name>
         <value>0x3149</value>
         <object_component_ref idref="oc-93"/>
      </symbol>
      <symbol id="sm-442">
         <name>memset</name>
         <value>0x314f</value>
         <object_component_ref idref="oc-93"/>
      </symbol>
      <symbol id="sm-443">
         <name>__aeabi_memset8</name>
         <value>0x3149</value>
         <object_component_ref idref="oc-93"/>
      </symbol>
      <symbol id="sm-444">
         <name>__aeabi_memset4</name>
         <value>0x3149</value>
         <object_component_ref idref="oc-93"/>
      </symbol>
      <symbol id="sm-445">
         <name>__aeabi_memclr8</name>
         <value>0x3147</value>
         <object_component_ref idref="oc-93"/>
      </symbol>
      <symbol id="sm-446">
         <name>__aeabi_memclr4</name>
         <value>0x3147</value>
         <object_component_ref idref="oc-93"/>
      </symbol>
      <symbol id="sm-447">
         <name>__aeabi_memclr</name>
         <value>0x3147</value>
         <object_component_ref idref="oc-93"/>
      </symbol>
      <symbol id="sm-46f">
         <name>__TI_auto_init_nobinit_nopinit</name>
         <value>0x348d</value>
         <object_component_ref idref="oc-ff"/>
      </symbol>
      <symbol id="sm-479">
         <name>_system_pre_init</name>
         <value>0x3791</value>
         <object_component_ref idref="oc-99"/>
      </symbol>
      <symbol id="sm-5df">
         <name>__TI_printfi</name>
         <value>0x26d</value>
         <object_component_ref idref="oc-193"/>
      </symbol>
      <symbol id="sm-5f5">
         <name>atoi</name>
         <value>0x33f9</value>
         <object_component_ref idref="oc-23b"/>
      </symbol>
      <symbol id="sm-600">
         <name>_ctypes_</name>
         <value>0x3798</value>
         <object_component_ref idref="oc-2d3"/>
      </symbol>
      <symbol id="sm-60f">
         <name>ltoa</name>
         <value>0x3353</value>
         <object_component_ref idref="oc-2de"/>
      </symbol>
      <symbol id="sm-61f">
         <name>memccpy</name>
         <value>0x367b</value>
         <object_component_ref idref="oc-25f"/>
      </symbol>
      <symbol id="sm-62f">
         <name>strchr</name>
         <value>0x36df</value>
         <object_component_ref idref="oc-305"/>
      </symbol>
      <symbol id="sm-63d">
         <name>strlen</name>
         <value>0x371d</value>
         <object_component_ref idref="oc-235"/>
      </symbol>
      <symbol id="sm-653">
         <name>frexpl</name>
         <value>0x3299</value>
         <object_component_ref idref="oc-2ff"/>
      </symbol>
      <symbol id="sm-654">
         <name>frexp</name>
         <value>0x3299</value>
         <object_component_ref idref="oc-2ff"/>
      </symbol>
      <symbol id="sm-66d">
         <name>wcslen</name>
         <value>0x3743</value>
         <object_component_ref idref="oc-265"/>
      </symbol>
      <symbol id="sm-67a">
         <name>__aeabi_uldivmod</name>
         <value>0x2fa5</value>
         <object_component_ref idref="oc-2d8"/>
      </symbol>
      <symbol id="sm-684">
         <name>__aeabi_idiv0</name>
         <value>0xccb</value>
         <object_component_ref idref="oc-347"/>
      </symbol>
      <symbol id="sm-685">
         <name>__aeabi_ldiv0</name>
         <value>0xccb</value>
         <object_component_ref idref="oc-347"/>
      </symbol>
      <symbol id="sm-6a6">
         <name>IntRegister</name>
         <value>0x35c9</value>
         <object_component_ref idref="oc-17f"/>
      </symbol>
      <symbol id="sm-6a7">
         <name>g_pfnRAMVectors</name>
         <value>0x20000000</value>
         <object_component_ref idref="oc-227"/>
      </symbol>
      <symbol id="sm-6a9">
         <name>__TI_static_base__</name>
         <value>0x0</value>
      </symbol>
      <symbol id="sm-6ac">
         <name>__mpu_init</name>
         <value>0x0</value>
      </symbol>
      <symbol id="sm-6ad">
         <name>_system_post_cinit</name>
         <value>0x0</value>
      </symbol>
   </symbol_table>
   <title>Link successful</title>
</link_info>
