******************************************************************************
                  TI ARM Linker PC v18.1.2                     
******************************************************************************
>> Linked Tue Mar 26 10:55:23 2019

OUTPUT FILE NAME:   <Lab7.out>
ENTRY POINT SYMBOL: "_c_int00_noargs"  address: 0000284d


MEMORY CONFIGURATION

         name            origin    length      used     unused   attr    fill
----------------------  --------  ---------  --------  --------  ----  --------
  FLASH                 00000000   00040000  00002baa  0003d456  R  X
  SRAM                  20000000   00008000  000022ed  00005d13  RW X


SEGMENT ALLOCATION MAP

run origin  load origin   length   init length attrs members
----------  ----------- ---------- ----------- ----- -------
00000000    00000000    00002bb0   00002bb0    r-x
  00000000    00000000    0000026c   0000026c    r-- .intvecs
  0000026c    0000026c    000027e0   000027e0    r-x .text
  00002a4c    00002a4c    0000011e   0000011e    r-- .const
  00002b70    00002b70    00000040   00000040    r-- .cinit
20000000    20000000    000022f4   00000000    rw-
  20000000    20000000    0000026c   00000000    rw- .vtable
  20000270    20000270    00001000   00000000    rw- .stack
  20001270    20001270    00001000   00000000    rw- .sysmem
  20002270    20002270    00000069   00000000    rw- .bss
  200022dc    200022dc    00000018   00000000    rw- .data


SECTION ALLOCATION MAP

 output                                  attributes/
section   page    origin      length       input sections
--------  ----  ----------  ----------   ----------------
.intvecs   0    00000000    0000026c     
                  00000000    0000026c     tm4c123gh6pm_startup_ccs.obj (.intvecs)

.text      0    0000026c    000027e0     
                  0000026c    00000a5e     rtsv7M4_T_le_v4SPD16_eabi.lib : _printfi.c.obj (.text:__TI_printfi)
                  00000cca    00000002                                   : div0.asm.obj (.text)
                  00000ccc    000003c4     lcd.obj (.text)
                  00001090    00000270     rtsv7M4_T_le_v4SPD16_eabi.lib : _printfi.c.obj (.text:_pconv_a)
                  00001300    000001ec     ping.obj (.text)
                  000014ec    000001d0     rtsv7M4_T_le_v4SPD16_eabi.lib : _printfi.c.obj (.text:_pconv_g)
                  000016bc    000001b6                                   : fd_add_t2.asm.obj (.text)
                  00001872    00000002     --HOLE-- [fill = 0]
                  00001874    000001a8     UART.obj (.text)
                  00001a1c    00000158     timer.obj (.text)
                  00001b74    0000013c     rtsv7M4_T_le_v4SPD16_eabi.lib : _printfi.c.obj (.text:_pconv_e)
                  00001cb0    00000136                                   : fd_div_t2.asm.obj (.text)
                  00001de6    00000002     --HOLE-- [fill = 0]
                  00001de8    00000120                                   : _printfi.c.obj (.text:fcvt)
                  00001f08    00000110                                   : s_scalbn.c.obj (.text:scalbn)
                  00002018    000000fc                                   : fd_mul_t2.asm.obj (.text)
                  00002114    000000b1                                   : _printfi.c.obj (.text:_ltostr)
                  000021c5    00000001     --HOLE-- [fill = 0]
                  000021c6    0000009c                                   : memcpy_t2.asm.obj (.text)
                  00002262    00000096                                   : ull_div_t2.asm.obj (.text)
                  000022f8    00000086                                   : fd_cmp_t2.asm.obj (.text:__aeabi_cdcmple)
                  0000237e    00000086                                   : fd_cmp_t2.asm.obj (.text:__aeabi_cdrcmple)
                  00002404    0000007a                                   : memset_t2.asm.obj (.text)
                  0000247e    0000006e                                   : _printfi.c.obj (.text:_mcpy)
                  000024ec    00000068                                   : copy_decompress_lzss.c.obj (.text:decompress:lzss:__TI_decompress_lzss)
                  00002554    00000064                                   : s_frexp.c.obj (.text:frexp)
                  000025b8    00000056                                   : _printfi.c.obj (.text:_pconv_f)
                  0000260e    00000054                                   : ltoa.c.obj (.text:ltoa)
                  00002662    00000052                                   : _printfi.c.obj (.text:_ecpy)
                  000026b4    0000004c                                   : atoi.c.obj (.text:atoi)
                  00002700    00000048                                   : fd_toi_t2.asm.obj (.text)
                  00002748    00000044                                   : autoinit.c.obj (.text:__TI_auto_init_nobinit_nopinit:__TI_auto_init_nobinit_nopinit)
                  0000278c    00000040     main.obj (.text)
                  000027cc    00000040     rtsv7M4_T_le_v4SPD16_eabi.lib : vsnprintf.c.obj (.text:vsnprintf)
                  0000280c    0000003e                                   : _printfi.c.obj (.text:_fcpy)
                  0000284a    00000002     --HOLE-- [fill = 0]
                  0000284c    00000038                                   : boot_cortex_m.c.obj (.text:_c_int00_noargs:_c_int00_noargs)
                  00002884    00000034     driverlib.lib : interrupt.obj (.text:IntRegister)
                  000028b8    00000030     rtsv7M4_T_le_v4SPD16_eabi.lib : vsnprintf.c.obj (.text:_outs)
                  000028e8    0000002e                                   : i_tofd_t2.asm.obj (.text)
                  00002916    0000001c                                   : memccpy.c.obj (.text:memccpy)
                  00002932    00000018                                   : vsnprintf.c.obj (.text:_outc)
                  0000294a    00000018                                   : strcmp.c.obj (.text:strcmp)
                  00002962    00000016                                   : strchr.c.obj (.text:strchr)
                  00002978    00000014                                   : s_copysign.c.obj (.text:copysign)
                  0000298c    00000014                                   : strcpy.c.obj (.text:strcpy)
                  000029a0    00000014                                   : strlen.c.obj (.text:strlen)
                  000029b4    00000012                                   : copy_zero_init.c.obj (.text:decompress:ZI:__TI_zero_init_nomemset:__TI_zero_init_nomemset)
                  000029c6    00000012                                   : wcslen.c.obj (.text:wcslen)
                  000029d8    00000010     driverlib.lib : interrupt.obj (.text:IntMasterDisable)
                  000029e8    00000010                   : interrupt.obj (.text:IntMasterEnable)
                  000029f8    00000010     lcd.obj (.text:lcd_clear)
                  00002a08    0000000e     rtsv7M4_T_le_v4SPD16_eabi.lib : copy_decompress_none.c.obj (.text:decompress:none:__TI_decompress_none)
                  00002a16    0000000c     driverlib.lib : cpu.obj (.text:CPUcpsid)
                  00002a22    0000000c                   : cpu.obj (.text:CPUcpsie)
                  00002a2e    0000000c     tm4c123gh6pm_startup_ccs.obj (.text)
                  00002a3a    00000002     --HOLE-- [fill = 0]
                  00002a3c    00000008     rtsv7M4_T_le_v4SPD16_eabi.lib : errno.c.obj (.text:__aeabi_errno_addr)
                  00002a44    00000004                                   : pre_init.c.obj (.text:_system_pre_init)
                  00002a48    00000004                                   : exit.c.obj (.text:abort:abort)

.const     0    00002a4c    0000011e     
                  00002a4c    00000101     rtsv7M4_T_le_v4SPD16_eabi.lib : ctype.c.obj (.const:.string:_ctypes_)
                  00002b4d    00000015     lcd.obj (.const:.string:$P$T0$4)
                  00002b62    00000004     lcd.obj (.const:.string:lineAddress$1)
                  00002b66    00000004     lcd.obj (.const:.string:lineAddresses$2)

.cinit     0    00002b70    00000040     
                  00002b70    0000000c     (__TI_handler_table)
                  00002b7c    00000004     --HOLE-- [fill = 0]
                  00002b80    00000008     (.cinit..bss.load) [load image, compression = zero_init]
                  00002b88    00000008     (.cinit..data.load) [load image, compression = lzss]
                  00002b90    00000008     (.cinit..vtable.load) [load image, compression = zero_init]
                  00002b98    00000018     (__TI_cinit_table)

.init_array 
*          0    00000000    00000000     UNINITIALIZED

.vtable    0    20000000    0000026c     UNINITIALIZED
                  20000000    0000026c     driverlib.lib : interrupt.obj (.vtable)

.stack     0    20000270    00001000     UNINITIALIZED
                  20000270    00000004     rtsv7M4_T_le_v4SPD16_eabi.lib : boot_cortex_m.c.obj (.stack)
                  20000274    00000ffc     --HOLE--

.sysmem    0    20001270    00001000     UNINITIALIZED
                  20001270    00000008     rtsv7M4_T_le_v4SPD16_eabi.lib : memory.c.obj (.sysmem)
                  20001278    00000ff8     --HOLE--

.bss       0    20002270    00000069     UNINITIALIZED
                  20002270    00000054     lcd.obj (.bss:lastbuffer$3)
                  200022c4    00000014     (.common:result)
                  200022d8    00000001     (.common:c)

.data      0    200022dc    00000018     UNINITIALIZED
                  200022dc    0000000c     ping.obj (.data)
                  200022e8    00000008     UART.obj (.data)
                  200022f0    00000004     rtsv7M4_T_le_v4SPD16_eabi.lib : errno.c.obj (.data)

MODULE SUMMARY

       Module                         code    ro data   rw data
       ------                         ----    -------   -------
    .\
       lcd.obj                        980     29        84     
       tm4c123gh6pm_startup_ccs.obj   12      620       0      
       ping.obj                       492     0         12     
       UART.obj                       424     0         29     
       timer.obj                      344     0         0      
       main.obj                       64      0         0      
    +--+------------------------------+-------+---------+---------+
       Total:                         2316    649       125    
                                                               
    C:/ti/TivaWare_C_Series-2.1.4.178/driverlib/ccs/Debug/driverlib.lib
       interrupt.obj                  84      0         620    
       cpu.obj                        24      0         0      
    +--+------------------------------+-------+---------+---------+
       Total:                         108     0         620    
                                                               
    C:\ti\ccsv8\tools\compiler\ti-cgt-arm_18.1.2.LTS\lib\rtsv7M4_T_le_v4SPD16_eabi.lib
       _printfi.c.obj                 4863    0         0      
       fd_add_t2.asm.obj              438     0         0      
       fd_div_t2.asm.obj              310     0         0      
       s_scalbn.c.obj                 272     0         0      
       fd_cmp_t2.asm.obj              268     0         0      
       ctype.c.obj                    0       257       0      
       fd_mul_t2.asm.obj              252     0         0      
       memcpy_t2.asm.obj              156     0         0      
       ull_div_t2.asm.obj             150     0         0      
       vsnprintf.c.obj                136     0         0      
       memset_t2.asm.obj              122     0         0      
       copy_decompress_lzss.c.obj     104     0         0      
       s_frexp.c.obj                  100     0         0      
       ltoa.c.obj                     84      0         0      
       atoi.c.obj                     76      0         0      
       fd_toi_t2.asm.obj              72      0         0      
       autoinit.c.obj                 68      0         0      
       boot_cortex_m.c.obj            56      0         0      
       i_tofd_t2.asm.obj              46      0         0      
       memccpy.c.obj                  28      0         0      
       strcmp.c.obj                   24      0         0      
       strchr.c.obj                   22      0         0      
       s_copysign.c.obj               20      0         0      
       strcpy.c.obj                   20      0         0      
       strlen.c.obj                   20      0         0      
       copy_zero_init.c.obj           18      0         0      
       wcslen.c.obj                   18      0         0      
       copy_decompress_none.c.obj     14      0         0      
       errno.c.obj                    8       0         4      
       exit.c.obj                     4       0         0      
       pre_init.c.obj                 4       0         0      
       div0.asm.obj                   2       0         0      
    +--+------------------------------+-------+---------+---------+
       Total:                         7775    257       4      
                                                               
       Heap:                          0       0         4096   
       Stack:                         0       0         4096   
       Linker Generated:              0       60        0      
    +--+------------------------------+-------+---------+---------+
       Grand Total:                   10199   966       8941   


LINKER GENERATED COPY TABLES

__TI_cinit_table @ 00002b98 records: 3, size/record: 8, table size: 24
	.bss: load addr=00002b80, load size=00000008 bytes, run addr=20002270, run size=00000069 bytes, compression=zero_init
	.data: load addr=00002b88, load size=00000008 bytes, run addr=200022dc, run size=00000018 bytes, compression=lzss
	.vtable: load addr=00002b90, load size=00000008 bytes, run addr=20000000, run size=0000026c bytes, compression=zero_init


LINKER GENERATED HANDLER TABLE

__TI_handler_table @ 00002b70 records: 3, size/record: 4, table size: 12
	index: 0, handler: __TI_zero_init
	index: 1, handler: __TI_decompress_lzss
	index: 2, handler: __TI_decompress_none


GLOBAL SYMBOLS: SORTED ALPHABETICALLY BY Name 

address   name                          
-------   ----                          
00002a49  C$$EXIT                       
00002a17  CPUcpsid                      
00002a23  CPUcpsie                      
000029d9  IntMasterDisable              
000029e9  IntMasterEnable               
00002885  IntRegister                   
0000191d  My_UART1_Handler              
00002a2f  ResetISR                      
20001270  __STACK_END                   
00001000  __STACK_SIZE                  
20000470  __STACK_TOP                   
00001000  __SYSMEM_SIZE                 
00002b98  __TI_CINIT_Base               
00002bb0  __TI_CINIT_Limit              
00002b70  __TI_Handler_Table_Base       
00002b7c  __TI_Handler_Table_Limit      
00002749  __TI_auto_init_nobinit_nopinit
000024ed  __TI_decompress_lzss          
00002a09  __TI_decompress_none          
ffffffff  __TI_pprof_out_hndl           
0000026d  __TI_printfi                  
ffffffff  __TI_prof_data_size           
ffffffff  __TI_prof_data_start          
00000000  __TI_static_base__            
000029b5  __TI_zero_init_nomemset       
000022f9  __aeabi_cdcmpeq               
000022f9  __aeabi_cdcmple               
0000237f  __aeabi_cdrcmple              
00002701  __aeabi_d2iz                  
000016c7  __aeabi_dadd                  
00001cb1  __aeabi_ddiv                  
00002019  __aeabi_dmul                  
000016bd  __aeabi_dsub                  
00002a3d  __aeabi_errno_addr            
000028e9  __aeabi_i2d                   
00000ccb  __aeabi_idiv0                 
00000ccb  __aeabi_ldiv0                 
00002405  __aeabi_memclr                
00002405  __aeabi_memclr4               
00002405  __aeabi_memclr8               
000021c7  __aeabi_memcpy                
000021c7  __aeabi_memcpy4               
000021c7  __aeabi_memcpy8               
00002407  __aeabi_memset                
00002407  __aeabi_memset4               
00002407  __aeabi_memset8               
00002263  __aeabi_uldivmod              
ffffffff  __binit__                     
ffffffff  __c_args__                    
UNDEFED   __mpu_init                    
20000270  __stack                       
0000284d  _c_int00_noargs               
00002a4c  _ctypes_                      
20001270  _sys_memory                   
UNDEFED   _system_post_cinit            
00002a45  _system_pre_init              
00002a49  abort                         
000026b5  atoi                          
ffffffff  binit                         
200022d8  c                             
00002979  copysign                      
00002979  copysignl                     
200022ec  count                         
200022e0  end                           
200022f0  errno                         
200022e8  flag                          
00002555  frexp                         
00002555  frexpl                        
20000000  g_pfnRAMVectors               
00000000  g_pfnVectors                  
00001021  lcd_banner_effect             
000029f9  lcd_clear                     
00000e65  lcd_gotoLine                  
00000ccd  lcd_init                      
00000ecb  lcd_printf                    
00000d8d  lcd_putc                      
00000dc5  lcd_puts                      
00000f9d  lcd_rotatingBanner            
00000de3  lcd_sendCommand               
00000e21  lcd_sendNibble                
00000e8d  lcd_setCursorPos              
00001f09  ldexp                         
00001f09  ldexpl                        
0000105b  length                        
0000260f  ltoa                          
0000278d  main                          
00002917  memccpy                       
000021c7  memcpy                        
0000240d  memset                        
00001301  ping_init                     
00001455  ping_interrupt_handler        
000013ad  ping_read                     
000013f7  ping_send                     
200022c4  result                        
00001f09  scalbn                        
00001f09  scalbnl                       
200022dc  start                         
200022e4  state                         
00002963  strchr                        
0000294b  strcmp                        
0000298d  strcpy                        
000029a1  strlen                        
00001b2d  timer_getClock                
00001ae1  timer_startClock              
00001a7b  timer_startTimer              
00001b33  timer_stopClock               
00001acb  timer_stopTimer               
00001a51  timer_waitMicros              
00001a1d  timer_waitMillis              
00001875  uart_init                     
000018e9  uart_interrupts_init          
00001967  uart_receive                  
00001985  uart_sendChar                 
000019a1  uart_sendStr                  
000027cd  vsnprintf                     
000029c7  wcslen                        


GLOBAL SYMBOLS: SORTED BY Symbol Address 

address   name                          
-------   ----                          
00000000  __TI_static_base__            
00000000  g_pfnVectors                  
0000026d  __TI_printfi                  
00000ccb  __aeabi_idiv0                 
00000ccb  __aeabi_ldiv0                 
00000ccd  lcd_init                      
00000d8d  lcd_putc                      
00000dc5  lcd_puts                      
00000de3  lcd_sendCommand               
00000e21  lcd_sendNibble                
00000e65  lcd_gotoLine                  
00000e8d  lcd_setCursorPos              
00000ecb  lcd_printf                    
00000f9d  lcd_rotatingBanner            
00001000  __STACK_SIZE                  
00001000  __SYSMEM_SIZE                 
00001021  lcd_banner_effect             
0000105b  length                        
00001301  ping_init                     
000013ad  ping_read                     
000013f7  ping_send                     
00001455  ping_interrupt_handler        
000016bd  __aeabi_dsub                  
000016c7  __aeabi_dadd                  
00001875  uart_init                     
000018e9  uart_interrupts_init          
0000191d  My_UART1_Handler              
00001967  uart_receive                  
00001985  uart_sendChar                 
000019a1  uart_sendStr                  
00001a1d  timer_waitMillis              
00001a51  timer_waitMicros              
00001a7b  timer_startTimer              
00001acb  timer_stopTimer               
00001ae1  timer_startClock              
00001b2d  timer_getClock                
00001b33  timer_stopClock               
00001cb1  __aeabi_ddiv                  
00001f09  ldexp                         
00001f09  ldexpl                        
00001f09  scalbn                        
00001f09  scalbnl                       
00002019  __aeabi_dmul                  
000021c7  __aeabi_memcpy                
000021c7  __aeabi_memcpy4               
000021c7  __aeabi_memcpy8               
000021c7  memcpy                        
00002263  __aeabi_uldivmod              
000022f9  __aeabi_cdcmpeq               
000022f9  __aeabi_cdcmple               
0000237f  __aeabi_cdrcmple              
00002405  __aeabi_memclr                
00002405  __aeabi_memclr4               
00002405  __aeabi_memclr8               
00002407  __aeabi_memset                
00002407  __aeabi_memset4               
00002407  __aeabi_memset8               
0000240d  memset                        
000024ed  __TI_decompress_lzss          
00002555  frexp                         
00002555  frexpl                        
0000260f  ltoa                          
000026b5  atoi                          
00002701  __aeabi_d2iz                  
00002749  __TI_auto_init_nobinit_nopinit
0000278d  main                          
000027cd  vsnprintf                     
0000284d  _c_int00_noargs               
00002885  IntRegister                   
000028e9  __aeabi_i2d                   
00002917  memccpy                       
0000294b  strcmp                        
00002963  strchr                        
00002979  copysign                      
00002979  copysignl                     
0000298d  strcpy                        
000029a1  strlen                        
000029b5  __TI_zero_init_nomemset       
000029c7  wcslen                        
000029d9  IntMasterDisable              
000029e9  IntMasterEnable               
000029f9  lcd_clear                     
00002a09  __TI_decompress_none          
00002a17  CPUcpsid                      
00002a23  CPUcpsie                      
00002a2f  ResetISR                      
00002a3d  __aeabi_errno_addr            
00002a45  _system_pre_init              
00002a49  C$$EXIT                       
00002a49  abort                         
00002a4c  _ctypes_                      
00002b70  __TI_Handler_Table_Base       
00002b7c  __TI_Handler_Table_Limit      
00002b98  __TI_CINIT_Base               
00002bb0  __TI_CINIT_Limit              
20000000  g_pfnRAMVectors               
20000270  __stack                       
20000470  __STACK_TOP                   
20001270  __STACK_END                   
20001270  _sys_memory                   
200022c4  result                        
200022d8  c                             
200022dc  start                         
200022e0  end                           
200022e4  state                         
200022e8  flag                          
200022ec  count                         
200022f0  errno                         
ffffffff  __TI_pprof_out_hndl           
ffffffff  __TI_prof_data_size           
ffffffff  __TI_prof_data_start          
ffffffff  __binit__                     
ffffffff  __c_args__                    
ffffffff  binit                         
UNDEFED   __mpu_init                    
UNDEFED   _system_post_cinit            

[116 symbols]
