******************************************************************************
                  TI ARM Linker PC v18.1.2                     
******************************************************************************
>> Linked Tue Apr  2 10:23:09 2019

OUTPUT FILE NAME:   <Lab8.out>
ENTRY POINT SYMBOL: "_c_int00_noargs"  address: 00002bbd


MEMORY CONFIGURATION

         name            origin    length      used     unused   attr    fill
----------------------  --------  ---------  --------  --------  ----  --------
  FLASH                 00000000   00040000  00002f06  0003d0fa  R  X
  SRAM                  20000000   00008000  000022ee  00005d12  RW X


SEGMENT ALLOCATION MAP

run origin  load origin   length   init length attrs members
----------  ----------- ---------- ----------- ----- -------
00000000    00000000    00002f08   00002f08    r-x
  00000000    00000000    0000026c   0000026c    r-- .intvecs
  0000026c    0000026c    00002b34   00002b34    r-x .text
  00002da0    00002da0    0000011e   0000011e    r-- .const
  00002ec0    00002ec0    00000048   00000048    r-- .cinit
20000000    20000000    000022f9   00000000    rw-
  20000000    20000000    0000026c   00000000    rw- .vtable
  20000270    20000270    00001000   00000000    rw- .stack
  20001270    20001270    00001000   00000000    rw- .sysmem
  20002270    20002270    00000069   00000000    rw- .bss
  200022e0    200022e0    00000019   00000000    rw- .data


SECTION ALLOCATION MAP

 output                                  attributes/
section   page    origin      length       input sections
--------  ----  ----------  ----------   ----------------
.intvecs   0    00000000    0000026c     
                  00000000    0000026c     tm4c123gh6pm_startup_ccs.obj (.intvecs)

.text      0    0000026c    00002b34     
                  0000026c    00000a5e     rtsv7M4_T_le_v4SPD16_eabi.lib : _printfi.c.obj (.text:__TI_printfi)
                  00000cca    00000002                                   : div0.asm.obj (.text)
                  00000ccc    000003c4     lcd.obj (.text)
                  00001090    00000298     servo.obj (.text)
                  00001328    00000274     ping.obj (.text)
                  0000159c    00000270     rtsv7M4_T_le_v4SPD16_eabi.lib : _printfi.c.obj (.text:_pconv_a)
                  0000180c    000001d0                                   : _printfi.c.obj (.text:_pconv_g)
                  000019dc    000001b6                                   : fd_add_t2.asm.obj (.text)
                  00001b92    00000002     --HOLE-- [fill = 0]
                  00001b94    00000158     timer.obj (.text)
                  00001cec    00000150     button.obj (.text)
                  00001e3c    0000013c     rtsv7M4_T_le_v4SPD16_eabi.lib : _printfi.c.obj (.text:_pconv_e)
                  00001f78    00000136                                   : fd_div_t2.asm.obj (.text)
                  000020ae    00000002     --HOLE-- [fill = 0]
                  000020b0    00000120                                   : _printfi.c.obj (.text:fcvt)
                  000021d0    00000110                                   : s_scalbn.c.obj (.text:scalbn)
                  000022e0    000000fc                                   : fd_mul_t2.asm.obj (.text)
                  000023dc    000000b1                                   : _printfi.c.obj (.text:_ltostr)
                  0000248d    00000003     --HOLE-- [fill = 0]
                  00002490    000000a0     main.obj (.text)
                  00002530    0000009c     rtsv7M4_T_le_v4SPD16_eabi.lib : memcpy_t2.asm.obj (.text)
                  000025cc    00000096                                   : ull_div_t2.asm.obj (.text)
                  00002662    00000086                                   : fd_cmp_t2.asm.obj (.text:__aeabi_cdcmple)
                  000026e8    00000086                                   : fd_cmp_t2.asm.obj (.text:__aeabi_cdrcmple)
                  0000276e    0000007a                                   : memset_t2.asm.obj (.text)
                  000027e8    0000006e                                   : _printfi.c.obj (.text:_mcpy)
                  00002856    00000068                                   : copy_decompress_lzss.c.obj (.text:decompress:lzss:__TI_decompress_lzss)
                  000028be    00000002     --HOLE-- [fill = 0]
                  000028c0    00000064                                   : s_frexp.c.obj (.text:frexp)
                  00002924    00000056                                   : _printfi.c.obj (.text:_pconv_f)
                  0000297a    00000054                                   : ltoa.c.obj (.text:ltoa)
                  000029ce    00000052                                   : _printfi.c.obj (.text:_ecpy)
                  00002a20    0000004c                                   : atoi.c.obj (.text:atoi)
                  00002a6c    00000048                                   : fd_toi_t2.asm.obj (.text)
                  00002ab4    00000044                                   : autoinit.c.obj (.text:__TI_auto_init_nobinit_nopinit:__TI_auto_init_nobinit_nopinit)
                  00002af8    00000044                                   : fd_tou_t2.asm.obj (.text)
                  00002b3c    00000040                                   : vsnprintf.c.obj (.text:vsnprintf)
                  00002b7c    0000003e                                   : _printfi.c.obj (.text:_fcpy)
                  00002bba    00000002     --HOLE-- [fill = 0]
                  00002bbc    00000038                                   : boot_cortex_m.c.obj (.text:_c_int00_noargs:_c_int00_noargs)
                  00002bf4    00000034     driverlib.lib : interrupt.obj (.text:IntRegister)
                  00002c28    00000030     rtsv7M4_T_le_v4SPD16_eabi.lib : vsnprintf.c.obj (.text:_outs)
                  00002c58    0000002e                                   : i_tofd_t2.asm.obj (.text)
                  00002c86    0000001c                                   : memccpy.c.obj (.text:memccpy)
                  00002ca2    00000018                                   : vsnprintf.c.obj (.text:_outc)
                  00002cba    00000018                                   : strcmp.c.obj (.text:strcmp)
                  00002cd2    00000016                                   : strchr.c.obj (.text:strchr)
                  00002ce8    00000014                                   : s_copysign.c.obj (.text:copysign)
                  00002cfc    00000014                                   : strcpy.c.obj (.text:strcpy)
                  00002d10    00000014                                   : strlen.c.obj (.text:strlen)
                  00002d24    00000012                                   : copy_zero_init.c.obj (.text:decompress:ZI:__TI_zero_init_nomemset:__TI_zero_init_nomemset)
                  00002d36    00000012                                   : wcslen.c.obj (.text:wcslen)
                  00002d48    00000010     driverlib.lib : interrupt.obj (.text:IntMasterEnable)
                  00002d58    00000010     lcd.obj (.text:lcd_clear)
                  00002d68    0000000e     rtsv7M4_T_le_v4SPD16_eabi.lib : copy_decompress_none.c.obj (.text:decompress:none:__TI_decompress_none)
                  00002d76    0000000c     driverlib.lib : cpu.obj (.text:CPUcpsie)
                  00002d82    0000000c     tm4c123gh6pm_startup_ccs.obj (.text)
                  00002d8e    00000002     --HOLE-- [fill = 0]
                  00002d90    00000008     rtsv7M4_T_le_v4SPD16_eabi.lib : errno.c.obj (.text:__aeabi_errno_addr)
                  00002d98    00000004                                   : pre_init.c.obj (.text:_system_pre_init)
                  00002d9c    00000004                                   : exit.c.obj (.text:abort:abort)

.const     0    00002da0    0000011e     
                  00002da0    00000101     rtsv7M4_T_le_v4SPD16_eabi.lib : ctype.c.obj (.const:.string:_ctypes_)
                  00002ea1    00000015     lcd.obj (.const:.string:$P$T0$4)
                  00002eb6    00000004     lcd.obj (.const:.string:lineAddress$1)
                  00002eba    00000004     lcd.obj (.const:.string:lineAddresses$2)

.cinit     0    00002ec0    00000048     
                  00002ec0    0000000e     (.cinit..data.load) [load image, compression = lzss]
                  00002ece    00000002     --HOLE-- [fill = 0]
                  00002ed0    0000000c     (__TI_handler_table)
                  00002edc    00000004     --HOLE-- [fill = 0]
                  00002ee0    00000008     (.cinit..bss.load) [load image, compression = zero_init]
                  00002ee8    00000008     (.cinit..vtable.load) [load image, compression = zero_init]
                  00002ef0    00000018     (__TI_cinit_table)

.init_array 
*          0    00000000    00000000     UNINITIALIZED

.vtable    0    20000000    0000026c     UNINITIALIZED
                  20000000    0000026c     driverlib.lib : interrupt.obj (.vtable)

.stack     0    20000270    00001000     UNINITIALIZED
                  20000270    00000004     rtsv7M4_T_le_v4SPD16_eabi.lib : boot_cortex_m.c.obj (.stack)
                  20000274    00000ffc     --HOLE--

.sysmem    0    20001270    00001000     UNINITIALIZED
                  20001270    00000008     rtsv7M4_T_le_v4SPD16_eabi.lib : memory.c.obj (.sysmem)
                  20001278    00000ff8     --HOLE--

.bss       0    20002270    00000069     UNINITIALIZED
                  20002270    00000054     lcd.obj (.bss:lastbuffer$3)
                  200022c4    00000004     (.common:OverFlow_ptr)
                  200022c8    00000004     (.common:button_event_ptr)
                  200022cc    00000004     (.common:button_num_ptr)
                  200022d0    00000004     (.common:clockCycle_ptr)
                  200022d4    00000004     (.common:matcher)
                  200022d8    00000001     (.common:state)

.data      0    200022e0    00000019     UNINITIALIZED
                  200022e0    0000000c     servo.obj (.data)
                  200022ec    00000008     ping.obj (.data)
                  200022f4    00000004     rtsv7M4_T_le_v4SPD16_eabi.lib : errno.c.obj (.data)
                  200022f8    00000001     button.obj (.data)

MODULE SUMMARY

       Module                         code    ro data   rw data
       ------                         ----    -------   -------
    .\
       lcd.obj                        980     29        84     
       servo.obj                      664     0         16     
       ping.obj                       628     0         17     
       tm4c123gh6pm_startup_ccs.obj   12      620       0      
       button.obj                     336     0         9      
       timer.obj                      344     0         0      
       main.obj                       160     0         0      
    +--+------------------------------+-------+---------+---------+
       Total:                         3124    649       126    
                                                               
    C:/ti/TivaWare_C_Series-2.1.4.178/driverlib/ccs/Debug/driverlib.lib
       interrupt.obj                  68      0         620    
       cpu.obj                        12      0         0      
    +--+------------------------------+-------+---------+---------+
       Total:                         80      0         620    
                                                               
    C:\ti\ccsv8\tools\compiler\ti-cgt-arm_18.1.2.LTS\lib\rtsv7M4_T_le_v4SPD16_eabi.lib
       _printfi.c.obj                 4863    0         0      
       fd_add_t2.asm.obj              438     0         0      
       fd_div_t2.asm.obj              310     0         0      
       s_scalbn.c.obj                 272     0         0      
       fd_cmp_t2.asm.obj              268     0         0      
       ctype.c.obj                    0       257       0      
       fd_mul_t2.asm.obj              252     0         0      
       memcpy_t2.asm.obj              156     0         0      
       ull_div_t2.asm.obj             150     0         0      
       vsnprintf.c.obj                136     0         0      
       memset_t2.asm.obj              122     0         0      
       copy_decompress_lzss.c.obj     104     0         0      
       s_frexp.c.obj                  100     0         0      
       ltoa.c.obj                     84      0         0      
       atoi.c.obj                     76      0         0      
       fd_toi_t2.asm.obj              72      0         0      
       autoinit.c.obj                 68      0         0      
       fd_tou_t2.asm.obj              68      0         0      
       boot_cortex_m.c.obj            56      0         0      
       i_tofd_t2.asm.obj              46      0         0      
       memccpy.c.obj                  28      0         0      
       strcmp.c.obj                   24      0         0      
       strchr.c.obj                   22      0         0      
       s_copysign.c.obj               20      0         0      
       strcpy.c.obj                   20      0         0      
       strlen.c.obj                   20      0         0      
       copy_zero_init.c.obj           18      0         0      
       wcslen.c.obj                   18      0         0      
       copy_decompress_none.c.obj     14      0         0      
       errno.c.obj                    8       0         4      
       exit.c.obj                     4       0         0      
       pre_init.c.obj                 4       0         0      
       div0.asm.obj                   2       0         0      
    +--+------------------------------+-------+---------+---------+
       Total:                         7843    257       4      
                                                               
       Heap:                          0       0         4096   
       Stack:                         0       0         4096   
       Linker Generated:              0       66        0      
    +--+------------------------------+-------+---------+---------+
       Grand Total:                   11047   972       8942   


LINKER GENERATED COPY TABLES

__TI_cinit_table @ 00002ef0 records: 3, size/record: 8, table size: 24
	.data: load addr=00002ec0, load size=0000000e bytes, run addr=200022e0, run size=00000019 bytes, compression=lzss
	.bss: load addr=00002ee0, load size=00000008 bytes, run addr=20002270, run size=00000069 bytes, compression=zero_init
	.vtable: load addr=00002ee8, load size=00000008 bytes, run addr=20000000, run size=0000026c bytes, compression=zero_init


LINKER GENERATED HANDLER TABLE

__TI_handler_table @ 00002ed0 records: 3, size/record: 4, table size: 12
	index: 0, handler: __TI_zero_init
	index: 1, handler: __TI_decompress_lzss
	index: 2, handler: __TI_decompress_none


GLOBAL SYMBOLS: SORTED ALPHABETICALLY BY Name 

address   name                          
-------   ----                          
00002d9d  C$$EXIT                       
00002d77  CPUcpsie                      
000010f9  GPIO_portb_init               
00002d49  IntMasterEnable               
00002bf5  IntRegister                   
200022c4  OverFlow_ptr                  
00002d83  ResetISR                      
20001270  __STACK_END                   
00001000  __STACK_SIZE                  
20000470  __STACK_TOP                   
00001000  __SYSMEM_SIZE                 
00002ef0  __TI_CINIT_Base               
00002f08  __TI_CINIT_Limit              
00002ed0  __TI_Handler_Table_Base       
00002edc  __TI_Handler_Table_Limit      
00002ab5  __TI_auto_init_nobinit_nopinit
00002857  __TI_decompress_lzss          
00002d69  __TI_decompress_none          
ffffffff  __TI_pprof_out_hndl           
0000026d  __TI_printfi                  
ffffffff  __TI_prof_data_size           
ffffffff  __TI_prof_data_start          
00000000  __TI_static_base__            
00002d25  __TI_zero_init_nomemset       
00002663  __aeabi_cdcmpeq               
00002663  __aeabi_cdcmple               
000026e9  __aeabi_cdrcmple              
00002a6d  __aeabi_d2iz                  
00002af9  __aeabi_d2uiz                 
000019e7  __aeabi_dadd                  
00001f79  __aeabi_ddiv                  
000022e1  __aeabi_dmul                  
000019dd  __aeabi_dsub                  
00002d91  __aeabi_errno_addr            
00002c59  __aeabi_i2d                   
00000ccb  __aeabi_idiv0                 
00000ccb  __aeabi_ldiv0                 
0000276f  __aeabi_memclr                
0000276f  __aeabi_memclr4               
0000276f  __aeabi_memclr8               
00002531  __aeabi_memcpy                
00002531  __aeabi_memcpy4               
00002531  __aeabi_memcpy8               
00002771  __aeabi_memset                
00002771  __aeabi_memset4               
00002771  __aeabi_memset8               
000025cd  __aeabi_uldivmod              
ffffffff  __binit__                     
ffffffff  __c_args__                    
UNDEFED   __mpu_init                    
20000270  __stack                       
00002bbd  _c_int00_noargs               
00002da0  _ctypes_                      
20001270  _sys_memory                   
UNDEFED   _system_post_cinit            
00002d99  _system_pre_init              
00002d9d  abort                         
00001505  add_ptrs                      
00002a21  atoi                          
ffffffff  binit                         
00001d91  button_checkButtons           
200022c8  button_event_ptr              
00001d9b  button_getButton              
00001ced  button_init                   
200022cc  button_num_ptr                
200022d0  clockCycle_ptr                
200022e8  clockwise                     
00002ce9  copysign                      
00002ce9  copysignl                     
200022e0  current_degree                
200022f0  end                           
200022f4  errno                         
000028c1  frexp                         
000028c1  frexpl                        
20000000  g_pfnRAMVectors               
00000000  g_pfnVectors                  
00001d6d  gpioe_handler                 
00001d19  init_button_interrupts        
00001021  lcd_banner_effect             
00002d59  lcd_clear                     
00000e65  lcd_gotoLine                  
00000ccd  lcd_init                      
00000ecb  lcd_printf                    
00000d8d  lcd_putc                      
00000dc5  lcd_puts                      
00000f9d  lcd_rotatingBanner            
00000de3  lcd_sendCommand               
00000e21  lcd_sendNibble                
00000e8d  lcd_setCursorPos              
000021d1  ldexp                         
000021d1  ldexpl                        
0000105b  length                        
0000297b  ltoa                          
00002491  main                          
200022d4  matcher                       
00002c87  memccpy                       
00002531  memcpy                        
00002777  memset                        
00001329  ping_init                     
000014bd  ping_interrupt_handler        
000013d7  ping_read                     
00001461  ping_send                     
000021d1  scalbn                        
000021d1  scalbnl                       
00001179  servo_button_press            
000012a3  servo_get_degree              
00001091  servo_init                    
00001123  servo_move                    
200022ec  start                         
200022d8  state                         
00002cd3  strchr                        
00002cbb  strcmp                        
00002cfd  strcpy                        
00002d11  strlen                        
00001ca5  timer_getClock                
00001c59  timer_startClock              
00001bf3  timer_startTimer              
00001cab  timer_stopClock               
00001c43  timer_stopTimer               
00001bc9  timer_waitMicros              
00001b95  timer_waitMillis              
00002b3d  vsnprintf                     
00002d37  wcslen                        


GLOBAL SYMBOLS: SORTED BY Symbol Address 

address   name                          
-------   ----                          
00000000  __TI_static_base__            
00000000  g_pfnVectors                  
0000026d  __TI_printfi                  
00000ccb  __aeabi_idiv0                 
00000ccb  __aeabi_ldiv0                 
00000ccd  lcd_init                      
00000d8d  lcd_putc                      
00000dc5  lcd_puts                      
00000de3  lcd_sendCommand               
00000e21  lcd_sendNibble                
00000e65  lcd_gotoLine                  
00000e8d  lcd_setCursorPos              
00000ecb  lcd_printf                    
00000f9d  lcd_rotatingBanner            
00001000  __STACK_SIZE                  
00001000  __SYSMEM_SIZE                 
00001021  lcd_banner_effect             
0000105b  length                        
00001091  servo_init                    
000010f9  GPIO_portb_init               
00001123  servo_move                    
00001179  servo_button_press            
000012a3  servo_get_degree              
00001329  ping_init                     
000013d7  ping_read                     
00001461  ping_send                     
000014bd  ping_interrupt_handler        
00001505  add_ptrs                      
000019dd  __aeabi_dsub                  
000019e7  __aeabi_dadd                  
00001b95  timer_waitMillis              
00001bc9  timer_waitMicros              
00001bf3  timer_startTimer              
00001c43  timer_stopTimer               
00001c59  timer_startClock              
00001ca5  timer_getClock                
00001cab  timer_stopClock               
00001ced  button_init                   
00001d19  init_button_interrupts        
00001d6d  gpioe_handler                 
00001d91  button_checkButtons           
00001d9b  button_getButton              
00001f79  __aeabi_ddiv                  
000021d1  ldexp                         
000021d1  ldexpl                        
000021d1  scalbn                        
000021d1  scalbnl                       
000022e1  __aeabi_dmul                  
00002491  main                          
00002531  __aeabi_memcpy                
00002531  __aeabi_memcpy4               
00002531  __aeabi_memcpy8               
00002531  memcpy                        
000025cd  __aeabi_uldivmod              
00002663  __aeabi_cdcmpeq               
00002663  __aeabi_cdcmple               
000026e9  __aeabi_cdrcmple              
0000276f  __aeabi_memclr                
0000276f  __aeabi_memclr4               
0000276f  __aeabi_memclr8               
00002771  __aeabi_memset                
00002771  __aeabi_memset4               
00002771  __aeabi_memset8               
00002777  memset                        
00002857  __TI_decompress_lzss          
000028c1  frexp                         
000028c1  frexpl                        
0000297b  ltoa                          
00002a21  atoi                          
00002a6d  __aeabi_d2iz                  
00002ab5  __TI_auto_init_nobinit_nopinit
00002af9  __aeabi_d2uiz                 
00002b3d  vsnprintf                     
00002bbd  _c_int00_noargs               
00002bf5  IntRegister                   
00002c59  __aeabi_i2d                   
00002c87  memccpy                       
00002cbb  strcmp                        
00002cd3  strchr                        
00002ce9  copysign                      
00002ce9  copysignl                     
00002cfd  strcpy                        
00002d11  strlen                        
00002d25  __TI_zero_init_nomemset       
00002d37  wcslen                        
00002d49  IntMasterEnable               
00002d59  lcd_clear                     
00002d69  __TI_decompress_none          
00002d77  CPUcpsie                      
00002d83  ResetISR                      
00002d91  __aeabi_errno_addr            
00002d99  _system_pre_init              
00002d9d  C$$EXIT                       
00002d9d  abort                         
00002da0  _ctypes_                      
00002ed0  __TI_Handler_Table_Base       
00002edc  __TI_Handler_Table_Limit      
00002ef0  __TI_CINIT_Base               
00002f08  __TI_CINIT_Limit              
20000000  g_pfnRAMVectors               
20000270  __stack                       
20000470  __STACK_TOP                   
20001270  __STACK_END                   
20001270  _sys_memory                   
200022c4  OverFlow_ptr                  
200022c8  button_event_ptr              
200022cc  button_num_ptr                
200022d0  clockCycle_ptr                
200022d4  matcher                       
200022d8  state                         
200022e0  current_degree                
200022e8  clockwise                     
200022ec  start                         
200022f0  end                           
200022f4  errno                         
ffffffff  __TI_pprof_out_hndl           
ffffffff  __TI_prof_data_size           
ffffffff  __TI_prof_data_start          
ffffffff  __binit__                     
ffffffff  __c_args__                    
ffffffff  binit                         
UNDEFED   __mpu_init                    
UNDEFED   _system_post_cinit            

[123 symbols]
