******************************************************************************
                  TI ARM Linker PC v18.1.2                     
******************************************************************************
>> Linked Tue Apr  9 14:31:40 2019

OUTPUT FILE NAME:   <Lab9.out>
ENTRY POINT SYMBOL: "_c_int00_noargs"  address: 00004135


MEMORY CONFIGURATION

         name            origin    length      used     unused   attr    fill
----------------------  --------  ---------  --------  --------  ----  --------
  FLASH                 00000000   00040000  0000451d  0003bae3  R  X
  SRAM                  20000000   00008000  000026c2  0000593e  RW X


SEGMENT ALLOCATION MAP

run origin  load origin   length   init length attrs members
----------  ----------- ---------- ----------- ----- -------
00000000    00000000    00004528   00004528    r-x
  00000000    00000000    0000026c   0000026c    r-- .intvecs
  0000026c    0000026c    00004120   00004120    r-x .text
  00004390    00004390    00000151   00000151    r-- .const
  000044e8    000044e8    00000040   00000040    r-- .cinit
20000000    20000000    000026c8   00000000    rw-
  20000000    20000000    0000026c   00000000    rw- .vtable
  20000270    20000270    00001000   00000000    rw- .stack
  20001270    20001270    00001000   00000000    rw- .sysmem
  20002270    20002270    00000436   00000000    rw- .bss
  200026a8    200026a8    00000020   00000000    rw- .data


SECTION ALLOCATION MAP

 output                                  attributes/
section   page    origin      length       input sections
--------  ----  ----------  ----------   ----------------
.intvecs   0    00000000    0000026c     
                  00000000    0000026c     tm4c123gh6pm_startup_ccs.obj (.intvecs)

.text      0    0000026c    00004120     
                  0000026c    00000a5e     rtsv7M4_T_le_v4SPD16_eabi.lib : _printfi.c.obj (.text:__TI_printfi)
                  00000cca    00000002                                   : div0.asm.obj (.text)
                  00000ccc    000009c0                                   : e_pow.c.obj (.text:pow)
                  0000168c    000005ec     main.obj (.text)
                  00001c78    000003c4     lcd.obj (.text)
                  0000203c    00000298     servo.obj (.text)
                  000022d4    00000274     ping.obj (.text)
                  00002548    00000270     rtsv7M4_T_le_v4SPD16_eabi.lib : _printfi.c.obj (.text:_pconv_a)
                  000027b8    000001d0                                   : _printfi.c.obj (.text:_pconv_g)
                  00002988    000001b6                                   : fd_add_t2.asm.obj (.text)
                  00002b3e    00000002     --HOLE-- [fill = 0]
                  00002b40    000001ac     ADC_stuff.obj (.text)
                  00002cec    000001a8     UART.obj (.text)
                  00002e94    00000158     rtsv7M4_T_le_v4SPD16_eabi.lib : e_sqrt.c.obj (.text:sqrt)
                  00002fec    00000158     timer.obj (.text)
                  00003144    0000013c     rtsv7M4_T_le_v4SPD16_eabi.lib : _printfi.c.obj (.text:_pconv_e)
                  00003280    00000136                                   : fd_div_t2.asm.obj (.text)
                  000033b6    00000002     --HOLE-- [fill = 0]
                  000033b8    00000120                                   : _printfi.c.obj (.text:fcvt)
                  000034d8    00000110                                   : s_scalbn.c.obj (.text:scalbn)
                  000035e8    000000fc                                   : fd_mul_t2.asm.obj (.text)
                  000036e4    000000f8                                   : s_floor.c.obj (.text:floor)
                  000037dc    000000c0                                   : s_round.c.obj (.text:round)
                  0000389c    000000b1                                   : _printfi.c.obj (.text:_ltostr)
                  0000394d    00000003     --HOLE-- [fill = 0]
                  00003950    000000ac                                   : s_tanf.c.obj (.text:tanf)
                  000039fc    0000009c                                   : memcpy_t2.asm.obj (.text)
                  00003a98    00000096                                   : ull_div_t2.asm.obj (.text)
                  00003b2e    00000086                                   : fd_cmp_t2.asm.obj (.text:__aeabi_cdcmple)
                  00003bb4    00000086                                   : fd_cmp_t2.asm.obj (.text:__aeabi_cdrcmple)
                  00003c3a    0000007a                                   : memset_t2.asm.obj (.text)
                  00003cb4    0000006e                                   : _printfi.c.obj (.text:_mcpy)
                  00003d22    0000006e                                   : fd_tos_t2.asm.obj (.text)
                  00003d90    00000068                                   : copy_decompress_lzss.c.obj (.text:decompress:lzss:__TI_decompress_lzss)
                  00003df8    00000064                                   : s_frexp.c.obj (.text:frexp)
                  00003e5c    00000056                                   : _printfi.c.obj (.text:_pconv_f)
                  00003eb2    00000054                                   : ltoa.c.obj (.text:ltoa)
                  00003f06    00000052                                   : _printfi.c.obj (.text:_ecpy)
                  00003f58    0000004c                                   : atoi.c.obj (.text:atoi)
                  00003fa4    00000048                                   : fd_toi_t2.asm.obj (.text)
                  00003fec    00000044                                   : autoinit.c.obj (.text:__TI_auto_init_nobinit_nopinit:__TI_auto_init_nobinit_nopinit)
                  00004030    00000044                                   : fd_tou_t2.asm.obj (.text)
                  00004074    00000040                                   : sprintf.c.obj (.text:sprintf)
                  000040b4    00000040                                   : vsnprintf.c.obj (.text:vsnprintf)
                  000040f4    0000003e                                   : _printfi.c.obj (.text:_fcpy)
                  00004132    00000002     --HOLE-- [fill = 0]
                  00004134    00000038                                   : boot_cortex_m.c.obj (.text:_c_int00_noargs:_c_int00_noargs)
                  0000416c    00000038                                   : fs_tod_t2.asm.obj (.text)
                  000041a4    00000034     driverlib.lib : interrupt.obj (.text:IntRegister)
                  000041d8    00000030     rtsv7M4_T_le_v4SPD16_eabi.lib : vsnprintf.c.obj (.text:_outs)
                  00004208    0000002e                                   : i_tofd_t2.asm.obj (.text)
                  00004236    00000020                                   : u_tofd_t2.asm.obj (.text)
                  00004256    0000001c                                   : memccpy.c.obj (.text:memccpy)
                  00004272    00000018                                   : vsnprintf.c.obj (.text:_outc)
                  0000428a    00000018                                   : sprintf.c.obj (.text:_outs)
                  000042a2    00000018                                   : strcmp.c.obj (.text:strcmp)
                  000042ba    00000016                                   : strchr.c.obj (.text:strchr)
                  000042d0    00000014                                   : s_copysign.c.obj (.text:copysign)
                  000042e4    00000014                                   : strcpy.c.obj (.text:strcpy)
                  000042f8    00000014                                   : strlen.c.obj (.text:strlen)
                  0000430c    00000012                                   : wcslen.c.obj (.text:wcslen)
                  0000431e    00000010     driverlib.lib : interrupt.obj (.text:IntMasterEnable)
                  0000432e    00000010     lcd.obj (.text:lcd_clear)
                  0000433e    0000000e     rtsv7M4_T_le_v4SPD16_eabi.lib : copy_decompress_none.c.obj (.text:decompress:none:__TI_decompress_none)
                  0000434c    0000000c     driverlib.lib : cpu.obj (.text:CPUcpsie)
                  00004358    0000000c     rtsv7M4_T_le_v4SPD16_eabi.lib : copy_zero_init.c.obj (.text:decompress:ZI:__TI_zero_init)
                  00004364    0000000c     tm4c123gh6pm_startup_ccs.obj (.text)
                  00004370    0000000a     rtsv7M4_T_le_v4SPD16_eabi.lib : sprintf.c.obj (.text:_outc)
                  0000437a    00000002     --HOLE-- [fill = 0]
                  0000437c    00000008                                   : errno.c.obj (.text:__aeabi_errno_addr)
                  00004384    00000004                                   : pre_init.c.obj (.text:_system_pre_init)
                  00004388    00000004                                   : exit.c.obj (.text:abort:abort)

.const     0    00004390    00000151     
                  00004390    00000101     rtsv7M4_T_le_v4SPD16_eabi.lib : ctype.c.obj (.const:.string:_ctypes_)
                  00004491    00000004     lcd.obj (.const:.string:lineAddress$1)
                  00004495    00000003     --HOLE-- [fill = 0]
                  00004498    00000030     rtsv7M4_T_le_v4SPD16_eabi.lib : e_pow.c.obj (.const:$O1$$)
                  000044c8    00000015     lcd.obj (.const:.string:$P$T0$4)
                  000044dd    00000004     lcd.obj (.const:.string:lineAddresses$2)

.cinit     0    000044e8    00000040     
                  000044e8    0000000c     (__TI_handler_table)
                  000044f4    00000004     --HOLE-- [fill = 0]
                  000044f8    00000008     (.cinit..bss.load) [load image, compression = zero_init]
                  00004500    00000008     (.cinit..data.load) [load image, compression = lzss]
                  00004508    00000008     (.cinit..vtable.load) [load image, compression = zero_init]
                  00004510    00000018     (__TI_cinit_table)

.init_array 
*          0    00000000    00000000     UNINITIALIZED

.vtable    0    20000000    0000026c     UNINITIALIZED
                  20000000    0000026c     driverlib.lib : interrupt.obj (.vtable)

.stack     0    20000270    00001000     UNINITIALIZED
                  20000270    00000004     rtsv7M4_T_le_v4SPD16_eabi.lib : boot_cortex_m.c.obj (.stack)
                  20000274    00000ffc     --HOLE--

.sysmem    0    20001270    00001000     UNINITIALIZED
                  20001270    00000008     rtsv7M4_T_le_v4SPD16_eabi.lib : memory.c.obj (.sysmem)
                  20001278    00000ff8     --HOLE--

.bss       0    20002270    00000436     UNINITIALIZED
                  20002270    00000320     (.common:PINGtemp)
                  20002590    000000a0     (.common:PINGunder50)
                  20002630    00000054     lcd.obj (.bss:lastbuffer$3)
                  20002684    00000014     (.common:result)
                  20002698    00000004     (.common:OverFlow_ptr)
                  2000269c    00000004     (.common:clockCycle_ptr)
                  200026a0    00000004     (.common:matcher)
                  200026a4    00000001     (.common:c)
                  200026a5    00000001     (.common:state)

.data      0    200026a8    00000020     UNINITIALIZED
                  200026a8    0000000c     servo.obj (.data)
                  200026b4    00000008     UART.obj (.data)
                  200026bc    00000008     ping.obj (.data)
                  200026c4    00000004     rtsv7M4_T_le_v4SPD16_eabi.lib : errno.c.obj (.data)

MODULE SUMMARY

       Module                         code    ro data   rw data
       ------                         ----    -------   -------
    .\
       main.obj                       1516    0         960    
       lcd.obj                        980     29        84     
       servo.obj                      664     0         16     
       ping.obj                       628     0         17     
       tm4c123gh6pm_startup_ccs.obj   12      620       0      
       UART.obj                       424     0         29     
       ADC_stuff.obj                  428     0         0      
       timer.obj                      344     0         0      
    +--+------------------------------+-------+---------+---------+
       Total:                         4996    649       1106   
                                                               
    C:/ti/TivaWare_C_Series-2.1.4.178/driverlib/ccs/Debug/driverlib.lib
       interrupt.obj                  68      0         620    
       cpu.obj                        12      0         0      
    +--+------------------------------+-------+---------+---------+
       Total:                         80      0         620    
                                                               
    C:\ti\ccsv8\tools\compiler\ti-cgt-arm_18.1.2.LTS\lib\rtsv7M4_T_le_v4SPD16_eabi.lib
       _printfi.c.obj                 4863    0         0      
       e_pow.c.obj                    2496    48        0      
       fd_add_t2.asm.obj              438     0         0      
       e_sqrt.c.obj                   344     0         0      
       fd_div_t2.asm.obj              310     0         0      
       s_scalbn.c.obj                 272     0         0      
       fd_cmp_t2.asm.obj              268     0         0      
       ctype.c.obj                    0       257       0      
       fd_mul_t2.asm.obj              252     0         0      
       s_floor.c.obj                  248     0         0      
       s_round.c.obj                  192     0         0      
       s_tanf.c.obj                   172     0         0      
       memcpy_t2.asm.obj              156     0         0      
       ull_div_t2.asm.obj             150     0         0      
       vsnprintf.c.obj                136     0         0      
       memset_t2.asm.obj              122     0         0      
       fd_tos_t2.asm.obj              110     0         0      
       copy_decompress_lzss.c.obj     104     0         0      
       s_frexp.c.obj                  100     0         0      
       sprintf.c.obj                  98      0         0      
       ltoa.c.obj                     84      0         0      
       atoi.c.obj                     76      0         0      
       fd_toi_t2.asm.obj              72      0         0      
       autoinit.c.obj                 68      0         0      
       fd_tou_t2.asm.obj              68      0         0      
       boot_cortex_m.c.obj            56      0         0      
       fs_tod_t2.asm.obj              56      0         0      
       i_tofd_t2.asm.obj              46      0         0      
       u_tofd_t2.asm.obj              32      0         0      
       memccpy.c.obj                  28      0         0      
       strcmp.c.obj                   24      0         0      
       strchr.c.obj                   22      0         0      
       s_copysign.c.obj               20      0         0      
       strcpy.c.obj                   20      0         0      
       strlen.c.obj                   20      0         0      
       wcslen.c.obj                   18      0         0      
       copy_decompress_none.c.obj     14      0         0      
       copy_zero_init.c.obj           12      0         0      
       errno.c.obj                    8       0         4      
       exit.c.obj                     4       0         0      
       pre_init.c.obj                 4       0         0      
       div0.asm.obj                   2       0         0      
    +--+------------------------------+-------+---------+---------+
       Total:                         11585   305       4      
                                                               
       Heap:                          0       0         4096   
       Stack:                         0       0         4096   
       Linker Generated:              0       60        0      
    +--+------------------------------+-------+---------+---------+
       Grand Total:                   16661   1014      9922   


LINKER GENERATED COPY TABLES

__TI_cinit_table @ 00004510 records: 3, size/record: 8, table size: 24
	.bss: load addr=000044f8, load size=00000008 bytes, run addr=20002270, run size=00000436 bytes, compression=zero_init
	.data: load addr=00004500, load size=00000008 bytes, run addr=200026a8, run size=00000020 bytes, compression=lzss
	.vtable: load addr=00004508, load size=00000008 bytes, run addr=20000000, run size=0000026c bytes, compression=zero_init


LINKER GENERATED HANDLER TABLE

__TI_handler_table @ 000044e8 records: 3, size/record: 4, table size: 12
	index: 0, handler: __TI_zero_init
	index: 1, handler: __TI_decompress_lzss
	index: 2, handler: __TI_decompress_none


GLOBAL SYMBOLS: SORTED ALPHABETICALLY BY Name 

address   name                          
-------   ----                          
00004389  C$$EXIT                       
0000434d  CPUcpsie                      
000020a5  GPIO_portb_init               
0000431f  IntMasterEnable               
000041a5  IntRegister                   
00002d95  My_UART1_Handler              
20002698  OverFlow_ptr                  
20002270  PINGtemp                      
20002590  PINGunder50                   
00004365  ResetISR                      
20001270  __STACK_END                   
00001000  __STACK_SIZE                  
20000470  __STACK_TOP                   
00001000  __SYSMEM_SIZE                 
00004510  __TI_CINIT_Base               
00004528  __TI_CINIT_Limit              
000044e8  __TI_Handler_Table_Base       
000044f4  __TI_Handler_Table_Limit      
00003fed  __TI_auto_init_nobinit_nopinit
00003d91  __TI_decompress_lzss          
0000433f  __TI_decompress_none          
ffffffff  __TI_pprof_out_hndl           
0000026d  __TI_printfi                  
ffffffff  __TI_prof_data_size           
ffffffff  __TI_prof_data_start          
00000000  __TI_static_base__            
00004359  __TI_zero_init                
00003b2f  __aeabi_cdcmpeq               
00003b2f  __aeabi_cdcmple               
00003bb5  __aeabi_cdrcmple              
00003d23  __aeabi_d2f                   
00003fa5  __aeabi_d2iz                  
00004031  __aeabi_d2uiz                 
00002993  __aeabi_dadd                  
00003281  __aeabi_ddiv                  
000035e9  __aeabi_dmul                  
00002989  __aeabi_dsub                  
0000437d  __aeabi_errno_addr            
0000416d  __aeabi_f2d                   
00004209  __aeabi_i2d                   
00000ccb  __aeabi_idiv0                 
00000ccb  __aeabi_ldiv0                 
00003c3b  __aeabi_memclr                
00003c3b  __aeabi_memclr4               
00003c3b  __aeabi_memclr8               
000039fd  __aeabi_memcpy                
000039fd  __aeabi_memcpy4               
000039fd  __aeabi_memcpy8               
00003c3d  __aeabi_memset                
00003c3d  __aeabi_memset4               
00003c3d  __aeabi_memset8               
00004237  __aeabi_ui2d                  
00003a99  __aeabi_uldivmod              
ffffffff  __binit__                     
ffffffff  __c_args__                    
UNDEFED   __mpu_init                    
20000270  __stack                       
00004135  _c_int00_noargs               
00004390  _ctypes_                      
20001270  _sys_memory                   
UNDEFED   _system_post_cinit            
00004385  _system_pre_init              
00004389  abort                         
00002beb  adc_read                      
000024b1  add_ptrs                      
00003f59  atoi                          
ffffffff  binit                         
200026a4  c                             
2000269c  clockCycle_ptr                
200026b0  clockwise                     
000042d1  copysign                      
000042d1  copysignl                     
200026b8  count                         
200026a8  current_degree                
200026c0  end                           
200026c4  errno                         
200026b4  flag                          
000036e5  floor                         
000036e5  floorl                        
00003df9  frexp                         
00003df9  frexpl                        
20000000  g_pfnRAMVectors               
00000000  g_pfnVectors                  
00002bc3  get_sensor_reading            
00002b41  init_ADC                      
00001fcd  lcd_banner_effect             
0000432f  lcd_clear                     
00001e11  lcd_gotoLine                  
00001c79  lcd_init                      
00001e77  lcd_printf                    
00001d39  lcd_putc                      
00001d71  lcd_puts                      
00001f49  lcd_rotatingBanner            
00001d8f  lcd_sendCommand               
00001dcd  lcd_sendNibble                
00001e39  lcd_setCursorPos              
000034d9  ldexp                         
000034d9  ldexpl                        
00002007  length                        
00003eb3  ltoa                          
0000168d  main                          
200026a0  matcher                       
00004257  memccpy                       
000039fd  memcpy                        
00003c43  memset                        
000022d5  ping_init                     
00002469  ping_interrupt_handler        
00002383  ping_read                     
0000240d  ping_send                     
00000ccd  pow                           
00000ccd  powl                          
20002684  result                        
000037dd  round                         
000037dd  roundl                        
000034d9  scalbn                        
000034d9  scalbnl                       
00002125  servo_button_press            
0000224f  servo_get_degree              
0000203d  servo_init                    
000020cf  servo_move                    
00004075  sprintf                       
00002e95  sqrt                          
00002e95  sqrtl                         
200026bc  start                         
200026a5  state                         
000042bb  strchr                        
000042a3  strcmp                        
000042e5  strcpy                        
000042f9  strlen                        
00003951  tanf                          
000030fd  timer_getClock                
000030b1  timer_startClock              
0000304b  timer_startTimer              
00003103  timer_stopClock               
0000309b  timer_stopTimer               
00003021  timer_waitMicros              
00002fed  timer_waitMillis              
00002ced  uart_init                     
00002d61  uart_interrupts_init          
00002ddf  uart_receive                  
00002dfd  uart_sendChar                 
00002e19  uart_sendStr                  
000040b5  vsnprintf                     
0000430d  wcslen                        


GLOBAL SYMBOLS: SORTED BY Symbol Address 

address   name                          
-------   ----                          
00000000  __TI_static_base__            
00000000  g_pfnVectors                  
0000026d  __TI_printfi                  
00000ccb  __aeabi_idiv0                 
00000ccb  __aeabi_ldiv0                 
00000ccd  pow                           
00000ccd  powl                          
00001000  __STACK_SIZE                  
00001000  __SYSMEM_SIZE                 
0000168d  main                          
00001c79  lcd_init                      
00001d39  lcd_putc                      
00001d71  lcd_puts                      
00001d8f  lcd_sendCommand               
00001dcd  lcd_sendNibble                
00001e11  lcd_gotoLine                  
00001e39  lcd_setCursorPos              
00001e77  lcd_printf                    
00001f49  lcd_rotatingBanner            
00001fcd  lcd_banner_effect             
00002007  length                        
0000203d  servo_init                    
000020a5  GPIO_portb_init               
000020cf  servo_move                    
00002125  servo_button_press            
0000224f  servo_get_degree              
000022d5  ping_init                     
00002383  ping_read                     
0000240d  ping_send                     
00002469  ping_interrupt_handler        
000024b1  add_ptrs                      
00002989  __aeabi_dsub                  
00002993  __aeabi_dadd                  
00002b41  init_ADC                      
00002bc3  get_sensor_reading            
00002beb  adc_read                      
00002ced  uart_init                     
00002d61  uart_interrupts_init          
00002d95  My_UART1_Handler              
00002ddf  uart_receive                  
00002dfd  uart_sendChar                 
00002e19  uart_sendStr                  
00002e95  sqrt                          
00002e95  sqrtl                         
00002fed  timer_waitMillis              
00003021  timer_waitMicros              
0000304b  timer_startTimer              
0000309b  timer_stopTimer               
000030b1  timer_startClock              
000030fd  timer_getClock                
00003103  timer_stopClock               
00003281  __aeabi_ddiv                  
000034d9  ldexp                         
000034d9  ldexpl                        
000034d9  scalbn                        
000034d9  scalbnl                       
000035e9  __aeabi_dmul                  
000036e5  floor                         
000036e5  floorl                        
000037dd  round                         
000037dd  roundl                        
00003951  tanf                          
000039fd  __aeabi_memcpy                
000039fd  __aeabi_memcpy4               
000039fd  __aeabi_memcpy8               
000039fd  memcpy                        
00003a99  __aeabi_uldivmod              
00003b2f  __aeabi_cdcmpeq               
00003b2f  __aeabi_cdcmple               
00003bb5  __aeabi_cdrcmple              
00003c3b  __aeabi_memclr                
00003c3b  __aeabi_memclr4               
00003c3b  __aeabi_memclr8               
00003c3d  __aeabi_memset                
00003c3d  __aeabi_memset4               
00003c3d  __aeabi_memset8               
00003c43  memset                        
00003d23  __aeabi_d2f                   
00003d91  __TI_decompress_lzss          
00003df9  frexp                         
00003df9  frexpl                        
00003eb3  ltoa                          
00003f59  atoi                          
00003fa5  __aeabi_d2iz                  
00003fed  __TI_auto_init_nobinit_nopinit
00004031  __aeabi_d2uiz                 
00004075  sprintf                       
000040b5  vsnprintf                     
00004135  _c_int00_noargs               
0000416d  __aeabi_f2d                   
000041a5  IntRegister                   
00004209  __aeabi_i2d                   
00004237  __aeabi_ui2d                  
00004257  memccpy                       
000042a3  strcmp                        
000042bb  strchr                        
000042d1  copysign                      
000042d1  copysignl                     
000042e5  strcpy                        
000042f9  strlen                        
0000430d  wcslen                        
0000431f  IntMasterEnable               
0000432f  lcd_clear                     
0000433f  __TI_decompress_none          
0000434d  CPUcpsie                      
00004359  __TI_zero_init                
00004365  ResetISR                      
0000437d  __aeabi_errno_addr            
00004385  _system_pre_init              
00004389  C$$EXIT                       
00004389  abort                         
00004390  _ctypes_                      
000044e8  __TI_Handler_Table_Base       
000044f4  __TI_Handler_Table_Limit      
00004510  __TI_CINIT_Base               
00004528  __TI_CINIT_Limit              
20000000  g_pfnRAMVectors               
20000270  __stack                       
20000470  __STACK_TOP                   
20001270  __STACK_END                   
20001270  _sys_memory                   
20002270  PINGtemp                      
20002590  PINGunder50                   
20002684  result                        
20002698  OverFlow_ptr                  
2000269c  clockCycle_ptr                
200026a0  matcher                       
200026a4  c                             
200026a5  state                         
200026a8  current_degree                
200026b0  clockwise                     
200026b4  flag                          
200026b8  count                         
200026bc  start                         
200026c0  end                           
200026c4  errno                         
ffffffff  __TI_pprof_out_hndl           
ffffffff  __TI_prof_data_size           
ffffffff  __TI_prof_data_start          
ffffffff  __binit__                     
ffffffff  __c_args__                    
ffffffff  binit                         
UNDEFED   __mpu_init                    
UNDEFED   _system_post_cinit            

[144 symbols]
