<?xml version="1.0" encoding="ISO-8859-1" ?>
<link_info>
   <banner>TI ARM Linker PC v18.1.2.LTS</banner>
   <copyright>Copyright (c) 1996-2017 Texas Instruments Incorporated</copyright>
   <link_time>0x5cacf31c</link_time>
   <link_errors>0x0</link_errors>
   <output_file>Lab9.out</output_file>
   <entry_point>
      <name>_c_int00_noargs</name>
      <address>0x4135</address>
   </entry_point>
   <input_file_list>
      <input_file id="fl-2">
         <path>.\</path>
         <kind>object</kind>
         <file>ADC_stuff.obj</file>
         <name>ADC_stuff.obj</name>
      </input_file>
      <input_file id="fl-3">
         <path>.\</path>
         <kind>object</kind>
         <file>UART.obj</file>
         <name>UART.obj</name>
      </input_file>
      <input_file id="fl-4">
         <path>.\</path>
         <kind>object</kind>
         <file>button.obj</file>
         <name>button.obj</name>
      </input_file>
      <input_file id="fl-5">
         <path>.\</path>
         <kind>object</kind>
         <file>lcd.obj</file>
         <name>lcd.obj</name>
      </input_file>
      <input_file id="fl-6">
         <path>.\</path>
         <kind>object</kind>
         <file>main.obj</file>
         <name>main.obj</name>
      </input_file>
      <input_file id="fl-7">
         <path>.\</path>
         <kind>object</kind>
         <file>movement.obj</file>
         <name>movement.obj</name>
      </input_file>
      <input_file id="fl-8">
         <path>.\</path>
         <kind>object</kind>
         <file>open_interface.obj</file>
         <name>open_interface.obj</name>
      </input_file>
      <input_file id="fl-9">
         <path>.\</path>
         <kind>object</kind>
         <file>ping.obj</file>
         <name>ping.obj</name>
      </input_file>
      <input_file id="fl-a">
         <path>.\</path>
         <kind>object</kind>
         <file>servo.obj</file>
         <name>servo.obj</name>
      </input_file>
      <input_file id="fl-b">
         <path>.\</path>
         <kind>object</kind>
         <file>timer.obj</file>
         <name>timer.obj</name>
      </input_file>
      <input_file id="fl-c">
         <path>.\</path>
         <kind>object</kind>
         <file>tm4c123gh6pm_startup_ccs.obj</file>
         <name>tm4c123gh6pm_startup_ccs.obj</name>
      </input_file>
      <input_file id="fl-12">
         <kind>object</kind>
         <file>&lt;internal&gt;</file>
         <name>&lt;internal&gt;</name>
      </input_file>
      <input_file id="fl-c8">
         <path>C:\ti\ccsv8\tools\compiler\ti-cgt-arm_18.1.2.LTS\lib\</path>
         <kind>archive</kind>
         <file>rtsv7M4_T_le_v4SPD16_eabi.lib</file>
         <name>e_pow.c.obj</name>
      </input_file>
      <input_file id="fl-c9">
         <path>C:\ti\ccsv8\tools\compiler\ti-cgt-arm_18.1.2.LTS\lib\</path>
         <kind>archive</kind>
         <file>rtsv7M4_T_le_v4SPD16_eabi.lib</file>
         <name>e_sqrt.c.obj</name>
      </input_file>
      <input_file id="fl-ca">
         <path>C:\ti\ccsv8\tools\compiler\ti-cgt-arm_18.1.2.LTS\lib\</path>
         <kind>archive</kind>
         <file>rtsv7M4_T_le_v4SPD16_eabi.lib</file>
         <name>s_round.c.obj</name>
      </input_file>
      <input_file id="fl-cb">
         <path>C:\ti\ccsv8\tools\compiler\ti-cgt-arm_18.1.2.LTS\lib\</path>
         <kind>archive</kind>
         <file>rtsv7M4_T_le_v4SPD16_eabi.lib</file>
         <name>s_scalbn.c.obj</name>
      </input_file>
      <input_file id="fl-cc">
         <path>C:\ti\ccsv8\tools\compiler\ti-cgt-arm_18.1.2.LTS\lib\</path>
         <kind>archive</kind>
         <file>rtsv7M4_T_le_v4SPD16_eabi.lib</file>
         <name>s_tanf.c.obj</name>
      </input_file>
      <input_file id="fl-cd">
         <path>C:\ti\ccsv8\tools\compiler\ti-cgt-arm_18.1.2.LTS\lib\</path>
         <kind>archive</kind>
         <file>rtsv7M4_T_le_v4SPD16_eabi.lib</file>
         <name>s_copysign.c.obj</name>
      </input_file>
      <input_file id="fl-ce">
         <path>C:\ti\ccsv8\tools\compiler\ti-cgt-arm_18.1.2.LTS\lib\</path>
         <kind>archive</kind>
         <file>rtsv7M4_T_le_v4SPD16_eabi.lib</file>
         <name>fd_add_t2.asm.obj</name>
      </input_file>
      <input_file id="fl-cf">
         <path>C:\ti\ccsv8\tools\compiler\ti-cgt-arm_18.1.2.LTS\lib\</path>
         <kind>archive</kind>
         <file>rtsv7M4_T_le_v4SPD16_eabi.lib</file>
         <name>fd_cmp_t2.asm.obj</name>
      </input_file>
      <input_file id="fl-d0">
         <path>C:\ti\ccsv8\tools\compiler\ti-cgt-arm_18.1.2.LTS\lib\</path>
         <kind>archive</kind>
         <file>rtsv7M4_T_le_v4SPD16_eabi.lib</file>
         <name>fd_div_t2.asm.obj</name>
      </input_file>
      <input_file id="fl-d1">
         <path>C:\ti\ccsv8\tools\compiler\ti-cgt-arm_18.1.2.LTS\lib\</path>
         <kind>archive</kind>
         <file>rtsv7M4_T_le_v4SPD16_eabi.lib</file>
         <name>fd_mul_t2.asm.obj</name>
      </input_file>
      <input_file id="fl-d2">
         <path>C:\ti\ccsv8\tools\compiler\ti-cgt-arm_18.1.2.LTS\lib\</path>
         <kind>archive</kind>
         <file>rtsv7M4_T_le_v4SPD16_eabi.lib</file>
         <name>fd_toi_t2.asm.obj</name>
      </input_file>
      <input_file id="fl-d3">
         <path>C:\ti\ccsv8\tools\compiler\ti-cgt-arm_18.1.2.LTS\lib\</path>
         <kind>archive</kind>
         <file>rtsv7M4_T_le_v4SPD16_eabi.lib</file>
         <name>fd_tos_t2.asm.obj</name>
      </input_file>
      <input_file id="fl-d4">
         <path>C:\ti\ccsv8\tools\compiler\ti-cgt-arm_18.1.2.LTS\lib\</path>
         <kind>archive</kind>
         <file>rtsv7M4_T_le_v4SPD16_eabi.lib</file>
         <name>fd_tou_t2.asm.obj</name>
      </input_file>
      <input_file id="fl-d5">
         <path>C:\ti\ccsv8\tools\compiler\ti-cgt-arm_18.1.2.LTS\lib\</path>
         <kind>archive</kind>
         <file>rtsv7M4_T_le_v4SPD16_eabi.lib</file>
         <name>fs_tod_t2.asm.obj</name>
      </input_file>
      <input_file id="fl-d6">
         <path>C:\ti\ccsv8\tools\compiler\ti-cgt-arm_18.1.2.LTS\lib\</path>
         <kind>archive</kind>
         <file>rtsv7M4_T_le_v4SPD16_eabi.lib</file>
         <name>i_tofd_t2.asm.obj</name>
      </input_file>
      <input_file id="fl-d7">
         <path>C:\ti\ccsv8\tools\compiler\ti-cgt-arm_18.1.2.LTS\lib\</path>
         <kind>archive</kind>
         <file>rtsv7M4_T_le_v4SPD16_eabi.lib</file>
         <name>memcpy_t2.asm.obj</name>
      </input_file>
      <input_file id="fl-d8">
         <path>C:\ti\ccsv8\tools\compiler\ti-cgt-arm_18.1.2.LTS\lib\</path>
         <kind>archive</kind>
         <file>rtsv7M4_T_le_v4SPD16_eabi.lib</file>
         <name>u_tofd_t2.asm.obj</name>
      </input_file>
      <input_file id="fl-d9">
         <path>C:\ti\ccsv8\tools\compiler\ti-cgt-arm_18.1.2.LTS\lib\</path>
         <kind>archive</kind>
         <file>rtsv7M4_T_le_v4SPD16_eabi.lib</file>
         <name>copy_zero_init.c.obj</name>
      </input_file>
      <input_file id="fl-da">
         <path>C:\ti\ccsv8\tools\compiler\ti-cgt-arm_18.1.2.LTS\lib\</path>
         <kind>archive</kind>
         <file>rtsv7M4_T_le_v4SPD16_eabi.lib</file>
         <name>copy_decompress_none.c.obj</name>
      </input_file>
      <input_file id="fl-db">
         <path>C:\ti\ccsv8\tools\compiler\ti-cgt-arm_18.1.2.LTS\lib\</path>
         <kind>archive</kind>
         <file>rtsv7M4_T_le_v4SPD16_eabi.lib</file>
         <name>copy_decompress_lzss.c.obj</name>
      </input_file>
      <input_file id="fl-dc">
         <path>C:\ti\ccsv8\tools\compiler\ti-cgt-arm_18.1.2.LTS\lib\</path>
         <kind>archive</kind>
         <file>rtsv7M4_T_le_v4SPD16_eabi.lib</file>
         <name>boot_cortex_m.c.obj</name>
      </input_file>
      <input_file id="fl-dd">
         <path>C:\ti\ccsv8\tools\compiler\ti-cgt-arm_18.1.2.LTS\lib\</path>
         <kind>archive</kind>
         <file>rtsv7M4_T_le_v4SPD16_eabi.lib</file>
         <name>errno.c.obj</name>
      </input_file>
      <input_file id="fl-de">
         <path>C:\ti\ccsv8\tools\compiler\ti-cgt-arm_18.1.2.LTS\lib\</path>
         <kind>archive</kind>
         <file>rtsv7M4_T_le_v4SPD16_eabi.lib</file>
         <name>exit.c.obj</name>
      </input_file>
      <input_file id="fl-df">
         <path>C:\ti\ccsv8\tools\compiler\ti-cgt-arm_18.1.2.LTS\lib\</path>
         <kind>archive</kind>
         <file>rtsv7M4_T_le_v4SPD16_eabi.lib</file>
         <name>memory.c.obj</name>
      </input_file>
      <input_file id="fl-e0">
         <path>C:\ti\ccsv8\tools\compiler\ti-cgt-arm_18.1.2.LTS\lib\</path>
         <kind>archive</kind>
         <file>rtsv7M4_T_le_v4SPD16_eabi.lib</file>
         <name>_lock.c.obj</name>
      </input_file>
      <input_file id="fl-e1">
         <path>C:\ti\ccsv8\tools\compiler\ti-cgt-arm_18.1.2.LTS\lib\</path>
         <kind>archive</kind>
         <file>rtsv7M4_T_le_v4SPD16_eabi.lib</file>
         <name>args_main.c.obj</name>
      </input_file>
      <input_file id="fl-e2">
         <path>C:\ti\ccsv8\tools\compiler\ti-cgt-arm_18.1.2.LTS\lib\</path>
         <kind>archive</kind>
         <file>rtsv7M4_T_le_v4SPD16_eabi.lib</file>
         <name>sprintf.c.obj</name>
      </input_file>
      <input_file id="fl-e3">
         <path>C:\ti\ccsv8\tools\compiler\ti-cgt-arm_18.1.2.LTS\lib\</path>
         <kind>archive</kind>
         <file>rtsv7M4_T_le_v4SPD16_eabi.lib</file>
         <name>strcmp.c.obj</name>
      </input_file>
      <input_file id="fl-e4">
         <path>C:\ti\ccsv8\tools\compiler\ti-cgt-arm_18.1.2.LTS\lib\</path>
         <kind>archive</kind>
         <file>rtsv7M4_T_le_v4SPD16_eabi.lib</file>
         <name>strcpy.c.obj</name>
      </input_file>
      <input_file id="fl-e5">
         <path>C:\ti\ccsv8\tools\compiler\ti-cgt-arm_18.1.2.LTS\lib\</path>
         <kind>archive</kind>
         <file>rtsv7M4_T_le_v4SPD16_eabi.lib</file>
         <name>vsnprintf.c.obj</name>
      </input_file>
      <input_file id="fl-e6">
         <path>C:\ti\ccsv8\tools\compiler\ti-cgt-arm_18.1.2.LTS\lib\</path>
         <kind>archive</kind>
         <file>rtsv7M4_T_le_v4SPD16_eabi.lib</file>
         <name>s_floor.c.obj</name>
      </input_file>
      <input_file id="fl-e7">
         <path>C:\ti\ccsv8\tools\compiler\ti-cgt-arm_18.1.2.LTS\lib\</path>
         <kind>archive</kind>
         <file>rtsv7M4_T_le_v4SPD16_eabi.lib</file>
         <name>memset_t2.asm.obj</name>
      </input_file>
      <input_file id="fl-e8">
         <path>C:\ti\ccsv8\tools\compiler\ti-cgt-arm_18.1.2.LTS\lib\</path>
         <kind>archive</kind>
         <file>rtsv7M4_T_le_v4SPD16_eabi.lib</file>
         <name>autoinit.c.obj</name>
      </input_file>
      <input_file id="fl-e9">
         <path>C:\ti\ccsv8\tools\compiler\ti-cgt-arm_18.1.2.LTS\lib\</path>
         <kind>archive</kind>
         <file>rtsv7M4_T_le_v4SPD16_eabi.lib</file>
         <name>pre_init.c.obj</name>
      </input_file>
      <input_file id="fl-ea">
         <path>C:\ti\ccsv8\tools\compiler\ti-cgt-arm_18.1.2.LTS\lib\</path>
         <kind>archive</kind>
         <file>rtsv7M4_T_le_v4SPD16_eabi.lib</file>
         <name>cpy_tbl.c.obj</name>
      </input_file>
      <input_file id="fl-eb">
         <path>C:\ti\ccsv8\tools\compiler\ti-cgt-arm_18.1.2.LTS\lib\</path>
         <kind>archive</kind>
         <file>rtsv7M4_T_le_v4SPD16_eabi.lib</file>
         <name>_printfi.c.obj</name>
      </input_file>
      <input_file id="fl-ec">
         <path>C:\ti\ccsv8\tools\compiler\ti-cgt-arm_18.1.2.LTS\lib\</path>
         <kind>archive</kind>
         <file>rtsv7M4_T_le_v4SPD16_eabi.lib</file>
         <name>atoi.c.obj</name>
      </input_file>
      <input_file id="fl-ed">
         <path>C:\ti\ccsv8\tools\compiler\ti-cgt-arm_18.1.2.LTS\lib\</path>
         <kind>archive</kind>
         <file>rtsv7M4_T_le_v4SPD16_eabi.lib</file>
         <name>ctype.c.obj</name>
      </input_file>
      <input_file id="fl-ee">
         <path>C:\ti\ccsv8\tools\compiler\ti-cgt-arm_18.1.2.LTS\lib\</path>
         <kind>archive</kind>
         <file>rtsv7M4_T_le_v4SPD16_eabi.lib</file>
         <name>ltoa.c.obj</name>
      </input_file>
      <input_file id="fl-ef">
         <path>C:\ti\ccsv8\tools\compiler\ti-cgt-arm_18.1.2.LTS\lib\</path>
         <kind>archive</kind>
         <file>rtsv7M4_T_le_v4SPD16_eabi.lib</file>
         <name>memccpy.c.obj</name>
      </input_file>
      <input_file id="fl-f0">
         <path>C:\ti\ccsv8\tools\compiler\ti-cgt-arm_18.1.2.LTS\lib\</path>
         <kind>archive</kind>
         <file>rtsv7M4_T_le_v4SPD16_eabi.lib</file>
         <name>strchr.c.obj</name>
      </input_file>
      <input_file id="fl-f1">
         <path>C:\ti\ccsv8\tools\compiler\ti-cgt-arm_18.1.2.LTS\lib\</path>
         <kind>archive</kind>
         <file>rtsv7M4_T_le_v4SPD16_eabi.lib</file>
         <name>strlen.c.obj</name>
      </input_file>
      <input_file id="fl-f2">
         <path>C:\ti\ccsv8\tools\compiler\ti-cgt-arm_18.1.2.LTS\lib\</path>
         <kind>archive</kind>
         <file>rtsv7M4_T_le_v4SPD16_eabi.lib</file>
         <name>s_frexp.c.obj</name>
      </input_file>
      <input_file id="fl-f3">
         <path>C:\ti\ccsv8\tools\compiler\ti-cgt-arm_18.1.2.LTS\lib\</path>
         <kind>archive</kind>
         <file>rtsv7M4_T_le_v4SPD16_eabi.lib</file>
         <name>wcslen.c.obj</name>
      </input_file>
      <input_file id="fl-f4">
         <path>C:\ti\ccsv8\tools\compiler\ti-cgt-arm_18.1.2.LTS\lib\</path>
         <kind>archive</kind>
         <file>rtsv7M4_T_le_v4SPD16_eabi.lib</file>
         <name>ull_div_t2.asm.obj</name>
      </input_file>
      <input_file id="fl-f5">
         <path>C:\ti\ccsv8\tools\compiler\ti-cgt-arm_18.1.2.LTS\lib\</path>
         <kind>archive</kind>
         <file>rtsv7M4_T_le_v4SPD16_eabi.lib</file>
         <name>div0.asm.obj</name>
      </input_file>
      <input_file id="fl-f6">
         <path>C:\ti\TivaWare_C_Series-2.1.4.178\driverlib\ccs\Debug\</path>
         <kind>archive</kind>
         <file>driverlib.lib</file>
         <name>interrupt.obj</name>
      </input_file>
      <input_file id="fl-f7">
         <path>C:\ti\TivaWare_C_Series-2.1.4.178\driverlib\ccs\Debug\</path>
         <kind>archive</kind>
         <file>driverlib.lib</file>
         <name>cpu.obj</name>
      </input_file>
   </input_file_list>
   <object_component_list>
      <object_component id="oc-f">
         <name>.intvecs</name>
         <load_address>0x0</load_address>
         <run_address>0x0</run_address>
         <size>0x26c</size>
         <input_file_ref idref="fl-c"/>
      </object_component>
      <object_component id="oc-1e7">
         <name>.text:__TI_printfi</name>
         <load_address>0x26c</load_address>
         <run_address>0x26c</run_address>
         <size>0xa5e</size>
         <input_file_ref idref="fl-eb"/>
      </object_component>
      <object_component id="oc-39c">
         <name>.text</name>
         <load_address>0xcca</load_address>
         <run_address>0xcca</run_address>
         <size>0x2</size>
         <input_file_ref idref="fl-f5"/>
      </object_component>
      <object_component id="oc-1ce">
         <name>.text:pow</name>
         <load_address>0xccc</load_address>
         <run_address>0xccc</run_address>
         <size>0x9c0</size>
         <input_file_ref idref="fl-c8"/>
      </object_component>
      <object_component id="oc-9f">
         <name>.text</name>
         <load_address>0x168c</load_address>
         <run_address>0x168c</run_address>
         <size>0x5ec</size>
         <input_file_ref idref="fl-6"/>
      </object_component>
      <object_component id="oc-d9">
         <name>.text</name>
         <load_address>0x1c78</load_address>
         <run_address>0x1c78</run_address>
         <size>0x3c4</size>
         <input_file_ref idref="fl-5"/>
      </object_component>
      <object_component id="oc-e5">
         <name>.text</name>
         <load_address>0x203c</load_address>
         <run_address>0x203c</run_address>
         <size>0x298</size>
         <input_file_ref idref="fl-a"/>
      </object_component>
      <object_component id="oc-df">
         <name>.text</name>
         <load_address>0x22d4</load_address>
         <run_address>0x22d4</run_address>
         <size>0x274</size>
         <input_file_ref idref="fl-9"/>
      </object_component>
      <object_component id="oc-2b3">
         <name>.text:_pconv_a</name>
         <load_address>0x2548</load_address>
         <run_address>0x2548</run_address>
         <size>0x270</size>
         <input_file_ref idref="fl-eb"/>
      </object_component>
      <object_component id="oc-2a1">
         <name>.text:_pconv_g</name>
         <load_address>0x27b8</load_address>
         <run_address>0x27b8</run_address>
         <size>0x1d0</size>
         <input_file_ref idref="fl-eb"/>
      </object_component>
      <object_component id="oc-106">
         <name>.text</name>
         <load_address>0x2988</load_address>
         <run_address>0x2988</run_address>
         <size>0x1b6</size>
         <input_file_ref idref="fl-ce"/>
      </object_component>
      <object_component id="oc-eb">
         <name>.text</name>
         <load_address>0x2b40</load_address>
         <run_address>0x2b40</run_address>
         <size>0x1ac</size>
         <input_file_ref idref="fl-2"/>
      </object_component>
      <object_component id="oc-d3">
         <name>.text</name>
         <load_address>0x2cec</load_address>
         <run_address>0x2cec</run_address>
         <size>0x1a8</size>
         <input_file_ref idref="fl-3"/>
      </object_component>
      <object_component id="oc-26a">
         <name>.text:sqrt</name>
         <load_address>0x2e94</load_address>
         <run_address>0x2e94</run_address>
         <size>0x158</size>
         <input_file_ref idref="fl-c9"/>
      </object_component>
      <object_component id="oc-f1">
         <name>.text</name>
         <load_address>0x2fec</load_address>
         <run_address>0x2fec</run_address>
         <size>0x158</size>
         <input_file_ref idref="fl-b"/>
      </object_component>
      <object_component id="oc-2ad">
         <name>.text:_pconv_e</name>
         <load_address>0x3144</load_address>
         <run_address>0x3144</run_address>
         <size>0x13c</size>
         <input_file_ref idref="fl-eb"/>
      </object_component>
      <object_component id="oc-110">
         <name>.text</name>
         <load_address>0x3280</load_address>
         <run_address>0x3280</run_address>
         <size>0x136</size>
         <input_file_ref idref="fl-d0"/>
      </object_component>
      <object_component id="oc-346">
         <name>.text:fcvt</name>
         <load_address>0x33b8</load_address>
         <run_address>0x33b8</run_address>
         <size>0x120</size>
         <input_file_ref idref="fl-eb"/>
      </object_component>
      <object_component id="oc-279">
         <name>.text:scalbn</name>
         <load_address>0x34d8</load_address>
         <run_address>0x34d8</run_address>
         <size>0x110</size>
         <input_file_ref idref="fl-cb"/>
      </object_component>
      <object_component id="oc-121">
         <name>.text</name>
         <load_address>0x35e8</load_address>
         <run_address>0x35e8</run_address>
         <size>0xfc</size>
         <input_file_ref idref="fl-d1"/>
      </object_component>
      <object_component id="oc-287">
         <name>.text:floor</name>
         <load_address>0x36e4</load_address>
         <run_address>0x36e4</run_address>
         <size>0xf8</size>
         <input_file_ref idref="fl-e6"/>
      </object_component>
      <object_component id="oc-1d4">
         <name>.text:round</name>
         <load_address>0x37dc</load_address>
         <run_address>0x37dc</run_address>
         <size>0xc0</size>
         <input_file_ref idref="fl-ca"/>
      </object_component>
      <object_component id="oc-29b">
         <name>.text:_ltostr</name>
         <load_address>0x389c</load_address>
         <run_address>0x389c</run_address>
         <size>0xb1</size>
         <input_file_ref idref="fl-eb"/>
      </object_component>
      <object_component id="oc-12b">
         <name>.text:tanf</name>
         <load_address>0x3950</load_address>
         <run_address>0x3950</run_address>
         <size>0xac</size>
         <input_file_ref idref="fl-cc"/>
      </object_component>
      <object_component id="oc-3b">
         <name>.text</name>
         <load_address>0x39fc</load_address>
         <run_address>0x39fc</run_address>
         <size>0x9c</size>
         <input_file_ref idref="fl-d7"/>
      </object_component>
      <object_component id="oc-32d">
         <name>.text</name>
         <load_address>0x3a98</load_address>
         <run_address>0x3a98</run_address>
         <size>0x96</size>
         <input_file_ref idref="fl-f4"/>
      </object_component>
      <object_component id="oc-f7">
         <name>.text:__aeabi_cdcmple</name>
         <load_address>0x3b2e</load_address>
         <run_address>0x3b2e</run_address>
         <size>0x86</size>
         <input_file_ref idref="fl-cf"/>
      </object_component>
      <object_component id="oc-101">
         <name>.text:__aeabi_cdrcmple</name>
         <load_address>0x3bb4</load_address>
         <run_address>0x3bb4</run_address>
         <size>0x86</size>
         <input_file_ref idref="fl-cf"/>
      </object_component>
      <object_component id="oc-93">
         <name>.text</name>
         <load_address>0x3c3a</load_address>
         <run_address>0x3c3a</run_address>
         <size>0x7a</size>
         <input_file_ref idref="fl-e7"/>
      </object_component>
      <object_component id="oc-33f">
         <name>.text:_mcpy</name>
         <load_address>0x3cb4</load_address>
         <run_address>0x3cb4</run_address>
         <size>0x6e</size>
         <input_file_ref idref="fl-eb"/>
      </object_component>
      <object_component id="oc-126">
         <name>.text</name>
         <load_address>0x3d22</load_address>
         <run_address>0x3d22</run_address>
         <size>0x6e</size>
         <input_file_ref idref="fl-d3"/>
      </object_component>
      <object_component id="oc-12">
         <name>.text:decompress:lzss:__TI_decompress_lzss</name>
         <load_address>0x3d90</load_address>
         <run_address>0x3d90</run_address>
         <size>0x68</size>
         <input_file_ref idref="fl-db"/>
      </object_component>
      <object_component id="oc-354">
         <name>.text:frexp</name>
         <load_address>0x3df8</load_address>
         <run_address>0x3df8</run_address>
         <size>0x64</size>
         <input_file_ref idref="fl-f2"/>
      </object_component>
      <object_component id="oc-2a7">
         <name>.text:_pconv_f</name>
         <load_address>0x3e5c</load_address>
         <run_address>0x3e5c</run_address>
         <size>0x56</size>
         <input_file_ref idref="fl-eb"/>
      </object_component>
      <object_component id="oc-333">
         <name>.text:ltoa</name>
         <load_address>0x3eb2</load_address>
         <run_address>0x3eb2</run_address>
         <size>0x54</size>
         <input_file_ref idref="fl-ee"/>
      </object_component>
      <object_component id="oc-339">
         <name>.text:_ecpy</name>
         <load_address>0x3f06</load_address>
         <run_address>0x3f06</run_address>
         <size>0x52</size>
         <input_file_ref idref="fl-eb"/>
      </object_component>
      <object_component id="oc-295">
         <name>.text:atoi</name>
         <load_address>0x3f58</load_address>
         <run_address>0x3f58</run_address>
         <size>0x4c</size>
         <input_file_ref idref="fl-ec"/>
      </object_component>
      <object_component id="oc-fc">
         <name>.text</name>
         <load_address>0x3fa4</load_address>
         <run_address>0x3fa4</run_address>
         <size>0x48</size>
         <input_file_ref idref="fl-d2"/>
      </object_component>
      <object_component id="oc-144">
         <name>.text:__TI_auto_init_nobinit_nopinit:__TI_auto_init_nobinit_nopinit</name>
         <load_address>0x3fec</load_address>
         <run_address>0x3fec</run_address>
         <size>0x44</size>
         <input_file_ref idref="fl-e8"/>
      </object_component>
      <object_component id="oc-1c0">
         <name>.text</name>
         <load_address>0x4030</load_address>
         <run_address>0x4030</run_address>
         <size>0x44</size>
         <input_file_ref idref="fl-d4"/>
      </object_component>
      <object_component id="oc-115">
         <name>.text:sprintf</name>
         <load_address>0x4074</load_address>
         <run_address>0x4074</run_address>
         <size>0x40</size>
         <input_file_ref idref="fl-e2"/>
      </object_component>
      <object_component id="oc-18d">
         <name>.text:vsnprintf</name>
         <load_address>0x40b4</load_address>
         <run_address>0x40b4</run_address>
         <size>0x40</size>
         <input_file_ref idref="fl-e5"/>
      </object_component>
      <object_component id="oc-34c">
         <name>.text:_fcpy</name>
         <load_address>0x40f4</load_address>
         <run_address>0x40f4</run_address>
         <size>0x3e</size>
         <input_file_ref idref="fl-eb"/>
      </object_component>
      <object_component id="oc-59">
         <name>.text:_c_int00_noargs:_c_int00_noargs</name>
         <load_address>0x4134</load_address>
         <run_address>0x4134</run_address>
         <size>0x38</size>
         <input_file_ref idref="fl-dc"/>
      </object_component>
      <object_component id="oc-131">
         <name>.text</name>
         <load_address>0x416c</load_address>
         <run_address>0x416c</run_address>
         <size>0x38</size>
         <input_file_ref idref="fl-d5"/>
      </object_component>
      <object_component id="oc-178">
         <name>.text:IntRegister</name>
         <load_address>0x41a4</load_address>
         <run_address>0x41a4</run_address>
         <size>0x34</size>
         <input_file_ref idref="fl-f6"/>
      </object_component>
      <object_component id="oc-232">
         <name>.text:_outs</name>
         <load_address>0x41d8</load_address>
         <run_address>0x41d8</run_address>
         <size>0x30</size>
         <input_file_ref idref="fl-e5"/>
      </object_component>
      <object_component id="oc-10b">
         <name>.text</name>
         <load_address>0x4208</load_address>
         <run_address>0x4208</run_address>
         <size>0x2e</size>
         <input_file_ref idref="fl-d6"/>
      </object_component>
      <object_component id="oc-1c9">
         <name>.text</name>
         <load_address>0x4236</load_address>
         <run_address>0x4236</run_address>
         <size>0x20</size>
         <input_file_ref idref="fl-d8"/>
      </object_component>
      <object_component id="oc-2b9">
         <name>.text:memccpy</name>
         <load_address>0x4256</load_address>
         <run_address>0x4256</run_address>
         <size>0x1c</size>
         <input_file_ref idref="fl-ef"/>
      </object_component>
      <object_component id="oc-238">
         <name>.text:_outc</name>
         <load_address>0x4272</load_address>
         <run_address>0x4272</run_address>
         <size>0x18</size>
         <input_file_ref idref="fl-e5"/>
      </object_component>
      <object_component id="oc-1ed">
         <name>.text:_outs</name>
         <load_address>0x428a</load_address>
         <run_address>0x428a</run_address>
         <size>0x18</size>
         <input_file_ref idref="fl-e2"/>
      </object_component>
      <object_component id="oc-193">
         <name>.text:strcmp</name>
         <load_address>0x42a2</load_address>
         <run_address>0x42a2</run_address>
         <size>0x18</size>
         <input_file_ref idref="fl-e3"/>
      </object_component>
      <object_component id="oc-35a">
         <name>.text:strchr</name>
         <load_address>0x42ba</load_address>
         <run_address>0x42ba</run_address>
         <size>0x16</size>
         <input_file_ref idref="fl-f0"/>
      </object_component>
      <object_component id="oc-30e">
         <name>.text:copysign</name>
         <load_address>0x42d0</load_address>
         <run_address>0x42d0</run_address>
         <size>0x14</size>
         <input_file_ref idref="fl-cd"/>
      </object_component>
      <object_component id="oc-199">
         <name>.text:strcpy</name>
         <load_address>0x42e4</load_address>
         <run_address>0x42e4</run_address>
         <size>0x14</size>
         <input_file_ref idref="fl-e4"/>
      </object_component>
      <object_component id="oc-28f">
         <name>.text:strlen</name>
         <load_address>0x42f8</load_address>
         <run_address>0x42f8</run_address>
         <size>0x14</size>
         <input_file_ref idref="fl-f1"/>
      </object_component>
      <object_component id="oc-2bf">
         <name>.text:wcslen</name>
         <load_address>0x430c</load_address>
         <run_address>0x430c</run_address>
         <size>0x12</size>
         <input_file_ref idref="fl-f3"/>
      </object_component>
      <object_component id="oc-1ac">
         <name>.text:IntMasterEnable</name>
         <load_address>0x431e</load_address>
         <run_address>0x431e</run_address>
         <size>0x10</size>
         <input_file_ref idref="fl-f6"/>
      </object_component>
      <object_component id="oc-186">
         <name>.text:lcd_clear</name>
         <load_address>0x432e</load_address>
         <run_address>0x432e</run_address>
         <size>0x10</size>
         <input_file_ref idref="fl-5"/>
      </object_component>
      <object_component id="oc-18">
         <name>.text:decompress:none:__TI_decompress_none</name>
         <load_address>0x433e</load_address>
         <run_address>0x433e</run_address>
         <size>0xe</size>
         <input_file_ref idref="fl-da"/>
      </object_component>
      <object_component id="oc-257">
         <name>.text:CPUcpsie</name>
         <load_address>0x434c</load_address>
         <run_address>0x434c</run_address>
         <size>0xc</size>
         <input_file_ref idref="fl-f7"/>
      </object_component>
      <object_component id="oc-4d">
         <name>.text:decompress:ZI:__TI_zero_init</name>
         <load_address>0x4358</load_address>
         <run_address>0x4358</run_address>
         <size>0xc</size>
         <input_file_ref idref="fl-d9"/>
      </object_component>
      <object_component id="oc-27">
         <name>.text</name>
         <load_address>0x4364</load_address>
         <run_address>0x4364</run_address>
         <size>0xc</size>
         <input_file_ref idref="fl-c"/>
      </object_component>
      <object_component id="oc-1f3">
         <name>.text:_outc</name>
         <load_address>0x4370</load_address>
         <run_address>0x4370</run_address>
         <size>0xa</size>
         <input_file_ref idref="fl-e2"/>
      </object_component>
      <object_component id="oc-270">
         <name>.text:__aeabi_errno_addr</name>
         <load_address>0x437c</load_address>
         <run_address>0x437c</run_address>
         <size>0x8</size>
         <input_file_ref idref="fl-dd"/>
      </object_component>
      <object_component id="oc-99">
         <name>.text:_system_pre_init</name>
         <load_address>0x4384</load_address>
         <run_address>0x4384</run_address>
         <size>0x4</size>
         <input_file_ref idref="fl-e9"/>
      </object_component>
      <object_component id="oc-138">
         <name>.text:abort:abort</name>
         <load_address>0x4388</load_address>
         <run_address>0x4388</run_address>
         <size>0x4</size>
         <input_file_ref idref="fl-de"/>
      </object_component>
      <object_component id="oc-328">
         <name>.const:.string:_ctypes_</name>
         <load_address>0x4390</load_address>
         <run_address>0x4390</run_address>
         <size>0x101</size>
         <input_file_ref idref="fl-ed"/>
      </object_component>
      <object_component id="oc-19f">
         <name>.const:.string:lineAddress$1</name>
         <load_address>0x4491</load_address>
         <run_address>0x4491</run_address>
         <size>0x4</size>
         <input_file_ref idref="fl-5"/>
      </object_component>
      <object_component id="oc-276">
         <name>.const:$O1$$</name>
         <load_address>0x4498</load_address>
         <run_address>0x4498</run_address>
         <size>0x30</size>
         <input_file_ref idref="fl-c8"/>
      </object_component>
      <object_component id="oc-1a2">
         <name>.const:.string:$P$T0$4</name>
         <load_address>0x44c8</load_address>
         <run_address>0x44c8</run_address>
         <size>0x15</size>
         <input_file_ref idref="fl-5"/>
      </object_component>
      <object_component id="oc-1a0">
         <name>.const:.string:lineAddresses$2</name>
         <load_address>0x44dd</load_address>
         <run_address>0x44dd</run_address>
         <size>0x4</size>
         <input_file_ref idref="fl-5"/>
      </object_component>
      <object_component id="oc-3ea">
         <name>__TI_handler_table</name>
         <load_address>0x44e8</load_address>
         <run_address>0x44e8</run_address>
         <size>0xc</size>
      </object_component>
      <object_component id="oc-3ee">
         <name>.cinit..bss.load</name>
         <load_address>0x44f8</load_address>
         <run_address>0x44f8</run_address>
         <size>0x8</size>
      </object_component>
      <object_component id="oc-3ed">
         <name>.cinit..data.load</name>
         <load_address>0x4500</load_address>
         <run_address>0x4500</run_address>
         <size>0x8</size>
      </object_component>
      <object_component id="oc-3ec">
         <name>.cinit..vtable.load</name>
         <load_address>0x4508</load_address>
         <run_address>0x4508</run_address>
         <size>0x8</size>
      </object_component>
      <object_component id="oc-3eb">
         <name>__TI_cinit_table</name>
         <load_address>0x4510</load_address>
         <run_address>0x4510</run_address>
         <size>0x18</size>
      </object_component>
      <object_component id="oc-224">
         <name>.vtable</name>
         <uninitialized>true</uninitialized>
         <run_address>0x20000000</run_address>
         <size>0x26c</size>
         <input_file_ref idref="fl-f6"/>
      </object_component>
      <object_component id="oc-182">
         <name>.data</name>
         <load_address>0x200026b4</load_address>
         <run_address>0x200026b4</run_address>
         <size>0x8</size>
         <input_file_ref idref="fl-3"/>
      </object_component>
      <object_component id="oc-1b5">
         <name>.data</name>
         <load_address>0x200026bc</load_address>
         <run_address>0x200026bc</run_address>
         <size>0x8</size>
         <input_file_ref idref="fl-9"/>
      </object_component>
      <object_component id="oc-11b">
         <name>.data</name>
         <load_address>0x200026a8</load_address>
         <run_address>0x200026a8</run_address>
         <size>0xc</size>
         <input_file_ref idref="fl-a"/>
      </object_component>
      <object_component id="oc-307">
         <name>.data</name>
         <load_address>0x200026c4</load_address>
         <run_address>0x200026c4</run_address>
         <size>0x4</size>
         <input_file_ref idref="fl-dd"/>
      </object_component>
      <object_component id="oc-1a1">
         <name>.bss:lastbuffer$3</name>
         <uninitialized>true</uninitialized>
         <run_address>0x20002630</run_address>
         <size>0x54</size>
         <input_file_ref idref="fl-5"/>
      </object_component>
      <object_component id="oc-17e">
         <name>.common:c</name>
         <uninitialized>true</uninitialized>
         <run_address>0x200026a4</run_address>
         <size>0x1</size>
      </object_component>
      <object_component id="oc-181">
         <name>.common:result</name>
         <uninitialized>true</uninitialized>
         <run_address>0x20002684</run_address>
         <size>0x14</size>
      </object_component>
      <object_component id="oc-136">
         <name>.common:PINGunder50</name>
         <uninitialized>true</uninitialized>
         <run_address>0x20002590</run_address>
         <size>0xa0</size>
      </object_component>
      <object_component id="oc-11e">
         <name>.common:PINGtemp</name>
         <uninitialized>true</uninitialized>
         <run_address>0x20002270</run_address>
         <size>0x320</size>
      </object_component>
      <object_component id="oc-1b2">
         <name>.common:state</name>
         <uninitialized>true</uninitialized>
         <run_address>0x200026a5</run_address>
         <size>0x1</size>
      </object_component>
      <object_component id="oc-1b8">
         <name>.common:OverFlow_ptr</name>
         <uninitialized>true</uninitialized>
         <run_address>0x20002698</run_address>
         <size>0x4</size>
      </object_component>
      <object_component id="oc-1b9">
         <name>.common:clockCycle_ptr</name>
         <uninitialized>true</uninitialized>
         <run_address>0x2000269c</run_address>
         <size>0x4</size>
      </object_component>
      <object_component id="oc-1c5">
         <name>.common:matcher</name>
         <uninitialized>true</uninitialized>
         <run_address>0x200026a0</run_address>
         <size>0x4</size>
      </object_component>
      <object_component id="oc-24">
         <name>.sysmem</name>
         <uninitialized>true</uninitialized>
         <run_address>0x20001270</run_address>
         <size>0x8</size>
         <input_file_ref idref="fl-df"/>
      </object_component>
      <object_component id="oc-3f0">
         <name>.sysmem</name>
         <uninitialized>true</uninitialized>
         <run_address>0x20001270</run_address>
         <size>0x0</size>
      </object_component>
      <object_component id="oc-21">
         <name>.stack</name>
         <uninitialized>true</uninitialized>
         <run_address>0x20000270</run_address>
         <size>0x4</size>
         <input_file_ref idref="fl-dc"/>
      </object_component>
      <object_component id="oc-3ef">
         <name>.stack</name>
         <uninitialized>true</uninitialized>
         <run_address>0x20000270</run_address>
         <size>0x0</size>
      </object_component>
      <object_component id="oc-c2">
         <name>.debug_info</name>
         <load_address>0x0</load_address>
         <run_address>0x0</run_address>
         <size>0x29a</size>
         <input_file_ref idref="fl-2"/>
      </object_component>
      <object_component id="oc-ec">
         <name>.debug_info</name>
         <load_address>0x29a</load_address>
         <run_address>0x29a</run_address>
         <size>0x2c7</size>
         <input_file_ref idref="fl-2"/>
      </object_component>
      <object_component id="oc-74">
         <name>.debug_info</name>
         <load_address>0x561</load_address>
         <run_address>0x561</run_address>
         <size>0x26b</size>
         <input_file_ref idref="fl-2"/>
      </object_component>
      <object_component id="oc-36">
         <name>.debug_info</name>
         <load_address>0x7cc</load_address>
         <run_address>0x7cc</run_address>
         <size>0x84</size>
         <input_file_ref idref="fl-2"/>
      </object_component>
      <object_component id="oc-bd">
         <name>.debug_info</name>
         <load_address>0x850</load_address>
         <run_address>0x850</run_address>
         <size>0x297</size>
         <input_file_ref idref="fl-2"/>
      </object_component>
      <object_component id="oc-79">
         <name>.debug_info</name>
         <load_address>0xae7</load_address>
         <run_address>0xae7</run_address>
         <size>0xbb</size>
         <input_file_ref idref="fl-2"/>
      </object_component>
      <object_component id="oc-252">
         <name>.debug_info</name>
         <load_address>0xba2</load_address>
         <run_address>0xba2</run_address>
         <size>0xcc</size>
         <input_file_ref idref="fl-2"/>
      </object_component>
      <object_component id="oc-1a7">
         <name>.debug_info</name>
         <load_address>0xc6e</load_address>
         <run_address>0xc6e</run_address>
         <size>0x2c</size>
         <input_file_ref idref="fl-2"/>
      </object_component>
      <object_component id="oc-17f">
         <name>.debug_info</name>
         <load_address>0xc9a</load_address>
         <run_address>0xc9a</run_address>
         <size>0x2f3</size>
         <input_file_ref idref="fl-3"/>
      </object_component>
      <object_component id="oc-183">
         <name>.debug_info</name>
         <load_address>0xf8d</load_address>
         <run_address>0xf8d</run_address>
         <size>0xce</size>
         <input_file_ref idref="fl-3"/>
      </object_component>
      <object_component id="oc-d4">
         <name>.debug_info</name>
         <load_address>0x105b</load_address>
         <run_address>0x105b</run_address>
         <size>0x30d</size>
         <input_file_ref idref="fl-3"/>
      </object_component>
      <object_component id="oc-1a6">
         <name>.debug_info</name>
         <load_address>0x1368</load_address>
         <run_address>0x1368</run_address>
         <size>0x392</size>
         <input_file_ref idref="fl-5"/>
      </object_component>
      <object_component id="oc-1a3">
         <name>.debug_info</name>
         <load_address>0x16fa</load_address>
         <run_address>0x16fa</run_address>
         <size>0xb8</size>
         <input_file_ref idref="fl-5"/>
      </object_component>
      <object_component id="oc-187">
         <name>.debug_info</name>
         <load_address>0x17b2</load_address>
         <run_address>0x17b2</run_address>
         <size>0x111</size>
         <input_file_ref idref="fl-5"/>
      </object_component>
      <object_component id="oc-da">
         <name>.debug_info</name>
         <load_address>0x18c3</load_address>
         <run_address>0x18c3</run_address>
         <size>0xb10</size>
         <input_file_ref idref="fl-5"/>
      </object_component>
      <object_component id="oc-11f">
         <name>.debug_info</name>
         <load_address>0x23d3</load_address>
         <run_address>0x23d3</run_address>
         <size>0x523</size>
         <input_file_ref idref="fl-6"/>
      </object_component>
      <object_component id="oc-a0">
         <name>.debug_info</name>
         <load_address>0x28f6</load_address>
         <run_address>0x28f6</run_address>
         <size>0x761</size>
         <input_file_ref idref="fl-6"/>
      </object_component>
      <object_component id="oc-1dc">
         <name>.debug_info</name>
         <load_address>0x3057</load_address>
         <run_address>0x3057</run_address>
         <size>0x2c</size>
         <input_file_ref idref="fl-7"/>
      </object_component>
      <object_component id="oc-1b3">
         <name>.debug_info</name>
         <load_address>0x3083</load_address>
         <run_address>0x3083</run_address>
         <size>0x375</size>
         <input_file_ref idref="fl-9"/>
      </object_component>
      <object_component id="oc-1b6">
         <name>.debug_info</name>
         <load_address>0x33f8</load_address>
         <run_address>0x33f8</run_address>
         <size>0xcc</size>
         <input_file_ref idref="fl-9"/>
      </object_component>
      <object_component id="oc-e3">
         <name>.debug_info</name>
         <load_address>0x34c4</load_address>
         <run_address>0x34c4</run_address>
         <size>0x399</size>
         <input_file_ref idref="fl-9"/>
      </object_component>
      <object_component id="oc-260">
         <name>.debug_info</name>
         <load_address>0x385d</load_address>
         <run_address>0x385d</run_address>
         <size>0x44</size>
         <input_file_ref idref="fl-9"/>
      </object_component>
      <object_component id="oc-1bb">
         <name>.debug_info</name>
         <load_address>0x38a1</load_address>
         <run_address>0x38a1</run_address>
         <size>0x8b</size>
         <input_file_ref idref="fl-9"/>
      </object_component>
      <object_component id="oc-1c6">
         <name>.debug_info</name>
         <load_address>0x392c</load_address>
         <run_address>0x392c</run_address>
         <size>0x2df</size>
         <input_file_ref idref="fl-a"/>
      </object_component>
      <object_component id="oc-11c">
         <name>.debug_info</name>
         <load_address>0x3c0b</load_address>
         <run_address>0x3c0b</run_address>
         <size>0xeb</size>
         <input_file_ref idref="fl-a"/>
      </object_component>
      <object_component id="oc-e6">
         <name>.debug_info</name>
         <load_address>0x3cf6</load_address>
         <run_address>0x3cf6</run_address>
         <size>0x416</size>
         <input_file_ref idref="fl-a"/>
      </object_component>
      <object_component id="oc-f3">
         <name>.debug_info</name>
         <load_address>0x410c</load_address>
         <run_address>0x410c</run_address>
         <size>0x3e1</size>
         <input_file_ref idref="fl-b"/>
      </object_component>
      <object_component id="oc-2f">
         <name>.debug_info</name>
         <load_address>0x44ed</load_address>
         <run_address>0x44ed</run_address>
         <size>0x298</size>
         <input_file_ref idref="fl-c"/>
      </object_component>
      <object_component id="oc-10">
         <name>.debug_info</name>
         <load_address>0x4785</load_address>
         <run_address>0x4785</run_address>
         <size>0xd7</size>
         <input_file_ref idref="fl-c"/>
      </object_component>
      <object_component id="oc-29">
         <name>.debug_info</name>
         <load_address>0x485c</load_address>
         <run_address>0x485c</run_address>
         <size>0x253</size>
         <input_file_ref idref="fl-c"/>
      </object_component>
      <object_component id="oc-285">
         <name>.debug_info</name>
         <load_address>0x4aaf</load_address>
         <run_address>0x4aaf</run_address>
         <size>0x358</size>
         <input_file_ref idref="fl-c8"/>
      </object_component>
      <object_component id="oc-277">
         <name>.debug_info</name>
         <load_address>0x4e07</load_address>
         <run_address>0x4e07</run_address>
         <size>0x11d</size>
         <input_file_ref idref="fl-c8"/>
      </object_component>
      <object_component id="oc-1d0">
         <name>.debug_info</name>
         <load_address>0x4f24</load_address>
         <run_address>0x4f24</run_address>
         <size>0xbd9</size>
         <input_file_ref idref="fl-c8"/>
      </object_component>
      <object_component id="oc-31b">
         <name>.debug_info</name>
         <load_address>0x5afd</load_address>
         <run_address>0x5afd</run_address>
         <size>0x46</size>
         <input_file_ref idref="fl-c8"/>
      </object_component>
      <object_component id="oc-280">
         <name>.debug_info</name>
         <load_address>0x5b43</load_address>
         <run_address>0x5b43</run_address>
         <size>0x39</size>
         <input_file_ref idref="fl-c8"/>
      </object_component>
      <object_component id="oc-306">
         <name>.debug_info</name>
         <load_address>0x5b7c</load_address>
         <run_address>0x5b7c</run_address>
         <size>0x2bf</size>
         <input_file_ref idref="fl-c9"/>
      </object_component>
      <object_component id="oc-26b">
         <name>.debug_info</name>
         <load_address>0x5e3b</load_address>
         <run_address>0x5e3b</run_address>
         <size>0x242</size>
         <input_file_ref idref="fl-c9"/>
      </object_component>
      <object_component id="oc-28e">
         <name>.debug_info</name>
         <load_address>0x607d</load_address>
         <run_address>0x607d</run_address>
         <size>0x2a5</size>
         <input_file_ref idref="fl-ca"/>
      </object_component>
      <object_component id="oc-1d6">
         <name>.debug_info</name>
         <load_address>0x6322</load_address>
         <run_address>0x6322</run_address>
         <size>0x20e</size>
         <input_file_ref idref="fl-ca"/>
      </object_component>
      <object_component id="oc-315">
         <name>.debug_info</name>
         <load_address>0x6530</load_address>
         <run_address>0x6530</run_address>
         <size>0x2f2</size>
         <input_file_ref idref="fl-cb"/>
      </object_component>
      <object_component id="oc-27c">
         <name>.debug_info</name>
         <load_address>0x6822</load_address>
         <run_address>0x6822</run_address>
         <size>0x21a</size>
         <input_file_ref idref="fl-cb"/>
      </object_component>
      <object_component id="oc-38e">
         <name>.debug_info</name>
         <load_address>0x6a3c</load_address>
         <run_address>0x6a3c</run_address>
         <size>0x39</size>
         <input_file_ref idref="fl-cb"/>
      </object_component>
      <object_component id="oc-316">
         <name>.debug_info</name>
         <load_address>0x6a75</load_address>
         <run_address>0x6a75</run_address>
         <size>0x2c</size>
         <input_file_ref idref="fl-cb"/>
      </object_component>
      <object_component id="oc-202">
         <name>.debug_info</name>
         <load_address>0x6aa1</load_address>
         <run_address>0x6aa1</run_address>
         <size>0x283</size>
         <input_file_ref idref="fl-cc"/>
      </object_component>
      <object_component id="oc-12f">
         <name>.debug_info</name>
         <load_address>0x6d24</load_address>
         <run_address>0x6d24</run_address>
         <size>0x171</size>
         <input_file_ref idref="fl-cc"/>
      </object_component>
      <object_component id="oc-30f">
         <name>.debug_info</name>
         <load_address>0x6e95</load_address>
         <run_address>0x6e95</run_address>
         <size>0x156</size>
         <input_file_ref idref="fl-cd"/>
      </object_component>
      <object_component id="oc-109">
         <name>.debug_info</name>
         <load_address>0x6feb</load_address>
         <run_address>0x6feb</run_address>
         <size>0x144</size>
         <input_file_ref idref="fl-ce"/>
      </object_component>
      <object_component id="oc-f8">
         <name>.debug_info</name>
         <load_address>0x712f</load_address>
         <run_address>0x712f</run_address>
         <size>0x120</size>
         <input_file_ref idref="fl-cf"/>
      </object_component>
      <object_component id="oc-104">
         <name>.debug_info</name>
         <load_address>0x724f</load_address>
         <run_address>0x724f</run_address>
         <size>0x122</size>
         <input_file_ref idref="fl-cf"/>
      </object_component>
      <object_component id="oc-111">
         <name>.debug_info</name>
         <load_address>0x7371</load_address>
         <run_address>0x7371</run_address>
         <size>0x132</size>
         <input_file_ref idref="fl-d0"/>
      </object_component>
      <object_component id="oc-122">
         <name>.debug_info</name>
         <load_address>0x74a3</load_address>
         <run_address>0x74a3</run_address>
         <size>0x132</size>
         <input_file_ref idref="fl-d1"/>
      </object_component>
      <object_component id="oc-fd">
         <name>.debug_info</name>
         <load_address>0x75d5</load_address>
         <run_address>0x75d5</run_address>
         <size>0x126</size>
         <input_file_ref idref="fl-d2"/>
      </object_component>
      <object_component id="oc-129">
         <name>.debug_info</name>
         <load_address>0x76fb</load_address>
         <run_address>0x76fb</run_address>
         <size>0x136</size>
         <input_file_ref idref="fl-d3"/>
      </object_component>
      <object_component id="oc-1c1">
         <name>.debug_info</name>
         <load_address>0x7831</load_address>
         <run_address>0x7831</run_address>
         <size>0x131</size>
         <input_file_ref idref="fl-d4"/>
      </object_component>
      <object_component id="oc-132">
         <name>.debug_info</name>
         <load_address>0x7962</load_address>
         <run_address>0x7962</run_address>
         <size>0x124</size>
         <input_file_ref idref="fl-d5"/>
      </object_component>
      <object_component id="oc-10e">
         <name>.debug_info</name>
         <load_address>0x7a86</load_address>
         <run_address>0x7a86</run_address>
         <size>0x124</size>
         <input_file_ref idref="fl-d6"/>
      </object_component>
      <object_component id="oc-3c">
         <name>.debug_info</name>
         <load_address>0x7baa</load_address>
         <run_address>0x7baa</run_address>
         <size>0x111</size>
         <input_file_ref idref="fl-d7"/>
      </object_component>
      <object_component id="oc-1ca">
         <name>.debug_info</name>
         <load_address>0x7cbb</load_address>
         <run_address>0x7cbb</run_address>
         <size>0x126</size>
         <input_file_ref idref="fl-d8"/>
      </object_component>
      <object_component id="oc-92">
         <name>.debug_info</name>
         <load_address>0x7de1</load_address>
         <run_address>0x7de1</run_address>
         <size>0x313</size>
         <input_file_ref idref="fl-d9"/>
      </object_component>
      <object_component id="oc-4e">
         <name>.debug_info</name>
         <load_address>0x80f4</load_address>
         <run_address>0x80f4</run_address>
         <size>0x1aa</size>
         <input_file_ref idref="fl-d9"/>
      </object_component>
      <object_component id="oc-8d">
         <name>.debug_info</name>
         <load_address>0x829e</load_address>
         <run_address>0x829e</run_address>
         <size>0x46</size>
         <input_file_ref idref="fl-d9"/>
      </object_component>
      <object_component id="oc-ca">
         <name>.debug_info</name>
         <load_address>0x82e4</load_address>
         <run_address>0x82e4</run_address>
         <size>0x2c</size>
         <input_file_ref idref="fl-d9"/>
      </object_component>
      <object_component id="oc-46">
         <name>.debug_info</name>
         <load_address>0x8310</load_address>
         <run_address>0x8310</run_address>
         <size>0x29d</size>
         <input_file_ref idref="fl-da"/>
      </object_component>
      <object_component id="oc-19">
         <name>.debug_info</name>
         <load_address>0x85ad</load_address>
         <run_address>0x85ad</run_address>
         <size>0x1df</size>
         <input_file_ref idref="fl-da"/>
      </object_component>
      <object_component id="oc-41">
         <name>.debug_info</name>
         <load_address>0x878c</load_address>
         <run_address>0x878c</run_address>
         <size>0x46</size>
         <input_file_ref idref="fl-da"/>
      </object_component>
      <object_component id="oc-85">
         <name>.debug_info</name>
         <load_address>0x87d2</load_address>
         <run_address>0x87d2</run_address>
         <size>0x2c</size>
         <input_file_ref idref="fl-da"/>
      </object_component>
      <object_component id="oc-83">
         <name>.debug_info</name>
         <load_address>0x87fe</load_address>
         <run_address>0x87fe</run_address>
         <size>0x293</size>
         <input_file_ref idref="fl-db"/>
      </object_component>
      <object_component id="oc-13">
         <name>.debug_info</name>
         <load_address>0x8a91</load_address>
         <run_address>0x8a91</run_address>
         <size>0x245</size>
         <input_file_ref idref="fl-db"/>
      </object_component>
      <object_component id="oc-31">
         <name>.debug_info</name>
         <load_address>0x8cd6</load_address>
         <run_address>0x8cd6</run_address>
         <size>0x60</size>
         <input_file_ref idref="fl-db"/>
      </object_component>
      <object_component id="oc-c3">
         <name>.debug_info</name>
         <load_address>0x8d36</load_address>
         <run_address>0x8d36</run_address>
         <size>0x46</size>
         <input_file_ref idref="fl-db"/>
      </object_component>
      <object_component id="oc-7e">
         <name>.debug_info</name>
         <load_address>0x8d7c</load_address>
         <run_address>0x8d7c</run_address>
         <size>0x39</size>
         <input_file_ref idref="fl-db"/>
      </object_component>
      <object_component id="oc-22">
         <name>.debug_info</name>
         <load_address>0x8db5</load_address>
         <run_address>0x8db5</run_address>
         <size>0x100</size>
         <input_file_ref idref="fl-dc"/>
      </object_component>
      <object_component id="oc-5b">
         <name>.debug_info</name>
         <load_address>0x8eb5</load_address>
         <run_address>0x8eb5</run_address>
         <size>0x1a4</size>
         <input_file_ref idref="fl-dc"/>
      </object_component>
      <object_component id="oc-30b">
         <name>.debug_info</name>
         <load_address>0x9059</load_address>
         <run_address>0x9059</run_address>
         <size>0x27e</size>
         <input_file_ref idref="fl-dd"/>
      </object_component>
      <object_component id="oc-308">
         <name>.debug_info</name>
         <load_address>0x92d7</load_address>
         <run_address>0x92d7</run_address>
         <size>0x103</size>
         <input_file_ref idref="fl-dd"/>
      </object_component>
      <object_component id="oc-271">
         <name>.debug_info</name>
         <load_address>0x93da</load_address>
         <run_address>0x93da</run_address>
         <size>0x143</size>
         <input_file_ref idref="fl-dd"/>
      </object_component>
      <object_component id="oc-13c">
         <name>.debug_info</name>
         <load_address>0x951d</load_address>
         <run_address>0x951d</run_address>
         <size>0x117</size>
         <input_file_ref idref="fl-de"/>
      </object_component>
      <object_component id="oc-6f">
         <name>.debug_info</name>
         <load_address>0x9634</load_address>
         <run_address>0x9634</run_address>
         <size>0x3bb</size>
         <input_file_ref idref="fl-df"/>
      </object_component>
      <object_component id="oc-25">
         <name>.debug_info</name>
         <load_address>0x99ef</load_address>
         <run_address>0x99ef</run_address>
         <size>0x101</size>
         <input_file_ref idref="fl-df"/>
      </object_component>
      <object_component id="oc-b3">
         <name>.debug_info</name>
         <load_address>0x9af0</load_address>
         <run_address>0x9af0</run_address>
         <size>0x2c</size>
         <input_file_ref idref="fl-df"/>
      </object_component>
      <object_component id="oc-b8">
         <name>.debug_info</name>
         <load_address>0x9b1c</load_address>
         <run_address>0x9b1c</run_address>
         <size>0x62</size>
         <input_file_ref idref="fl-df"/>
      </object_component>
      <object_component id="oc-1fa">
         <name>.debug_info</name>
         <load_address>0x9b7e</load_address>
         <run_address>0x9b7e</run_address>
         <size>0x328</size>
         <input_file_ref idref="fl-e2"/>
      </object_component>
      <object_component id="oc-116">
         <name>.debug_info</name>
         <load_address>0x9ea6</load_address>
         <run_address>0x9ea6</run_address>
         <size>0x1c6</size>
         <input_file_ref idref="fl-e2"/>
      </object_component>
      <object_component id="oc-1ee">
         <name>.debug_info</name>
         <load_address>0xa06c</load_address>
         <run_address>0xa06c</run_address>
         <size>0x182</size>
         <input_file_ref idref="fl-e2"/>
      </object_component>
      <object_component id="oc-1f4">
         <name>.debug_info</name>
         <load_address>0xa1ee</load_address>
         <run_address>0xa1ee</run_address>
         <size>0x162</size>
         <input_file_ref idref="fl-e2"/>
      </object_component>
      <object_component id="oc-240">
         <name>.debug_info</name>
         <load_address>0xa350</load_address>
         <run_address>0xa350</run_address>
         <size>0x2c</size>
         <input_file_ref idref="fl-e2"/>
      </object_component>
      <object_component id="oc-24b">
         <name>.debug_info</name>
         <load_address>0xa37c</load_address>
         <run_address>0xa37c</run_address>
         <size>0x27f</size>
         <input_file_ref idref="fl-e3"/>
      </object_component>
      <object_component id="oc-194">
         <name>.debug_info</name>
         <load_address>0xa5fb</load_address>
         <run_address>0xa5fb</run_address>
         <size>0x258</size>
         <input_file_ref idref="fl-e3"/>
      </object_component>
      <object_component id="oc-24d">
         <name>.debug_info</name>
         <load_address>0xa853</load_address>
         <run_address>0xa853</run_address>
         <size>0x299</size>
         <input_file_ref idref="fl-e4"/>
      </object_component>
      <object_component id="oc-19a">
         <name>.debug_info</name>
         <load_address>0xaaec</load_address>
         <run_address>0xaaec</run_address>
         <size>0x231</size>
         <input_file_ref idref="fl-e4"/>
      </object_component>
      <object_component id="oc-23f">
         <name>.debug_info</name>
         <load_address>0xad1d</load_address>
         <run_address>0xad1d</run_address>
         <size>0x335</size>
         <input_file_ref idref="fl-e5"/>
      </object_component>
      <object_component id="oc-18f">
         <name>.debug_info</name>
         <load_address>0xb052</load_address>
         <run_address>0xb052</run_address>
         <size>0x1fd</size>
         <input_file_ref idref="fl-e5"/>
      </object_component>
      <object_component id="oc-233">
         <name>.debug_info</name>
         <load_address>0xb24f</load_address>
         <run_address>0xb24f</run_address>
         <size>0x1bb</size>
         <input_file_ref idref="fl-e5"/>
      </object_component>
      <object_component id="oc-239">
         <name>.debug_info</name>
         <load_address>0xb40a</load_address>
         <run_address>0xb40a</run_address>
         <size>0x16e</size>
         <input_file_ref idref="fl-e5"/>
      </object_component>
      <object_component id="oc-245">
         <name>.debug_info</name>
         <load_address>0xb578</load_address>
         <run_address>0xb578</run_address>
         <size>0x69</size>
         <input_file_ref idref="fl-e5"/>
      </object_component>
      <object_component id="oc-323">
         <name>.debug_info</name>
         <load_address>0xb5e1</load_address>
         <run_address>0xb5e1</run_address>
         <size>0x284</size>
         <input_file_ref idref="fl-e6"/>
      </object_component>
      <object_component id="oc-289">
         <name>.debug_info</name>
         <load_address>0xb865</load_address>
         <run_address>0xb865</run_address>
         <size>0x21f</size>
         <input_file_ref idref="fl-e6"/>
      </object_component>
      <object_component id="oc-96">
         <name>.debug_info</name>
         <load_address>0xba84</load_address>
         <run_address>0xba84</run_address>
         <size>0x13f</size>
         <input_file_ref idref="fl-e7"/>
      </object_component>
      <object_component id="oc-20f">
         <name>.debug_info</name>
         <load_address>0xbbc3</load_address>
         <run_address>0xbbc3</run_address>
         <size>0x547</size>
         <input_file_ref idref="fl-e8"/>
      </object_component>
      <object_component id="oc-145">
         <name>.debug_info</name>
         <load_address>0xc10a</load_address>
         <run_address>0xc10a</run_address>
         <size>0x19b</size>
         <input_file_ref idref="fl-e8"/>
      </object_component>
      <object_component id="oc-2e7">
         <name>.debug_info</name>
         <load_address>0xc2a5</load_address>
         <run_address>0xc2a5</run_address>
         <size>0x39</size>
         <input_file_ref idref="fl-e8"/>
      </object_component>
      <object_component id="oc-379">
         <name>.debug_info</name>
         <load_address>0xc2de</load_address>
         <run_address>0xc2de</run_address>
         <size>0x39</size>
         <input_file_ref idref="fl-e8"/>
      </object_component>
      <object_component id="oc-2ec">
         <name>.debug_info</name>
         <load_address>0xc317</load_address>
         <run_address>0xc317</run_address>
         <size>0x39</size>
         <input_file_ref idref="fl-e8"/>
      </object_component>
      <object_component id="oc-2f1">
         <name>.debug_info</name>
         <load_address>0xc350</load_address>
         <run_address>0xc350</run_address>
         <size>0xcd</size>
         <input_file_ref idref="fl-e8"/>
      </object_component>
      <object_component id="oc-9c">
         <name>.debug_info</name>
         <load_address>0xc41d</load_address>
         <run_address>0xc41d</run_address>
         <size>0x148</size>
         <input_file_ref idref="fl-e9"/>
      </object_component>
      <object_component id="oc-2c6">
         <name>.debug_info</name>
         <load_address>0xc565</load_address>
         <run_address>0xc565</run_address>
         <size>0x8a6</size>
         <input_file_ref idref="fl-eb"/>
      </object_component>
      <object_component id="oc-29f">
         <name>.debug_info</name>
         <load_address>0xce0b</load_address>
         <run_address>0xce0b</run_address>
         <size>0x213</size>
         <input_file_ref idref="fl-eb"/>
      </object_component>
      <object_component id="oc-33d">
         <name>.debug_info</name>
         <load_address>0xd01e</load_address>
         <run_address>0xd01e</run_address>
         <size>0x1a8</size>
         <input_file_ref idref="fl-eb"/>
      </object_component>
      <object_component id="oc-343">
         <name>.debug_info</name>
         <load_address>0xd1c6</load_address>
         <run_address>0xd1c6</run_address>
         <size>0x210</size>
         <input_file_ref idref="fl-eb"/>
      </object_component>
      <object_component id="oc-2a5">
         <name>.debug_info</name>
         <load_address>0xd3d6</load_address>
         <run_address>0xd3d6</run_address>
         <size>0x3b0</size>
         <input_file_ref idref="fl-eb"/>
      </object_component>
      <object_component id="oc-34a">
         <name>.debug_info</name>
         <load_address>0xd786</load_address>
         <run_address>0xd786</run_address>
         <size>0x2fa</size>
         <input_file_ref idref="fl-eb"/>
      </object_component>
      <object_component id="oc-350">
         <name>.debug_info</name>
         <load_address>0xda80</load_address>
         <run_address>0xda80</run_address>
         <size>0x20a</size>
         <input_file_ref idref="fl-eb"/>
      </object_component>
      <object_component id="oc-2ab">
         <name>.debug_info</name>
         <load_address>0xdc8a</load_address>
         <run_address>0xdc8a</run_address>
         <size>0x20a</size>
         <input_file_ref idref="fl-eb"/>
      </object_component>
      <object_component id="oc-2b1">
         <name>.debug_info</name>
         <load_address>0xde94</load_address>
         <run_address>0xde94</run_address>
         <size>0x2f9</size>
         <input_file_ref idref="fl-eb"/>
      </object_component>
      <object_component id="oc-2b7">
         <name>.debug_info</name>
         <load_address>0xe18d</load_address>
         <run_address>0xe18d</run_address>
         <size>0x4a5</size>
         <input_file_ref idref="fl-eb"/>
      </object_component>
      <object_component id="oc-1eb">
         <name>.debug_info</name>
         <load_address>0xe632</load_address>
         <run_address>0xe632</run_address>
         <size>0x5cd</size>
         <input_file_ref idref="fl-eb"/>
      </object_component>
      <object_component id="oc-2c7">
         <name>.debug_info</name>
         <load_address>0xebff</load_address>
         <run_address>0xebff</run_address>
         <size>0x86</size>
         <input_file_ref idref="fl-eb"/>
      </object_component>
      <object_component id="oc-36c">
         <name>.debug_info</name>
         <load_address>0xec85</load_address>
         <run_address>0xec85</run_address>
         <size>0x39</size>
         <input_file_ref idref="fl-eb"/>
      </object_component>
      <object_component id="oc-3b5">
         <name>.debug_info</name>
         <load_address>0xecbe</load_address>
         <run_address>0xecbe</run_address>
         <size>0xb6</size>
         <input_file_ref idref="fl-eb"/>
      </object_component>
      <object_component id="oc-371">
         <name>.debug_info</name>
         <load_address>0xed74</load_address>
         <run_address>0xed74</run_address>
         <size>0x46</size>
         <input_file_ref idref="fl-eb"/>
      </object_component>
      <object_component id="oc-2cc">
         <name>.debug_info</name>
         <load_address>0xedba</load_address>
         <run_address>0xedba</run_address>
         <size>0x46</size>
         <input_file_ref idref="fl-eb"/>
      </object_component>
      <object_component id="oc-32c">
         <name>.debug_info</name>
         <load_address>0xee00</load_address>
         <run_address>0xee00</run_address>
         <size>0x2ae</size>
         <input_file_ref idref="fl-ec"/>
      </object_component>
      <object_component id="oc-298">
         <name>.debug_info</name>
         <load_address>0xf0ae</load_address>
         <run_address>0xf0ae</run_address>
         <size>0x171</size>
         <input_file_ref idref="fl-ec"/>
      </object_component>
      <object_component id="oc-399">
         <name>.debug_info</name>
         <load_address>0xf21f</load_address>
         <run_address>0xf21f</run_address>
         <size>0xee</size>
         <input_file_ref idref="fl-ed"/>
      </object_component>
      <object_component id="oc-329">
         <name>.debug_info</name>
         <load_address>0xf30d</load_address>
         <run_address>0xf30d</run_address>
         <size>0xfa</size>
         <input_file_ref idref="fl-ed"/>
      </object_component>
      <object_component id="oc-3a3">
         <name>.debug_info</name>
         <load_address>0xf407</load_address>
         <run_address>0xf407</run_address>
         <size>0x290</size>
         <input_file_ref idref="fl-ee"/>
      </object_component>
      <object_component id="oc-337">
         <name>.debug_info</name>
         <load_address>0xf697</load_address>
         <run_address>0xf697</run_address>
         <size>0x1c2</size>
         <input_file_ref idref="fl-ee"/>
      </object_component>
      <object_component id="oc-362">
         <name>.debug_info</name>
         <load_address>0xf859</load_address>
         <run_address>0xf859</run_address>
         <size>0x28b</size>
         <input_file_ref idref="fl-ef"/>
      </object_component>
      <object_component id="oc-2bb">
         <name>.debug_info</name>
         <load_address>0xfae4</load_address>
         <run_address>0xfae4</run_address>
         <size>0x1ab</size>
         <input_file_ref idref="fl-ef"/>
      </object_component>
      <object_component id="oc-3ab">
         <name>.debug_info</name>
         <load_address>0xfc8f</load_address>
         <run_address>0xfc8f</run_address>
         <size>0x28f</size>
         <input_file_ref idref="fl-f0"/>
      </object_component>
      <object_component id="oc-35b">
         <name>.debug_info</name>
         <load_address>0xff1e</load_address>
         <run_address>0xff1e</run_address>
         <size>0x247</size>
         <input_file_ref idref="fl-f0"/>
      </object_component>
      <object_component id="oc-327">
         <name>.debug_info</name>
         <load_address>0x10165</load_address>
         <run_address>0x10165</run_address>
         <size>0x284</size>
         <input_file_ref idref="fl-f1"/>
      </object_component>
      <object_component id="oc-291">
         <name>.debug_info</name>
         <load_address>0x103e9</load_address>
         <run_address>0x103e9</run_address>
         <size>0x22a</size>
         <input_file_ref idref="fl-f1"/>
      </object_component>
      <object_component id="oc-3a9">
         <name>.debug_info</name>
         <load_address>0x10613</load_address>
         <run_address>0x10613</run_address>
         <size>0x28f</size>
         <input_file_ref idref="fl-f2"/>
      </object_component>
      <object_component id="oc-356">
         <name>.debug_info</name>
         <load_address>0x108a2</load_address>
         <run_address>0x108a2</run_address>
         <size>0x18a</size>
         <input_file_ref idref="fl-f2"/>
      </object_component>
      <object_component id="oc-369">
         <name>.debug_info</name>
         <load_address>0x10a2c</load_address>
         <run_address>0x10a2c</run_address>
         <size>0x284</size>
         <input_file_ref idref="fl-f3"/>
      </object_component>
      <object_component id="oc-2c0">
         <name>.debug_info</name>
         <load_address>0x10cb0</load_address>
         <run_address>0x10cb0</run_address>
         <size>0x14f</size>
         <input_file_ref idref="fl-f3"/>
      </object_component>
      <object_component id="oc-3ae">
         <name>.debug_info</name>
         <load_address>0x10dff</load_address>
         <run_address>0x10dff</run_address>
         <size>0x46</size>
         <input_file_ref idref="fl-f3"/>
      </object_component>
      <object_component id="oc-364">
         <name>.debug_info</name>
         <load_address>0x10e45</load_address>
         <run_address>0x10e45</run_address>
         <size>0x39</size>
         <input_file_ref idref="fl-f3"/>
      </object_component>
      <object_component id="oc-32e">
         <name>.debug_info</name>
         <load_address>0x10e7e</load_address>
         <run_address>0x10e7e</run_address>
         <size>0x12c</size>
         <input_file_ref idref="fl-f4"/>
      </object_component>
      <object_component id="oc-39d">
         <name>.debug_info</name>
         <load_address>0x10faa</load_address>
         <run_address>0x10faa</run_address>
         <size>0x10d</size>
         <input_file_ref idref="fl-f5"/>
      </object_component>
      <object_component id="oc-22d">
         <name>.debug_info</name>
         <load_address>0x110b7</load_address>
         <run_address>0x110b7</run_address>
         <size>0x20e</size>
         <input_file_ref idref="fl-f6"/>
      </object_component>
      <object_component id="oc-225">
         <name>.debug_info</name>
         <load_address>0x112c5</load_address>
         <run_address>0x112c5</run_address>
         <size>0x157</size>
         <input_file_ref idref="fl-f6"/>
      </object_component>
      <object_component id="oc-17b">
         <name>.debug_info</name>
         <load_address>0x1141c</load_address>
         <run_address>0x1141c</run_address>
         <size>0x2c1</size>
         <input_file_ref idref="fl-f6"/>
      </object_component>
      <object_component id="oc-1af">
         <name>.debug_info</name>
         <load_address>0x116dd</load_address>
         <run_address>0x116dd</run_address>
         <size>0x23e</size>
         <input_file_ref idref="fl-f6"/>
      </object_component>
      <object_component id="oc-228">
         <name>.debug_info</name>
         <load_address>0x1191b</load_address>
         <run_address>0x1191b</run_address>
         <size>0x18b</size>
         <input_file_ref idref="fl-f6"/>
      </object_component>
      <object_component id="oc-258">
         <name>.debug_info</name>
         <load_address>0x11aa6</load_address>
         <run_address>0x11aa6</run_address>
         <size>0x212</size>
         <input_file_ref idref="fl-f7"/>
      </object_component>
      <object_component id="oc-3f1">
         <name>.debug_info</name>
         <load_address>0x11cb8</load_address>
         <run_address>0x11cb8</run_address>
         <size>0x8d</size>
      </object_component>
      <object_component id="oc-177">
         <name>.debug_line</name>
         <load_address>0x0</load_address>
         <run_address>0x0</run_address>
         <size>0x63</size>
         <input_file_ref idref="fl-2"/>
      </object_component>
      <object_component id="oc-f0">
         <name>.debug_line</name>
         <load_address>0x63</load_address>
         <run_address>0x63</run_address>
         <size>0xad</size>
         <input_file_ref idref="fl-2"/>
      </object_component>
      <object_component id="oc-77">
         <name>.debug_line</name>
         <load_address>0x110</load_address>
         <run_address>0x110</run_address>
         <size>0x69</size>
         <input_file_ref idref="fl-2"/>
      </object_component>
      <object_component id="oc-39">
         <name>.debug_line</name>
         <load_address>0x179</load_address>
         <run_address>0x179</run_address>
         <size>0x20</size>
         <input_file_ref idref="fl-2"/>
      </object_component>
      <object_component id="oc-c0">
         <name>.debug_line</name>
         <load_address>0x199</load_address>
         <run_address>0x199</run_address>
         <size>0x6d</size>
         <input_file_ref idref="fl-2"/>
      </object_component>
      <object_component id="oc-7c">
         <name>.debug_line</name>
         <load_address>0x206</load_address>
         <run_address>0x206</run_address>
         <size>0x6a</size>
         <input_file_ref idref="fl-2"/>
      </object_component>
      <object_component id="oc-255">
         <name>.debug_line</name>
         <load_address>0x270</load_address>
         <run_address>0x270</run_address>
         <size>0x64</size>
         <input_file_ref idref="fl-2"/>
      </object_component>
      <object_component id="oc-1aa">
         <name>.debug_line</name>
         <load_address>0x2d4</load_address>
         <run_address>0x2d4</run_address>
         <size>0x65</size>
         <input_file_ref idref="fl-2"/>
      </object_component>
      <object_component id="oc-22f">
         <name>.debug_line</name>
         <load_address>0x339</load_address>
         <run_address>0x339</run_address>
         <size>0x68</size>
         <input_file_ref idref="fl-3"/>
      </object_component>
      <object_component id="oc-231">
         <name>.debug_line</name>
         <load_address>0x3a1</load_address>
         <run_address>0x3a1</run_address>
         <size>0x2d</size>
         <input_file_ref idref="fl-3"/>
      </object_component>
      <object_component id="oc-d8">
         <name>.debug_line</name>
         <load_address>0x3ce</load_address>
         <run_address>0x3ce</run_address>
         <size>0xee</size>
         <input_file_ref idref="fl-3"/>
      </object_component>
      <object_component id="oc-251">
         <name>.debug_line</name>
         <load_address>0x4bc</load_address>
         <run_address>0x4bc</run_address>
         <size>0xb7</size>
         <input_file_ref idref="fl-5"/>
      </object_component>
      <object_component id="oc-24f">
         <name>.debug_line</name>
         <load_address>0x573</load_address>
         <run_address>0x573</run_address>
         <size>0x2c</size>
         <input_file_ref idref="fl-5"/>
      </object_component>
      <object_component id="oc-18a">
         <name>.debug_line</name>
         <load_address>0x59f</load_address>
         <run_address>0x59f</run_address>
         <size>0x45</size>
         <input_file_ref idref="fl-5"/>
      </object_component>
      <object_component id="oc-de">
         <name>.debug_line</name>
         <load_address>0x5e4</load_address>
         <run_address>0x5e4</run_address>
         <size>0x230</size>
         <input_file_ref idref="fl-5"/>
      </object_component>
      <object_component id="oc-1fe">
         <name>.debug_line</name>
         <load_address>0x814</load_address>
         <run_address>0x814</run_address>
         <size>0x108</size>
         <input_file_ref idref="fl-6"/>
      </object_component>
      <object_component id="oc-a3">
         <name>.debug_line</name>
         <load_address>0x91c</load_address>
         <run_address>0x91c</run_address>
         <size>0x143</size>
         <input_file_ref idref="fl-6"/>
      </object_component>
      <object_component id="oc-1df">
         <name>.debug_line</name>
[...]
         <name>__TI_prof_data_start</name>
         <value>0xffffffff</value>
      </symbol>
      <symbol id="sm-e">
         <name>__TI_prof_data_size</name>
         <value>0xffffffff</value>
      </symbol>
      <symbol id="sm-68">
         <name>init_ADC</name>
         <value>0x2b41</value>
         <object_component_ref idref="oc-eb"/>
      </symbol>
      <symbol id="sm-69">
         <name>get_sensor_reading</name>
         <value>0x2bc3</value>
         <object_component_ref idref="oc-eb"/>
      </symbol>
      <symbol id="sm-6a">
         <name>adc_read</name>
         <value>0x2beb</value>
         <object_component_ref idref="oc-eb"/>
      </symbol>
      <symbol id="sm-a1">
         <name>c</name>
         <value>0x200026a4</value>
      </symbol>
      <symbol id="sm-a2">
         <name>result</name>
         <value>0x20002684</value>
      </symbol>
      <symbol id="sm-a3">
         <name>uart_sendChar</name>
         <value>0x2dfd</value>
         <object_component_ref idref="oc-d3"/>
      </symbol>
      <symbol id="sm-a4">
         <name>My_UART1_Handler</name>
         <value>0x2d95</value>
         <object_component_ref idref="oc-d3"/>
      </symbol>
      <symbol id="sm-a5">
         <name>uart_init</name>
         <value>0x2ced</value>
         <object_component_ref idref="oc-d3"/>
      </symbol>
      <symbol id="sm-a6">
         <name>uart_interrupts_init</name>
         <value>0x2d61</value>
         <object_component_ref idref="oc-d3"/>
      </symbol>
      <symbol id="sm-a7">
         <name>uart_receive</name>
         <value>0x2ddf</value>
         <object_component_ref idref="oc-d3"/>
      </symbol>
      <symbol id="sm-a8">
         <name>count</name>
         <value>0x200026b8</value>
         <object_component_ref idref="oc-182"/>
      </symbol>
      <symbol id="sm-a9">
         <name>flag</name>
         <value>0x200026b4</value>
         <object_component_ref idref="oc-182"/>
      </symbol>
      <symbol id="sm-aa">
         <name>uart_sendStr</name>
         <value>0x2e19</value>
         <object_component_ref idref="oc-d3"/>
      </symbol>
      <symbol id="sm-fb">
         <name>lcd_banner_effect</name>
         <value>0x1fcd</value>
         <object_component_ref idref="oc-d9"/>
      </symbol>
      <symbol id="sm-fc">
         <name>lcd_rotatingBanner</name>
         <value>0x1f49</value>
         <object_component_ref idref="oc-d9"/>
      </symbol>
      <symbol id="sm-fd">
         <name>lcd_sendCommand</name>
         <value>0x1d8f</value>
         <object_component_ref idref="oc-d9"/>
      </symbol>
      <symbol id="sm-fe">
         <name>lcd_sendNibble</name>
         <value>0x1dcd</value>
         <object_component_ref idref="oc-d9"/>
      </symbol>
      <symbol id="sm-ff">
         <name>lcd_clear</name>
         <value>0x432f</value>
         <object_component_ref idref="oc-186"/>
      </symbol>
      <symbol id="sm-100">
         <name>lcd_printf</name>
         <value>0x1e77</value>
         <object_component_ref idref="oc-d9"/>
      </symbol>
      <symbol id="sm-101">
         <name>lcd_setCursorPos</name>
         <value>0x1e39</value>
         <object_component_ref idref="oc-d9"/>
      </symbol>
      <symbol id="sm-102">
         <name>lcd_init</name>
         <value>0x1c79</value>
         <object_component_ref idref="oc-d9"/>
      </symbol>
      <symbol id="sm-103">
         <name>lcd_puts</name>
         <value>0x1d71</value>
         <object_component_ref idref="oc-d9"/>
      </symbol>
      <symbol id="sm-104">
         <name>lcd_putc</name>
         <value>0x1d39</value>
         <object_component_ref idref="oc-d9"/>
      </symbol>
      <symbol id="sm-105">
         <name>lcd_gotoLine</name>
         <value>0x1e11</value>
         <object_component_ref idref="oc-d9"/>
      </symbol>
      <symbol id="sm-106">
         <name>length</name>
         <value>0x2007</value>
         <object_component_ref idref="oc-d9"/>
      </symbol>
      <symbol id="sm-13d">
         <name>PINGunder50</name>
         <value>0x20002590</value>
      </symbol>
      <symbol id="sm-13e">
         <name>PINGtemp</name>
         <value>0x20002270</value>
      </symbol>
      <symbol id="sm-13f">
         <name>main</name>
         <value>0x168d</value>
         <object_component_ref idref="oc-9f"/>
      </symbol>
      <symbol id="sm-18c">
         <name>state</name>
         <value>0x200026a5</value>
      </symbol>
      <symbol id="sm-18d">
         <name>OverFlow_ptr</name>
         <value>0x20002698</value>
      </symbol>
      <symbol id="sm-18e">
         <name>clockCycle_ptr</name>
         <value>0x2000269c</value>
      </symbol>
      <symbol id="sm-18f">
         <name>ping_read</name>
         <value>0x2383</value>
         <object_component_ref idref="oc-df"/>
      </symbol>
      <symbol id="sm-190">
         <name>add_ptrs</name>
         <value>0x24b1</value>
         <object_component_ref idref="oc-df"/>
      </symbol>
      <symbol id="sm-191">
         <name>start</name>
         <value>0x200026bc</value>
         <object_component_ref idref="oc-1b5"/>
      </symbol>
      <symbol id="sm-192">
         <name>ping_init</name>
         <value>0x22d5</value>
         <object_component_ref idref="oc-df"/>
      </symbol>
      <symbol id="sm-193">
         <name>end</name>
         <value>0x200026c0</value>
         <object_component_ref idref="oc-1b5"/>
      </symbol>
      <symbol id="sm-194">
         <name>ping_send</name>
         <value>0x240d</value>
         <object_component_ref idref="oc-df"/>
      </symbol>
      <symbol id="sm-195">
         <name>ping_interrupt_handler</name>
         <value>0x2469</value>
         <object_component_ref idref="oc-df"/>
      </symbol>
      <symbol id="sm-1d5">
         <name>matcher</name>
         <value>0x200026a0</value>
      </symbol>
      <symbol id="sm-1d6">
         <name>servo_move</name>
         <value>0x20cf</value>
         <object_component_ref idref="oc-e5"/>
      </symbol>
      <symbol id="sm-1d7">
         <name>servo_init</name>
         <value>0x203d</value>
         <object_component_ref idref="oc-e5"/>
      </symbol>
      <symbol id="sm-1d8">
         <name>servo_get_degree</name>
         <value>0x224f</value>
         <object_component_ref idref="oc-e5"/>
      </symbol>
      <symbol id="sm-1d9">
         <name>GPIO_portb_init</name>
         <value>0x20a5</value>
         <object_component_ref idref="oc-e5"/>
      </symbol>
      <symbol id="sm-1da">
         <name>clockwise</name>
         <value>0x200026b0</value>
         <object_component_ref idref="oc-11b"/>
      </symbol>
      <symbol id="sm-1db">
         <name>servo_button_press</name>
         <value>0x2125</value>
         <object_component_ref idref="oc-e5"/>
      </symbol>
      <symbol id="sm-1dc">
         <name>current_degree</name>
         <value>0x200026a8</value>
         <object_component_ref idref="oc-11b"/>
      </symbol>
      <symbol id="sm-1fd">
         <name>timer_startClock</name>
         <value>0x30b1</value>
         <object_component_ref idref="oc-f1"/>
      </symbol>
      <symbol id="sm-1fe">
         <name>timer_stopClock</name>
         <value>0x3103</value>
         <object_component_ref idref="oc-f1"/>
      </symbol>
      <symbol id="sm-1ff">
         <name>timer_getClock</name>
         <value>0x30fd</value>
         <object_component_ref idref="oc-f1"/>
      </symbol>
      <symbol id="sm-200">
         <name>timer_stopTimer</name>
         <value>0x309b</value>
         <object_component_ref idref="oc-f1"/>
      </symbol>
      <symbol id="sm-201">
         <name>timer_startTimer</name>
         <value>0x304b</value>
         <object_component_ref idref="oc-f1"/>
      </symbol>
      <symbol id="sm-202">
         <name>timer_waitMillis</name>
         <value>0x2fed</value>
         <object_component_ref idref="oc-f1"/>
      </symbol>
      <symbol id="sm-203">
         <name>timer_waitMicros</name>
         <value>0x3021</value>
         <object_component_ref idref="oc-f1"/>
      </symbol>
      <symbol id="sm-21f">
         <name>ResetISR</name>
         <value>0x4365</value>
         <object_component_ref idref="oc-27"/>
      </symbol>
      <symbol id="sm-220">
         <name>g_pfnVectors</name>
         <value>0x0</value>
         <object_component_ref idref="oc-f"/>
      </symbol>
      <symbol id="sm-2b5">
         <name>pow</name>
         <value>0xccd</value>
         <object_component_ref idref="oc-1ce"/>
      </symbol>
      <symbol id="sm-2b6">
         <name>powl</name>
         <value>0xccd</value>
         <object_component_ref idref="oc-1ce"/>
      </symbol>
      <symbol id="sm-2d8">
         <name>sqrtl</name>
         <value>0x2e95</value>
         <object_component_ref idref="oc-26a"/>
      </symbol>
      <symbol id="sm-2d9">
         <name>sqrt</name>
         <value>0x2e95</value>
         <object_component_ref idref="oc-26a"/>
      </symbol>
      <symbol id="sm-2f1">
         <name>roundl</name>
         <value>0x37dd</value>
         <object_component_ref idref="oc-1d4"/>
      </symbol>
      <symbol id="sm-2f2">
         <name>round</name>
         <value>0x37dd</value>
         <object_component_ref idref="oc-1d4"/>
      </symbol>
      <symbol id="sm-319">
         <name>scalbn</name>
         <value>0x34d9</value>
         <object_component_ref idref="oc-279"/>
      </symbol>
      <symbol id="sm-31a">
         <name>scalbnl</name>
         <value>0x34d9</value>
         <object_component_ref idref="oc-279"/>
      </symbol>
      <symbol id="sm-31b">
         <name>ldexpl</name>
         <value>0x34d9</value>
         <object_component_ref idref="oc-279"/>
      </symbol>
      <symbol id="sm-31c">
         <name>ldexp</name>
         <value>0x34d9</value>
         <object_component_ref idref="oc-279"/>
      </symbol>
      <symbol id="sm-332">
         <name>tanf</name>
         <value>0x3951</value>
         <object_component_ref idref="oc-12b"/>
      </symbol>
      <symbol id="sm-33c">
         <name>copysign</name>
         <value>0x42d1</value>
         <object_component_ref idref="oc-30e"/>
      </symbol>
      <symbol id="sm-33d">
         <name>copysignl</name>
         <value>0x42d1</value>
         <object_component_ref idref="oc-30e"/>
      </symbol>
      <symbol id="sm-354">
         <name>__aeabi_dsub</name>
         <value>0x2989</value>
         <object_component_ref idref="oc-106"/>
      </symbol>
      <symbol id="sm-355">
         <name>__aeabi_dadd</name>
         <value>0x2993</value>
         <object_component_ref idref="oc-106"/>
      </symbol>
      <symbol id="sm-377">
         <name>__aeabi_cdcmpeq</name>
         <value>0x3b2f</value>
         <object_component_ref idref="oc-f7"/>
      </symbol>
      <symbol id="sm-378">
         <name>__aeabi_cdcmple</name>
         <value>0x3b2f</value>
         <object_component_ref idref="oc-f7"/>
      </symbol>
      <symbol id="sm-379">
         <name>__aeabi_cdrcmple</name>
         <value>0x3bb5</value>
         <object_component_ref idref="oc-101"/>
      </symbol>
      <symbol id="sm-38d">
         <name>__aeabi_ddiv</name>
         <value>0x3281</value>
         <object_component_ref idref="oc-110"/>
      </symbol>
      <symbol id="sm-398">
         <name>__aeabi_dmul</name>
         <value>0x35e9</value>
         <object_component_ref idref="oc-121"/>
      </symbol>
      <symbol id="sm-3a2">
         <name>__aeabi_d2iz</name>
         <value>0x3fa5</value>
         <object_component_ref idref="oc-fc"/>
      </symbol>
      <symbol id="sm-3ae">
         <name>__aeabi_d2f</name>
         <value>0x3d23</value>
         <object_component_ref idref="oc-126"/>
      </symbol>
      <symbol id="sm-3b8">
         <name>__aeabi_d2uiz</name>
         <value>0x4031</value>
         <object_component_ref idref="oc-1c0"/>
      </symbol>
      <symbol id="sm-3c3">
         <name>__aeabi_f2d</name>
         <value>0x416d</value>
         <object_component_ref idref="oc-131"/>
      </symbol>
      <symbol id="sm-3cd">
         <name>__aeabi_i2d</name>
         <value>0x4209</value>
         <object_component_ref idref="oc-10b"/>
      </symbol>
      <symbol id="sm-3e8">
         <name>memcpy</name>
         <value>0x39fd</value>
         <object_component_ref idref="oc-3b"/>
      </symbol>
      <symbol id="sm-3e9">
         <name>__aeabi_memcpy</name>
         <value>0x39fd</value>
         <object_component_ref idref="oc-3b"/>
      </symbol>
      <symbol id="sm-3ea">
         <name>__aeabi_memcpy8</name>
         <value>0x39fd</value>
         <object_component_ref idref="oc-3b"/>
      </symbol>
      <symbol id="sm-3eb">
         <name>__aeabi_memcpy4</name>
         <value>0x39fd</value>
         <object_component_ref idref="oc-3b"/>
      </symbol>
      <symbol id="sm-3f5">
         <name>__aeabi_ui2d</name>
         <value>0x4237</value>
         <object_component_ref idref="oc-1c9"/>
      </symbol>
      <symbol id="sm-40c">
         <name>__TI_zero_init</name>
         <value>0x4359</value>
         <object_component_ref idref="oc-4d"/>
      </symbol>
      <symbol id="sm-423">
         <name>__TI_decompress_none</name>
         <value>0x433f</value>
         <object_component_ref idref="oc-18"/>
      </symbol>
      <symbol id="sm-446">
         <name>__TI_decompress_lzss</name>
         <value>0x3d91</value>
         <object_component_ref idref="oc-12"/>
      </symbol>
      <symbol id="sm-459">
         <name>__stack</name>
         <value>0x20000270</value>
         <object_component_ref idref="oc-21"/>
      </symbol>
      <symbol id="sm-45a">
         <name>_c_int00_noargs</name>
         <value>0x4135</value>
         <object_component_ref idref="oc-59"/>
      </symbol>
      <symbol id="sm-470">
         <name>__aeabi_errno_addr</name>
         <value>0x437d</value>
         <object_component_ref idref="oc-270"/>
      </symbol>
      <symbol id="sm-471">
         <name>errno</name>
         <value>0x200026c4</value>
         <object_component_ref idref="oc-307"/>
      </symbol>
      <symbol id="sm-47c">
         <name>C$$EXIT</name>
         <value>0x4389</value>
         <object_component_ref idref="oc-138"/>
      </symbol>
      <symbol id="sm-47d">
         <name>abort</name>
         <value>0x4389</value>
         <object_component_ref idref="oc-138"/>
      </symbol>
      <symbol id="sm-492">
         <name>_sys_memory</name>
         <value>0x20001270</value>
         <object_component_ref idref="oc-24"/>
      </symbol>
      <symbol id="sm-4bb">
         <name>sprintf</name>
         <value>0x4075</value>
         <object_component_ref idref="oc-115"/>
      </symbol>
      <symbol id="sm-4ca">
         <name>strcmp</name>
         <value>0x42a3</value>
         <object_component_ref idref="oc-193"/>
      </symbol>
      <symbol id="sm-4d8">
         <name>strcpy</name>
         <value>0x42e5</value>
         <object_component_ref idref="oc-199"/>
      </symbol>
      <symbol id="sm-502">
         <name>vsnprintf</name>
         <value>0x40b5</value>
         <object_component_ref idref="oc-18d"/>
      </symbol>
      <symbol id="sm-51f">
         <name>floorl</name>
         <value>0x36e5</value>
         <object_component_ref idref="oc-287"/>
      </symbol>
      <symbol id="sm-520">
         <name>floor</name>
         <value>0x36e5</value>
         <object_component_ref idref="oc-287"/>
      </symbol>
      <symbol id="sm-52f">
         <name>__aeabi_memset</name>
         <value>0x3c3d</value>
         <object_component_ref idref="oc-93"/>
      </symbol>
      <symbol id="sm-530">
         <name>memset</name>
         <value>0x3c43</value>
         <object_component_ref idref="oc-93"/>
      </symbol>
      <symbol id="sm-531">
         <name>__aeabi_memset8</name>
         <value>0x3c3d</value>
         <object_component_ref idref="oc-93"/>
      </symbol>
      <symbol id="sm-532">
         <name>__aeabi_memset4</name>
         <value>0x3c3d</value>
         <object_component_ref idref="oc-93"/>
      </symbol>
      <symbol id="sm-533">
         <name>__aeabi_memclr8</name>
         <value>0x3c3b</value>
         <object_component_ref idref="oc-93"/>
      </symbol>
      <symbol id="sm-534">
         <name>__aeabi_memclr4</name>
         <value>0x3c3b</value>
         <object_component_ref idref="oc-93"/>
      </symbol>
      <symbol id="sm-535">
         <name>__aeabi_memclr</name>
         <value>0x3c3b</value>
         <object_component_ref idref="oc-93"/>
      </symbol>
      <symbol id="sm-55d">
         <name>__TI_auto_init_nobinit_nopinit</name>
         <value>0x3fed</value>
         <object_component_ref idref="oc-144"/>
      </symbol>
      <symbol id="sm-567">
         <name>_system_pre_init</name>
         <value>0x4385</value>
         <object_component_ref idref="oc-99"/>
      </symbol>
      <symbol id="sm-6cd">
         <name>__TI_printfi</name>
         <value>0x26d</value>
         <object_component_ref idref="oc-1e7"/>
      </symbol>
      <symbol id="sm-6e3">
         <name>atoi</name>
         <value>0x3f59</value>
         <object_component_ref idref="oc-295"/>
      </symbol>
      <symbol id="sm-6ee">
         <name>_ctypes_</name>
         <value>0x4390</value>
         <object_component_ref idref="oc-328"/>
      </symbol>
      <symbol id="sm-6fd">
         <name>ltoa</name>
         <value>0x3eb3</value>
         <object_component_ref idref="oc-333"/>
      </symbol>
      <symbol id="sm-70d">
         <name>memccpy</name>
         <value>0x4257</value>
         <object_component_ref idref="oc-2b9"/>
      </symbol>
      <symbol id="sm-71d">
         <name>strchr</name>
         <value>0x42bb</value>
         <object_component_ref idref="oc-35a"/>
      </symbol>
      <symbol id="sm-72b">
         <name>strlen</name>
         <value>0x42f9</value>
         <object_component_ref idref="oc-28f"/>
      </symbol>
      <symbol id="sm-741">
         <name>frexpl</name>
         <value>0x3df9</value>
         <object_component_ref idref="oc-354"/>
      </symbol>
      <symbol id="sm-742">
         <name>frexp</name>
         <value>0x3df9</value>
         <object_component_ref idref="oc-354"/>
      </symbol>
      <symbol id="sm-75b">
         <name>wcslen</name>
         <value>0x430d</value>
         <object_component_ref idref="oc-2bf"/>
      </symbol>
      <symbol id="sm-768">
         <name>__aeabi_uldivmod</name>
         <value>0x3a99</value>
         <object_component_ref idref="oc-32d"/>
      </symbol>
      <symbol id="sm-772">
         <name>__aeabi_idiv0</name>
         <value>0xccb</value>
         <object_component_ref idref="oc-39c"/>
      </symbol>
      <symbol id="sm-773">
         <name>__aeabi_ldiv0</name>
         <value>0xccb</value>
         <object_component_ref idref="oc-39c"/>
      </symbol>
      <symbol id="sm-798">
         <name>IntRegister</name>
         <value>0x41a5</value>
         <object_component_ref idref="oc-178"/>
      </symbol>
      <symbol id="sm-799">
         <name>g_pfnRAMVectors</name>
         <value>0x20000000</value>
         <object_component_ref idref="oc-224"/>
      </symbol>
      <symbol id="sm-79a">
         <name>IntMasterEnable</name>
         <value>0x431f</value>
         <object_component_ref idref="oc-1ac"/>
      </symbol>
      <symbol id="sm-7a4">
         <name>CPUcpsie</name>
         <value>0x434d</value>
         <object_component_ref idref="oc-257"/>
      </symbol>
      <symbol id="sm-7a5">
         <name>__TI_static_base__</name>
         <value>0x0</value>
      </symbol>
      <symbol id="sm-7a8">
         <name>__mpu_init</name>
         <value>0x0</value>
      </symbol>
      <symbol id="sm-7a9">
         <name>_system_post_cinit</name>
         <value>0x0</value>
      </symbol>
   </symbol_table>
   <title>Link successful</title>
</link_info>
